
> green-ledger-tr@1.0.0 build
> next build

node.exe : ÔÜá Invalid next.config.ts options
 detected: 
At line:1 char:1
+ & "C:\Program Files\nodejs/node.exe" "C:\Pr
ogram Files\nodejs/node_mo ...
+ ~~~~~~~~~~~~~~~~~~~~~~~~~~~~~~~~~~~~~~~~~~~
~~~~~~~~~~~~~~~~~~~~~~~~~~
    + CategoryInfo          : NotSpecified:  
   (ÔÜá Invalid nex...ions detected: :Strin  
  g) [], RemoteException
    + FullyQualifiedErrorId : NativeCommandE 
   rror
 
ÔÜá     Unrecognized key(s) in object: 'swcMi
nify'
ÔÜá See more info here: https://nextjs.org/do
cs/messages/invalid-next-config
Ôû▓ Next.js 16.1.4 (Turbopack)
- Environments: .env

ÔÜá The "middleware" file convention is depre
cated. Please use "proxy" instead. Learn more
: https://nextjs.org/docs/messages/middleware
-to-proxy
  Creating an optimized production build ...

> Build error occurred
Error: Turbopack build failed with 13 errors:
./prisma/generated/central-client/runtime/was
m-engine-edge.js:16:14435
Ecmascript file had an error
[0m [90m 14 |[39m [32mIn Cloudflare modul
e Workers, environment variables are availabl
e only in the Worker's \`env\` parameter of \
`fetch\`.[39m
 [90m 15 |[39m [32mTo solve this, provide 
the connection string directly: https://pris.
ly/d/cloudflare-datasource-url`[39m[33m,[3
9mn)[33m:[39m[36mnew[39m [33mM[39m([32
m`error: Environment variable not found: ${s.
fromEnvVar}.`[39m[33m,[39mn)[33m;[39m[3
6mif[39m(i[33m===[39m[36mvoid[39m [35m0
[39m)[36mthrow[39m [36mnew[39m [33mM[3
9m([32m"error: Missing URL environment varia
ble, value, or override."[39m[33m,[39mn)[
33m;[39m[36mreturn[39m i}u()[33m;[39mc()
[33m;[39mp()[33m;[39mm()[33m;[39md()[3
3m;[39ml()[33m;[39mu()[33m;[39mc()[33m;
[39mp()[33m;[39mm()[33m;[39md()[33m;[3
9ml()[33m;[39mu()[33m;[39mc()[33m;[39mp
()[33m;[39mm()[33m;[39md()[33m;[39ml()
[33m;[39m[36mvar[39m [33mBr[39m[33m=[3
9m[36mclass[39m [36mextends[39m [33mErro
r[39m{clientVersion[33m;[39mcause[33m;[3
9mconstructor(e[33m,[39mr){[36msuper[39m(
e)[33m,[39m[36mthis[39m[33m.[39mclientV
ersion[33m=[39mr[33m.[39mclientVersion[3
3m,[39m[36mthis[39m[33m.[39mcause[33m=
[39mr[33m.[39mcause}[36mget[39m[[33mSymb
ol[39m[33m.[39mtoStringTag](){[36mreturn
[39m [36mthis[39m[33m.[39mname}}[33m;[3
9m[36mvar[39m ie[33m=[39m[36mclass[39m 
[36mextends[39m [33mBr[39m{isRetryable[3
3m;[39mconstructor(e[33m,[39mr){[36msuper
[39m(e[33m,[39mr)[33m,[39m[36mthis[39m
[33m.[39misRetryable[33m=[39mr[33m.[39m
isRetryable[33m?[39m[33m?[39m[33m![39m
[35m0[39m}}[33m;[39mu()[33m;[39mc()[33m
;[39mp()[33m;[39mm()[33m;[39md()[33m;[
39ml()[33m;[39m[36mfunction[39m _(t[33m,
[39me){[36mreturn[39m{[33m...[39mt[33m,
[39misRetryable[33m:[39me}}[36mvar[39m 
[33mUe[39m[33m=[39m[36mclass[39m [36mex
tends[39m ie{name[33m=[39m[32m"InvalidDat
asourceError"[39m[33m;[39mcode[33m=[39m
[32m"P6001"[39m[33m;[39mconstructor(e[33m
,[39mr){[36msuper[39m(e[33m,[39m_(r[33m
,[39m[33m![39m[35m1[39m))}}[33m;[39m[
33mO[39m([33mUe[39m[33m,[39m[32m"Invali
dDatasourceError"[39m)[33m;[39m[36mfuncti
on[39m zo(t){[36mlet[39m e[33m=[39m{clie
ntVersion[33m:[39mt[33m.[39mclientVersion
}[33m,[39mr[33m=[39m[33mObject[39m[33m
.[39mkeys(t[33m.[39minlineDatasources)[[3
5m0[39m][33m,[39mn[33m=[39mct({inlineDat
asources[33m:[39mt[33m.[39minlineDatasour
ces[33m,[39moverrideDatasources[33m:[39mt
[33m.[39moverrideDatasources[33m,[39mclie
ntVersion[33m:[39mt[33m.[39mclientVersion
[33m,[39menv[33m:[39m{[33m...[39mt[33m
.[39menv[33m,[39m[33m...[39m[36mtypeof
[39m g[33m<[39m[32m"u"[39m[33m?[39mg[3
3m.[39menv[33m:[39m{}}})[33m,[39mi[33m;
[39m[36mtry[39m{i[33m=[39m[36mnew[39m 
[33mURL[39m(n)}[36mcatch[39m{[36mthrow[
39m [36mnew[39m [33mUe[39m([32m`Error va
lidating datasource \`${r}\`: the URL must st
art with the protocol \`prisma://\``[39m[33
m,[39me)}[36mlet[39m{protocol[33m:[39mo
[33m,[39msearchParams[33m:[39ms}[33m=[39
mi[33m;[39m[36mif[39m(o[33m!==[39m[32m
"prisma:"[39m[33m&&[39mo[33m!==[39mfr)[
36mthrow[39m [36mnew[39m [33mUe[39m([32
m`Error validating datasource \`${r}\`: the U
RL must start with the protocol \`prisma://\`
 or \`prisma+postgres://\``[39m[33m,[39me)
[33m;[39m[36mlet[39m a[33m=[39ms[33m.
[39m[36mget[39m([32m"api_key"[39m)[33m;
[39m[36mif[39m(a[33m===[39m[36mnull[39m
[33m||[39ma[33m.[39mlength[33m<[39m[35
m1[39m)[36mthrow[39m [36mnew[39m [33mUe
[39m([32m`Error validating datasource \`${r
}\`: the URL must contain a valid API key`[3
9m[33m,[39me)[33m;[39m[36mlet[39m f[33
m=[39mcn(i)[33m?[39m[32m"http:"[39m[33m
:[39m[32m"https:"[39m[33m;[39mg[33m.[3
9menv[33m.[39m[33mTEST_CLIENT_ENGINE_REMOT
E_EXECUTOR[39m[33m&&[39mi[33m.[39msearch
Params[33m.[39mhas([32m"use_http"[39m)[3
3m&&[39m(f[33m=[39m[32m"http:"[39m)[33m
;[39m[36mlet[39m v[33m=[39m[36mnew[39m
 [33mURL[39m(i[33m.[39mhref[33m.[39mrep
lace(o[33m,[39mf))[33m;[39m[36mreturn[3
9m{apiKey[33m:[39ma[33m,[39murl[33m:[39
mv}}u()[33m;[39mc()[33m;[39mp()[33m;[39
mm()[33m;[39md()[33m;[39ml()[33m;[39m[
36mvar[39m [33mYo[39m[33m=[39mbt([33mDi
[39m())[33m,[39m$r[33m=[39m[36mclass[3
9m{apiKey[33m;[39mtracingHelper[33m;[39ml
ogLevel[33m;[39mlogQueries[33m;[39mengine
Hash[33m;[39mconstructor({apiKey[33m:[39m
e[33m,[39mtracingHelper[33m:[39mr[33m,[
39mlogLevel[33m:[39mn[33m,[39mlogQueries
[33m:[39mi[33m,[39mengineHash[33m:[39mo}
){[36mthis[39m[33m.[39mapiKey[33m=[39me
[33m,[39m[36mthis[39m[33m.[39mtracingHe
lper[33m=[39mr[33m,[39m[36mthis[39m[33
m.[39mlogLevel[33m=[39mn[33m,[39m[36mth
is[39m[33m.[39mlogQueries[33m=[39mi[33m
,[39m[36mthis[39m[33m.[39mengineHash[33
m=[39mo}build({traceparent[33m:[39me[33m,
[39mtransactionId[33m:[39mr}[33m=[39m{})
{[36mlet[39m n[33m=[39m{[33mAccept[39m
[33m:[39m[32m"application/json"[39m[33m,
[39m[33mAuthorization[39m[33m:[39m[32m`B
earer ${this.apiKey}`[39m[33m,[39m[32m"Co
ntent-Type"[39m[33m:[39m[32m"application/
json"[39m[33m,[39m[32m"Prisma-Engine-Hash
"[39m[33m:[39m[36mthis[39m[33m.[39meng
ineHash[33m,[39m[32m"Prisma-Engine-Version
"[39m[33m:[39m[33mYo[39m[33m.[39mengin
esVersion}[33m;[39m[36mthis[39m[33m.[39
mtracingHelper[33m.[39misEnabled()[33m&&[
39m(n[33m.[39mtraceparent[33m=[39me[33m?
[39m[33m?[39m[36mthis[39m[33m.[39mtrac
ingHelper[33m.[39mgetTraceParent())[33m,[
39mr[33m&&[39m(n[[32m"X-Transaction-Id"[3
9m][33m=[39mr)[33m;[39m[36mlet[39m i[3
3m=[39m[36mthis[39m[33m.[39m[33m#[39me
()[33m;[39m[36mreturn[39m i[33m.[39mlen
gth[33m>[39m[35m0[39m[33m&&[39m(n[[32m
"X-Capture-Telemetry"[39m][33m=[39mi[33m.
[39mjoin([32m", "[39m))[33m,[39mn}[33m#
[39me(){[36mlet[39m e[33m=[39m[][33m;[
39m[36mreturn[39m [36mthis[39m[33m.[39m
tracingHelper[33m.[39misEnabled()[33m&&[3
9me[33m.[39mpush([32m"tracing"[39m)[33m,
[39m[36mthis[39m[33m.[39mlogLevel[33m&&
[39me[33m.[39mpush([36mthis[39m[33m.[3
9mlogLevel)[33m,[39m[36mthis[39m[33m.[3
9mlogQueries[33m&&[39me[33m.[39mpush([32
m"query"[39m)[33m,[39me}}[33m;[39mu()[3
3m;[39mc()[33m;[39mp()[33m;[39mm()[33m;
[39md()[33m;[39ml()[33m;[39m[36mfunctio
n[39m hu(t){[36mreturn[39m t[[35m0[39m]
[33m*[39m[35m1e3[39m[33m+[39mt[[35m1[3
9m][33m/[39m[35m1e6[39m}[36mfunction[39
m _n(t){[36mreturn[39m [36mnew[39m [33mD
ate[39m(hu(t))}u()[33m;[39mc()[33m;[39mp
()[33m;[39mm()[33m;[39md()[33m;[39ml()
[33m;[39mu()[33m;[39mc()[33m;[39mp()[33
m;[39mm()[33m;[39md()[33m;[39ml()[33m;
[39m[36mvar[39m pt[33m=[39m[36mclass[39
m [36mextends[39m ie{name[33m=[39m[32m"F
orcedRetryError"[39m[33m;[39mcode[33m=[3
9m[32m"P5001"[39m[33m;[39mconstructor(e){
[36msuper[39m([32m"This request must be re
tried"[39m[33m,[39m_(e[33m,[39m[33m![3
9m[35m0[39m))}}[33m;[39m[33mO[39m(pt[3
3m,[39m[32m"ForcedRetryError"[39m)[33m;[
39mu()[33m;[39mc()[33m;[39mp()[33m;[39m
m()[33m;[39md()[33m;[39ml()[33m;[39m[3
6mvar[39m qe[33m=[39m[36mclass[39m [36m
extends[39m ie{name[33m=[39m[32m"NotImple
mentedYetError"[39m[33m;[39mcode[33m=[39
m[32m"P5004"[39m[33m;[39mconstructor(e[3
3m,[39mr){[36msuper[39m(e[33m,[39m_(r[3
3m,[39m[33m![39m[35m1[39m))}}[33m;[39m
[33mO[39m(qe[33m,[39m[32m"NotImplemented
YetError"[39m)[33m;[39mu()[33m;[39mc()[
33m;[39mp()[33m;[39mm()[33m;[39md()[33m
;[39ml()[33m;[39mu()[33m;[39mc()[33m;[
39mp()[33m;[39mm()[33m;[39md()[33m;[39m
l()[33m;[39m[36mvar[39m [33mV[39m[33m=
[39m[36mclass[39m [36mextends[39m ie{res
ponse[33m;[39mconstructor(e[33m,[39mr){[
36msuper[39m(e[33m,[39mr)[33m,[39m[36mt
his[39m[33m.[39mresponse[33m=[39mr[33m.
[39mresponse[33m;[39m[36mlet[39m n[33m=
[39m[36mthis[39m[33m.[39mresponse[33m.
[39mheaders[33m.[39m[36mget[39m([32m"pri
sma-request-id"[39m)[33m;[39m[36mif[39m(
n){[36mlet[39m i[33m=[39m[32m`(The reque
st id was: ${n})`[39m[33m;[39m[36mthis[3
9m[33m.[39mmessage[33m=[39m[36mthis[39m
[33m.[39mmessage[33m+[39m[32m" "[39m[3
3m+[39mi}}}[33m;[39m[36mvar[39m [33mVe
[39m[33m=[39m[36mclass[39m [36mextends[
39m [33mV[39m{name[33m=[39m[32m"SchemaMi
ssingError"[39m[33m;[39mcode[33m=[39m[3
2m"P5005"[39m[33m;[39mconstructor(e){[36m
super[39m([32m"Schema needs to be uploaded"
[39m[33m,[39m_(e[33m,[39m[33m![39m[35
m0[39m))}}[33m;[39m[33mO[39m([33mVe[39
m[33m,[39m[32m"SchemaMissingError"[39m)[
33m;[39mu()[33m;[39mc()[33m;[39mp()[33m
;[39mm()[33m;[39md()[33m;[39ml()[33m;[
39mu()[33m;[39mc()[33m;[39mp()[33m;[39m
m()[33m;[39md()[33m;[39ml()[33m;[39m[3
6mvar[39m [33mMn[39m[33m=[39m[32m"This 
request could not be understood by the server
"[39m[33m,[39m[33mVt[39m[33m=[39m[36m
class[39m [36mextends[39m [33mV[39m{name
[33m=[39m[32m"BadRequestError"[39m[33m;
[39mcode[33m=[39m[32m"P5000"[39m[33m;[3
9mconstructor(e[33m,[39mr[33m,[39mn){[36
msuper[39m(r[33m||[39m[33mMn[39m[33m,[
39m_(e[33m,[39m[33m![39m[35m1[39m))[33
m,[39mn[33m&&[39m([36mthis[39m[33m.[39
mcode[33m=[39mn)}}[33m;[39m[33mO[39m([
33mVt[39m[33m,[39m[32m"BadRequestError"[
39m)[33m;[39mu()[33m;[39mc()[33m;[39mp(
)[33m;[39mm()[33m;[39md()[33m;[39ml()[
33m;[39m[36mvar[39m [33mBt[39m[33m=[39
m[36mclass[39m [36mextends[39m [33mV[39
m{name[33m=[39m[32m"HealthcheckTimeoutErro
r"[39m[33m;[39mcode[33m=[39m[32m"P5013"
[39m[33m;[39mlogs[33m;[39mconstructor(e
[33m,[39mr){[36msuper[39m([32m"Engine not
 started: healthcheck timeout"[39m[33m,[39
m_(e[33m,[39m[33m![39m[35m0[39m))[33m,
[39m[36mthis[39m[33m.[39mlogs[33m=[39m
r}}[33m;[39m[33mO[39m([33mBt[39m[33m,
[39m[32m"HealthcheckTimeoutError"[39m)[33m
;[39mu()[33m;[39mc()[33m;[39mp()[33m;[
39mm()[33m;[39md()[33m;[39ml()[33m;[39m
[36mvar[39m $t[33m=[39m[36mclass[39m [
36mextends[39m [33mV[39m{name[33m=[39m[
32m"EngineStartupError"[39m[33m;[39mcode[
33m=[39m[32m"P5014"[39m[33m;[39mlogs[33
m;[39mconstructor(e[33m,[39mr[33m,[39mn)
{[36msuper[39m(r[33m,[39m_(e[33m,[39m[
33m![39m[35m0[39m))[33m,[39m[36mthis[3
9m[33m.[39mlogs[33m=[39mn}}[33m;[39m[3
3mO[39m($t[33m,[39m[32m"EngineStartupErro
r"[39m)[33m;[39mu()[33m;[39mc()[33m;[3
9mp()[33m;[39mm()[33m;[39md()[33m;[39ml
()[33m;[39m[36mvar[39m jt[33m=[39m[36m
class[39m [36mextends[39m [33mV[39m{name
[33m=[39m[32m"EngineVersionNotSupportedErr
or"[39m[33m;[39mcode[33m=[39m[32m"P5012
"[39m[33m;[39mconstructor(e){[36msuper[3
9m([32m"Engine version is not supported"[39
m[33m,[39m_(e[33m,[39m[33m![39m[35m1[
39m))}}[33m;[39m[33mO[39m(jt[33m,[39m[
32m"EngineVersionNotSupportedError"[39m)[33
m;[39mu()[33m;[39mc()[33m;[39mp()[33m;
[39mm()[33m;[39md()[33m;[39ml()[33m;[39
m[36mvar[39m [33mLn[39m[33m=[39m[32m"R
equest timed out"[39m[33m,[39m[33mQt[39m
[33m=[39m[36mclass[39m [36mextends[39m 
[33mV[39m{name[33m=[39m[32m"GatewayTimeo
utError"[39m[33m;[39mcode[33m=[39m[32m"
P5009"[39m[33m;[39mconstructor(e[33m,[39
mr[33m=[39m[33mLn[39m){[36msuper[39m(r
[33m,[39m_(e[33m,[39m[33m![39m[35m1[39
m))}}[33m;[39m[33mO[39m([33mQt[39m[33m
,[39m[32m"GatewayTimeoutError"[39m)[33m;
[39mu()[33m;[39mc()[33m;[39mp()[33m;[39
mm()[33m;[39md()[33m;[39ml()[33m;[39m[
36mvar[39m bu[33m=[39m[32m"Interactive tr
ansaction error"[39m[33m,[39m[33mGt[39m
[33m=[39m[36mclass[39m [36mextends[39m 
[33mV[39m{name[33m=[39m[32m"InteractiveTr
ansactionError"[39m[33m;[39mcode[33m=[39
m[32m"P5015"[39m[33m;[39mconstructor(e[3
3m,[39mr[33m=[39mbu){[36msuper[39m(r[33
m,[39m_(e[33m,[39m[33m![39m[35m1[39m))
}}[33m;[39m[33mO[39m([33mGt[39m[33m,[
39m[32m"InteractiveTransactionError"[39m)[
33m;[39mu()[33m;[39mc()[33m;[39mp()[33m
;[39mm()[33m;[39md()[33m;[39ml()[33m;[
39m[36mvar[39m [33mEu[39m[33m=[39m[32m
"Request parameters are invalid"[39m[33m,[
39m[33mJt[39m[33m=[39m[36mclass[39m [3
6mextends[39m [33mV[39m{name[33m=[39m[3
2m"InvalidRequestError"[39m[33m;[39mcode[
33m=[39m[32m"P5011"[39m[33m;[39mconstruc
tor(e[33m,[39mr[33m=[39m[33mEu[39m){[3
6msuper[39m(r[33m,[39m_(e[33m,[39m[33m!
[39m[35m1[39m))}}[33m;[39m[33mO[39m([
33mJt[39m[33m,[39m[32m"InvalidRequestErro
r"[39m)[33m;[39mu()[33m;[39mc()[33m;[3
9mp()[33m;[39mm()[33m;[39md()[33m;[39ml
()[33m;[39m[36mvar[39m [33mFn[39m[33m=
[39m[32m"Requested resource does not exist"
[39m[33m,[39m[33mWt[39m[33m=[39m[36mc
lass[39m [36mextends[39m [33mV[39m{name
[33m=[39m[32m"NotFoundError"[39m[33m;[39
mcode[33m=[39m[32m"P5003"[39m[33m;[39mc
onstructor(e[33m,[39mr[33m=[39m[33mFn[3
9m){[36msuper[39m(r[33m,[39m_(e[33m,[39
m[33m![39m[35m1[39m))}}[33m;[39m[33mO
[39m([33mWt[39m[33m,[39m[32m"NotFoundErr
or"[39m)[33m;[39mu()[33m;[39mc()[33m;[
39mp()[33m;[39mm()[33m;[39md()[33m;[39m
l()[33m;[39m[36mvar[39m [33mNn[39m[33m
=[39m[32m"Unknown server error"[39m[33m,
[39mmt[33m=[39m[36mclass[39m [36mextends
[39m [33mV[39m{name[33m=[39m[32m"Server
Error"[39m[33m;[39mcode[33m=[39m[32m"P5
006"[39m[33m;[39mlogs[33m;[39mconstructo
r(e[33m,[39mr[33m,[39mn){[36msuper[39m(
r[33m||[39m[33mNn[39m[33m,[39m_(e[33m,
[39m[33m![39m[35m0[39m))[33m,[39m[36m
this[39m[33m.[39mlogs[33m=[39mn}}[33m;
[39m[33mO[39m(mt[33m,[39m[32m"ServerErro
r"[39m)[33m;[39mu()[33m;[39mc()[33m;[3
9mp()[33m;[39mm()[33m;[39md()[33m;[39ml
()[33m;[39m[36mvar[39m [33mUn[39m[33m=
[39m[32m"Unauthorized, check your connectio
n string"[39m[33m,[39m[33mKt[39m[33m=[
39m[36mclass[39m [36mextends[39m [33mV[
39m{name[33m=[39m[32m"UnauthorizedError"[
39m[33m;[39mcode[33m=[39m[32m"P5007"[39
m[33m;[39mconstructor(e[33m,[39mr[33m=[
39m[33mUn[39m){[36msuper[39m(r[33m,[39m
_(e[33m,[39m[33m![39m[35m1[39m))}}[33m
;[39m[33mO[39m([33mKt[39m[33m,[39m[32
m"UnauthorizedError"[39m)[33m;[39mu()[33m
;[39mc()[33m;[39mp()[33m;[39mm()[33m;[
39md()[33m;[39ml()[33m;[39m[36mvar[39m 
qn[33m=[39m[32m"Usage exceeded, retry agai
n later"[39m[33m,[39m[33mHt[39m[33m=[3
9m[36mclass[39m [36mextends[39m [33mV[3
9m{name[33m=[39m[32m"UsageExceededError"[
39m[33m;[39mcode[33m=[39m[32m"P5008"[39
m[33m;[39mconstructor(e[33m,[39mr[33m=[
39mqn){[36msuper[39m(r[33m,[39m_(e[33m,
[39m[33m![39m[35m0[39m))}}[33m;[39m[33
mO[39m([33mHt[39m[33m,[39m[32m"UsageExc
eededError"[39m)[33m;[39m[36masync[39m 
[36mfunction[39m wu(t){[36mlet[39m e[33m;
[39m[36mtry[39m{e[33m=[39m[36mawait[39
m t[33m.[39mtext()}[36mcatch[39m{[36mret
urn[39m{type[33m:[39m[32m"EmptyError"[39
m}}[36mtry[39m{[36mlet[39m r[33m=[39m[
33mJSON[39m[33m.[39mparse(e)[33m;[39m[3
6mif[39m([36mtypeof[39m r[33m==[39m[32m
"string"[39m)[36mswitch[39m(r){[36mcase[
39m[32m"InternalDataProxyError"[39m[33m:[
39m[36mreturn[39m{type[33m:[39m[32m"Data
ProxyError"[39m[33m,[39mbody[33m:[39mr}
[33m;[39m[36mdefault[39m[33m:[39m[36mre
turn[39m{type[33m:[39m[32m"UnknownTextErr
or"[39m[33m,[39mbody[33m:[39mr}}[36mif
[39m([36mtypeof[39m r[33m==[39m[32m"obje
ct"[39m[33m&&[39mr[33m!==[39m[36mnull[
39m){[36mif[39m([32m"is_panic"[39m[36min
[39m r[33m&&[39m[32m"message"[39m[36min
[39m r[33m&&[39m[32m"error_code"[39m[36
min[39m r)[36mreturn[39m{type[33m:[39m[
32m"QueryEngineError"[39m[33m,[39mbody[33
m:[39mr}[33m;[39m[36mif[39m([32m"Engine
NotStarted"[39m[36min[39m r[33m||[39m[3
2m"InteractiveTransactionMisrouted"[39m[36m
in[39m r[33m||[39m[32m"InvalidRequestErro
r"[39m[36min[39m r){[36mlet[39m n[33m=
[39m[33mObject[39m[33m.[39mvalues(r)[[35
m0[39m][33m.[39mreason[33m;[39m[36mretu
rn[39m [36mtypeof[39m n[33m==[39m[32m"s
tring"[39m[33m&&[39m[33m![39m[[32m"Sche
maMissing"[39m[33m,[39m[32m"EngineVersion
NotSupported"[39m][33m.[39mincludes(n)[33
m?[39m{type[33m:[39m[32m"UnknownJsonError
"[39m[33m,[39mbody[33m:[39mr}[33m:[39m
{type[33m:[39m[32m"DataProxyError"[39m[3
3m,[39mbody[33m:[39mr}}}[36mreturn[39m{t
ype[33m:[39m[32m"UnknownJsonError"[39m[3
3m,[39mbody[33m:[39mr}}[36mcatch[39m{[3
6mreturn[39m e[33m===[39m[32m""[39m[33m
?[39m{type[33m:[39m[32m"EmptyError"[39m}
[33m:[39m{type[33m:[39m[32m"UnknownTextE
rror"[39m[33m,[39mbody[33m:[39me}}}[36m
async[39m [36mfunction[39m zt(t[33m,[39m
e){[36mif[39m(t[33m.[39mok)[36mreturn[3
9m[33m;[39m[36mlet[39m r[33m=[39m{clien
tVersion[33m:[39me[33m,[39mresponse[33m:
[39mt}[33m,[39mn[33m=[39m[36mawait[39m
 wu(t)[33m;[39m[36mif[39m(n[33m.[39mtyp
e[33m===[39m[32m"QueryEngineError"[39m)[
36mthrow[39m [36mnew[39m [33mX[39m(n[33
m.[39mbody[33m.[39mmessage[33m,[39m{code
[33m:[39mn[33m.[39mbody[33m.[39merror_c
ode[33m,[39mclientVersion[33m:[39me})[33
m;[39m[36mif[39m(n[33m.[39mtype[33m===
[39m[32m"DataProxyError"[39m){[36mif[39m(
n[33m.[39mbody[33m===[39m[32m"InternalDa
taProxyError"[39m)[36mthrow[39m [36mnew[
39m mt(r[33m,[39m[32m"Internal Data Proxy 
error"[39m)[33m;[39m[36mif[39m([32m"Eng
ineNotStarted"[39m[36min[39m n[33m.[39mb
ody){[36mif[39m(n[33m.[39mbody[33m.[39m
[33mEngineNotStarted[39m[33m.[39mreason[
33m===[39m[32m"SchemaMissing"[39m)[36mret
urn[39m [36mnew[39m [33mVe[39m(r)[33m;
[39m[36mif[39m(n[33m.[39mbody[33m.[39m
[33mEngineNotStarted[39m[33m.[39mreason[3
3m===[39m[32m"EngineVersionNotSupported"[3
9m)[36mthrow[39m [36mnew[39m jt(r)[33m;
[39m[36mif[39m([32m"EngineStartupError"[3
9m[36min[39m n[33m.[39mbody[33m.[39m[3
3mEngineNotStarted[39m[33m.[39mreason){[3
6mlet[39m{msg[33m:[39mi[33m,[39mlogs[33
m:[39mo}[33m=[39mn[33m.[39mbody[33m.[3
9m[33mEngineNotStarted[39m[33m.[39mreason
[33m.[39m[33mEngineStartupError[39m[33m;
[39m[36mthrow[39m [36mnew[39m $t(r[33m,
[39mi[33m,[39mo)}[36mif[39m([32m"KnownE
ngineStartupError"[39m[36min[39m n[33m.[
39mbody[33m.[39m[33mEngineNotStarted[39m
[33m.[39mreason){[36mlet[39m{msg[33m:[39
mi[33m,[39merror_code[33m:[39mo}[33m=[3
9mn[33m.[39mbody[33m.[39m[33mEngineNotSt
arted[39m[33m.[39mreason[33m.[39m[33mKn
ownEngineStartupError[39m[33m;[39m[36mthr
ow[39m [36mnew[39m [33mM[39m(i[33m,[39
me[33m,[39mo)}[36mif[39m([32m"Healthchec
kTimeout"[39m[36min[39m n[33m.[39mbody[
33m.[39m[33mEngineNotStarted[39m[33m.[39
mreason){[36mlet[39m{logs[33m:[39mi}[33m
=[39mn[33m.[39mbody[33m.[39m[33mEngineN
otStarted[39m[33m.[39mreason[33m.[39m[3
3mHealthcheckTimeout[39m[33m;[39m[36mthro
w[39m [36mnew[39m [33mBt[39m(r[33m,[39
mi)}}[36mif[39m([32m"InteractiveTransactio
nMisrouted"[39m[36min[39m n[33m.[39mbody
){[36mlet[39m i[33m=[39m{[33mIDParseErro
r[39m[33m:[39m[32m"Could not parse intera
ctive transaction ID"[39m[33m,[39m[33mNoQ
ueryEngineFoundError[39m[33m:[39m[32m"Cou
ld not find Query Engine for the specified ho
st and transaction ID"[39m[33m,[39m[33mTr
ansactionStartError[39m[33m:[39m[32m"Coul
d not start interactive transaction"[39m}[3
3m;[39m[36mthrow[39m [36mnew[39m [33mGt
[39m(r[33m,[39mi[n[33m.[39mbody[33m.[3
9m[33mInteractiveTransactionMisrouted[39m[
33m.[39mreason])}[36mif[39m([32m"InvalidR
equestError"[39m[36min[39m n[33m.[39mbod
y)[36mthrow[39m [36mnew[39m [33mJt[39m(
r[33m,[39mn[33m.[39mbody[33m.[39m[33mI
nvalidRequestError[39m[33m.[39mreason)}[3
6mif[39m(t[33m.[39mstatus[33m===[39m[35
m401[39m[33m||[39mt[33m.[39mstatus[33m=
==[39m[35m403[39m)[36mthrow[39m [36mnew
[39m [33mKt[39m(r[33m,[39mdt([33mUn[39
m[33m,[39mn))[33m;[39m[36mif[39m(t[33m
.[39mstatus[33m===[39m[35m404[39m)[36mr
eturn[39m [36mnew[39m [33mWt[39m(r[33m,
[39mdt([33mFn[39m[33m,[39mn))[33m;[39m
[36mif[39m(t[33m.[39mstatus[33m===[39m
[35m429[39m)[36mthrow[39m [36mnew[39m [
33mHt[39m(r[33m,[39mdt(qn[33m,[39mn))[3
3m;[39m[36mif[39m(t[33m.[39mstatus[33m=
==[39m[35m504[39m)[36mthrow[39m [36mnew
[39m [33mQt[39m(r[33m,[39mdt([33mLn[39
m[33m,[39mn))[33m;[39m[36mif[39m(t[33m
.[39mstatus[33m>=[39m[35m500[39m)[36mth
row[39m [36mnew[39m mt(r[33m,[39mdt([33
mNn[39m[33m,[39mn))[33m;[39m[36mif[39m
(t[33m.[39mstatus[33m>=[39m[35m400[39m)
[36mthrow[39m [36mnew[39m [33mVt[39m(r
[33m,[39mdt([33mMn[39m[33m,[39mn))}[36m
function[39m dt(t[33m,[39me){[36mreturn[
39m e[33m.[39mtype[33m===[39m[32m"EmptyE
rror"[39m[33m?[39mt[33m:[39m[32m`${t}: 
${JSON.stringify(e)}`[39m}u()[33m;[39mc()
[33m;[39mp()[33m;[39mm()[33m;[39md()[33
m;[39ml()[33m;[39m[36mfunction[39m [33m
Xo[39m(t){[36mlet[39m e[33m=[39m[33mMat
h[39m[33m.[39mpow([35m2[39m[33m,[39mt)
[33m*[39m[35m50[39m[33m,[39mr[33m=[39
m[33mMath[39m[33m.[39mceil([33mMath[39m
[33m.[39mrandom()[33m*[39me)[33m-[39m[
33mMath[39m[33m.[39mceil(e[33m/[39m[35m
2[39m)[33m,[39mn[33m=[39me[33m+[39mr[
33m;[39m[36mreturn[39m [36mnew[39m [33m
Promise[39m(i[33m=>[39msetTimeout(()[33m=
>[39mi(n)[33m,[39mn))}u()[33m;[39mc()[3
3m;[39mp()[33m;[39mm()[33m;[39md()[33m;
[39ml()[33m;[39m[36mvar[39m [33mRe[39m
[33m=[39m[32m"ABCDEFGHIJKLMNOPQRSTUVWXYZab
cdefghijklmnopqrstuvwxyz0123456789+/"[39m[3
3m;[39m[36mfunction[39m [33mZo[39m(t){[
36mlet[39m e[33m=[39m[36mnew[39m [33mTe
xtEncoder[39m()[33m.[39mencode(t)[33m,[3
9mr[33m=[39m[32m""[39m[33m,[39mn[33m=
[39me[33m.[39mbyteLength[33m,[39mi[33m=
[39mn[33m%[39m[35m3[39m[33m,[39mo[33m=
[39mn[33m-[39mi[33m,[39ms[33m,[39ma[3
3m,[39mf[33m,[39mv[33m,[39m[33mR[39m[
33m;[39m[36mfor[39m([36mlet[39m [33mA[
39m[33m=[39m[35m0[39m[33m;[39m[33mA[3
9m[33m<[39m[33mo[39m[33m;[39m[33mA[39
m[33m=[39m[33mA[39m[33m+[39m[35m3[39m
)[33mR[39m[33m=[39me[[33mA[39m][33m<<
[39m[35m16[39m[33m|[39me[[33mA[39m[33m
+[39m[35m1[39m][33m<<[39m[35m8[39m[33
m|[39me[[33mA[39m[33m+[39m[35m2[39m][
33m,[39ms[33m=[39m([33mR[39m[33m&[39m
[35m16515072[39m)[33m>>[39m[35m18[39m[3
3m,[39ma[33m=[39m([33mR[39m[33m&[39m[
35m258048[39m)[33m>>[39m[35m12[39m[33m,
[39mf[33m=[39m([33mR[39m[33m&[39m[35m
4032[39m)[33m>>[39m[35m6[39m[33m,[39mv
[33m=[39m[33mR[39m[33m&[39m[35m63[39m
[33m,[39mr[33m+=[39m[33mRe[39m[s][33m+
[39m[33mRe[39m[a][33m+[39m[33mRe[39m[f
][33m+[39m[33mRe[39m[v][33m;[39m[36mre
turn[39m i[33m==[39m[35m1[39m[33m?[39m
([33mR[39m[33m=[39me[o][33m,[39ms[33m=
[39m([33mR[39m[33m&[39m[35m252[39m)[3
3m>>[39m[35m2[39m[33m,[39ma[33m=[39m(
[33mR[39m[33m&[39m[35m3[39m)[33m<<[39m
[35m4[39m[33m,[39mr[33m+=[39m[33mRe[3
9m[s][33m+[39m[33mRe[39m[a][33m+[39m[3
2m"=="[39m)[33m:[39mi[33m==[39m[35m2[3
9m[33m&&[39m([33mR[39m[33m=[39me[o][33
m<<[39m[35m8[39m[33m|[39me[o[33m+[39m
[35m1[39m][33m,[39ms[33m=[39m([33mR[39
m[33m&[39m[35m64512[39m)[33m>>[39m[35m
10[39m[33m,[39ma[33m=[39m([33mR[39m[3
3m&[39m[35m1008[39m)[33m>>[39m[35m4[39
m[33m,[39mf[33m=[39m([33mR[39m[33m&[3
9m[35m15[39m)[33m<<[39m[35m2[39m[33m,
[39mr[33m+=[39m[33mRe[39m[s][33m+[39m[
33mRe[39m[a][33m+[39m[33mRe[39m[f][33m+
[39m[32m"="[39m)[33m,[39mr}u()[33m;[39
mc()[33m;[39mp()[33m;[39mm()[33m;[39md(
)[33m;[39ml()[33m;[39m[36mfunction[39m 
es(t){[36mif[39m([33m![39m[33m![39mt[3
3m.[39mgenerator[33m?[39m[33m.[39mprevie
wFeatures[33m.[39msome(r[33m=>[39mr[33m.
[39mtoLowerCase()[33m.[39mincludes([32m"m
etrics"[39m)))[36mthrow[39m [36mnew[39m 
[33mM[39m([32m"The `metrics` preview featu
re is not yet available with Accelerate.\nPle
ase remove `metrics` from the `previewFeature
s` in your schema.\n\nMore information about 
Accelerate: https://pris.ly/d/accelerate"[39
m[33m,[39mt[33m.[39mclientVersion)}u()[3
3m;[39mc()[33m;[39mp()[33m;[39mm()[33m;
[39md()[33m;[39ml()[33m;[39m[36mvar[39
m ts[33m=[39m{[32m"@prisma/debug"[39m[33
m:[39m[32m"workspace:*"[39m[33m,[39m[32
m"@prisma/engines-version"[39m[33m:[39m[3
2m"7.1.1-3.c2990dca591cba766e3b7ef5d9e8a84796
e47ab7"[39m[33m,[39m[32m"@prisma/fetch-en
gine"[39m[33m:[39m[32m"workspace:*"[39m
[33m,[39m[32m"@prisma/get-platform"[39m[3
3m:[39m[32m"workspace:*"[39m}[33m;[39mu(
)[33m;[39mc()[33m;[39mp()[33m;[39mm()[
33m;[39md()[33m;[39ml()[33m;[39mu()[33m
;[39mc()[33m;[39mp()[33m;[39mm()[33m;[
39md()[33m;[39ml()[33m;[39m[36mvar[39m 
[33mYt[39m[33m=[39m[36mclass[39m [36me
xtends[39m ie{name[33m=[39m[32m"RequestEr
ror"[39m[33m;[39mcode[33m=[39m[32m"P501
0"[39m[33m;[39mconstructor(e[33m,[39mr){
[36msuper[39m([32m`Cannot fetch data from 
service:[39m
[31m[1m>[22m[39m[90m 16 |[39m [32m${e}
`[39m[33m,[39m_(r[33m,[39m[33m![39m[3
5m0[39m))}}[33m;[39m[33mO[39m([33mYt[3
9m[33m,[39m[32m"RequestError"[39m)[33m;
[39m[36masync[39m [36mfunction[39m [33mB
e[39m(t[33m,[39me[33m,[39mr[33m=[39mn
[33m=>[39mn){[36mlet[39m{clientVersion[33
m:[39mn[33m,[39m[33m...[39mi}[33m=[39m
e[33m,[39mo[33m=[39mr(fetch)[33m;[39m[
36mtry[39m{[36mreturn[39m [36mawait[39m 
o(t[33m,[39mi)}[36mcatch[39m(s){[36mlet
[39m a[33m=[39ms[33m.[39mmessage[33m?[3
9m[33m?[39m[32m"Unknown error"[39m[33m;
[39m[36mthrow[39m [36mnew[39m [33mYt[39
m(a[33m,[39m{clientVersion[33m:[39mn[33m
,[39mcause[33m:[39ms})}}[36mvar[39m [33
mPu[39m[33m=[39m[35m/^[1-9][0-9]*\.[0-9]+
\.[0-9]+$/[39m[33m,[39mrs[33m=[39mj([32
m"prisma:client:dataproxyEngine"[39m)[33m;
[39m[36masync[39m [36mfunction[39m [33mT
u[39m(t[33m,[39me){[36mlet[39m r[33m=[
39mts[[32m"@prisma/engines-version"[39m][3
3m,[39mn[33m=[39me[33m.[39mclientVersion
[33m?[39m[33m?[39m[32m"unknown"[39m[33
m;[39m[36mif[39m(g[33m.[39menv[33m.[39
m[33mPRISMA_CLIENT_DATA_PROXY_CLIENT_VERSION
[39m[33m||[39mglobalThis[33m.[39m[33mPR
ISMA_CLIENT_DATA_PROXY_CLIENT_VERSION[39m)[
36mreturn[39m g[33m.[39menv[33m.[39m[33
mPRISMA_CLIENT_DATA_PROXY_CLIENT_VERSION[39m
[33m||[39mglobalThis[33m.[39m[33mPRISMA_
CLIENT_DATA_PROXY_CLIENT_VERSION[39m[33m;[
39m[36mif[39m(t[33m.[39mincludes([32m"ac
celerate"[39m)[33m&&[39mn[33m!==[39m[32
m"0.0.0"[39m[33m&&[39mn[33m!==[39m[32m"
in-memory"[39m)[36mreturn[39m n[33m;[39m
[36mlet[39m[i[33m,[39mo][33m=[39mn[33m
?[39m[33m.[39msplit([32m"-"[39m)[33m?[
39m[33m?[39m[][33m;[39m[36mif[39m(o[33
m===[39m[36mvoid[39m [35m0[39m[33m&&[3
9m[33mPu[39m[33m.[39mtest(i))[36mreturn
[39m i[33m;[39m[36mif[39m(o[33m!==[39m
[36mvoid[39m [35m0[39m[33m||[39mn[33m==
=[39m[32m"0.0.0"[39m[33m||[39mn[33m===
[39m[32m"in-memory"[39m){[36mlet[39m[s][
33m=[39mr[33m.[39msplit([32m"-"[39m)[33
m?[39m[33m?[39m[][33m,[39m[a[33m,[39mf
[33m,[39mv][33m=[39ms[33m.[39msplit([3
2m"."[39m)[33m,[39m[33mR[39m[33m=[39mv
u([32m`<=${a}.${f}.${v}`[39m)[33m,[39m[3
3mA[39m[33m=[39m[36mawait[39m [33mBe[3
9m([33mR[39m[33m,[39m{clientVersion[33m:
[39mn})[33m;[39m[36mif[39m([33m![39m[
33mA[39m[33m.[39mok)[36mthrow[39m [36mn
ew[39m [33mError[39m([32m`Failed to fetch
 stable Prisma version, unpkg.com status ${A.
status} ${A.statusText}, response body: ${awa
it A.text()||"<empty body>"}`[39m)[33m;[39
m[36mlet[39m [33mI[39m[33m=[39m[36mawa
it[39m [33mA[39m[33m.[39mtext()[33m;[3
9mrs([32m"length of body fetched from unpkg.
com"[39m[33m,[39m[33mI[39m[33m.[39mlen
gth)[33m;[39m[36mlet[39m [33mC[39m[33m
;[39m[36mtry[39m{[33mC[39m[33m=[39m[3
3mJSON[39m[33m.[39mparse([33mI[39m)}[36
mcatch[39m([33mL[39m){[36mthrow[39m cons
ole[33m.[39merror([32m"JSON.parse error: b
ody fetched from unpkg.com: "[39m[33m,[39m
[33mI[39m)[33m,[39m[33mL[39m}[36mretur
n[39m [33mC[39m[33m.[39mversion}[36mthr
ow[39m [36mnew[39m qe([32m"Only `major.mi
nor.patch` versions are supported by Accelera
te."[39m[33m,[39m{clientVersion[33m:[39m
n})}[36masync[39m [36mfunction[39m ns(t[
33m,[39me){[36mlet[39m r[33m=[39m[36maw
ait[39m [33mTu[39m(t[33m,[39me)[33m;[3
9m[36mreturn[39m rs([32m"version"[39m[33
m,[39mr)[33m,[39mr}[36mfunction[39m vu(t
){[36mreturn[39m encodeURI([32m`https://un
pkg.com/prisma@${t}/package.json`[39m)}[36m
var[39m is[33m=[39m[35m3[39m[33m,[39m
[33mXt[39m[33m=[39mj([32m"prisma:client:d
ataproxyEngine"[39m)[33m,[39m[33mZt[39m
[33m=[39m[36mclass[39m{name[33m=[39m[32
m"DataProxyEngine"[39m[33m;[39minlineSchem
a[33m;[39minlineSchemaHash[33m;[39minline
Datasources[33m;[39mconfig[33m;[39mlogEmi
tter[33m;[39menv[33m;[39mclientVersion[3
3m;[39mengineHash[33m;[39mtracingHelper[3
3m;[39mremoteClientVersion[33m;[39mhost[3
3m;[39mheaderBuilder[33m;[39mstartPromise
[33m;[39mprotocol[33m;[39mconstructor(e){e
s(e)[33m,[39m[36mthis[39m[33m.[39mconfi
g[33m=[39me[33m,[39m[36mthis[39m[33m.
[39menv[33m=[39me[33m.[39menv[33m,[39m
[36mthis[39m[33m.[39minlineSchema[33m=[3
9m[33mZo[39m(e[33m.[39minlineSchema)[33m
,[39m[36mthis[39m[33m.[39minlineDatasour
ces[33m=[39me[33m.[39minlineDatasources[
33m,[39m[36mthis[39m[33m.[39minlineSchem
aHash[33m=[39me[33m.[39minlineSchemaHash
[33m,[39m[36mthis[39m[33m.[39mclientVers
ion[33m=[39me[33m.[39mclientVersion[33m,
[39m[36mthis[39m[33m.[39mengineHash[33m
=[39me[33m.[39mengineVersion[33m,[39m[3
6mthis[39m[33m.[39mlogEmitter[33m=[39me
[33m.[39mlogEmitter[33m,[39m[36mthis[39m
[33m.[39mtracingHelper[33m=[39me[33m.[3
9mtracingHelper}apiKey(){[36mreturn[39m [3
6mthis[39m[33m.[39mheaderBuilder[33m.[39
mapiKey}version(){[36mreturn[39m [36mthis
[39m[33m.[39mengineHash}[36masync[39m sta
rt(){[36mthis[39m[33m.[39mstartPromise[3
3m!==[39m[36mvoid[39m [35m0[39m[33m&&[
39m[36mawait[39m [36mthis[39m[33m.[39ms
tartPromise[33m,[39m[36mthis[39m[33m.[3
9mstartPromise[33m=[39m([36masync[39m()[
33m=>[39m{[36mlet[39m{apiKey[33m:[39me[
33m,[39murl[33m:[39mr}[33m=[39m[36mthis
[39m[33m.[39mgetURLAndAPIKey()[33m;[39m
[36mthis[39m[33m.[39mhost[33m=[39mr[33m
.[39mhost[33m,[39m[36mthis[39m[33m.[39
mprotocol[33m=[39mr[33m.[39mprotocol[33m
,[39m[36mthis[39m[33m.[39mheaderBuilder
[33m=[39m[36mnew[39m $r({apiKey[33m:[39m
e[33m,[39mtracingHelper[33m:[39m[36mthis
[39m[33m.[39mtracingHelper[33m,[39mlogLe
vel[33m:[39m[36mthis[39m[33m.[39mconfig
[33m.[39mlogLevel[33m?[39m[33m?[39m[32
m"error"[39m[33m,[39mlogQueries[33m:[39m
[36mthis[39m[33m.[39mconfig[33m.[39mlog
Queries[33m,[39mengineHash[33m:[39m[36mt
his[39m[33m.[39mengineHash})[33m,[39m[3
6mthis[39m[33m.[39mremoteClientVersion[33
m=[39m[36mawait[39m ns([36mthis[39m[33m
.[39mhost[33m,[39m[36mthis[39m[33m.[39
mconfig)[33m,[39m[33mXt[39m([32m"host"[
39m[33m,[39m[36mthis[39m[33m.[39mhost)
[33m,[39m[33mXt[39m([32m"protocol"[39m[
33m,[39m[36mthis[39m[33m.[39mprotocol)})
()[33m,[39m[36mawait[39m [36mthis[39m[
33m.[39mstartPromise}[36masync[39m stop(){
}propagateResponseExtensions(e){e[33m?[39m
[33m.[39mlogs[33m?[39m[33m.[39mlength[3
3m&&[39me[33m.[39mlogs[33m.[39mforEach(r
[33m=>[39m{[36mswitch[39m(r[33m.[39mlev
el){[36mcase[39m[32m"debug"[39m[33m:[39
m[36mcase[39m[32m"trace"[39m[33m:[39m[
33mXt[39m(r)[33m;[39m[36mbreak[39m[33m;
[39m[36mcase[39m[32m"error"[39m[33m:[3
9m[36mcase[39m[32m"warn"[39m[33m:[39m[
36mcase[39m[32m"info"[39m[33m:[39m{[36m
this[39m[33m.[39mlogEmitter[33m.[39memit
(r[33m.[39mlevel[33m,[39m{timestamp[33m:
[39m_n(r[33m.[39mtimestamp)[33m,[39mmess
age[33m:[39mr[33m.[39mattributes[33m.[3
9mmessage[33m?[39m[33m?[39m[32m""[39m[
33m,[39mtarget[33m:[39mr[33m.[39mtarget
[33m?[39m[33m?[39m[32m"BinaryEngine"[39m
})[33m;[39m[36mbreak[39m}[36mcase[39m[
32m"query"[39m[33m:[39m{[36mthis[39m[33
m.[39mlogEmitter[33m.[39memit([32m"query"
[39m[33m,[39m{query[33m:[39mr[33m.[39m
attributes[33m.[39mquery[33m?[39m[33m?[
39m[32m""[39m[33m,[39mtimestamp[33m:[39
m_n(r[33m.[39mtimestamp)[33m,[39mduration
[33m:[39mr[33m.[39mattributes[33m.[39md
uration_ms[33m?[39m[33m?[39m[35m0[39m[
33m,[39mparams[33m:[39mr[33m.[39mattribu
tes[33m.[39mparams[33m?[39m[33m?[39m[3
2m""[39m[33m,[39mtarget[33m:[39mr[33m.
[39mtarget[33m?[39m[33m?[39m[32m"BinaryE
ngine"[39m})[33m;[39m[36mbreak[39m}[36m
default[39m[33m:[39mr[33m.[39mlevel}})[
33m,[39me[33m?[39m[33m.[39mtraces[33m?
[39m[33m.[39mlength[33m&&[39m[36mthis[3
9m[33m.[39mtracingHelper[33m.[39mdispatch
EngineSpans(e[33m.[39mtraces)}onBeforeExit(
){[36mthrow[39m [36mnew[39m [33mError[3
9m([32m'"beforeExit" hook is not applicable 
to the remote query engine'[39m)}[36masync
[39m url(e){[36mreturn[39m [36mawait[39m 
[36mthis[39m[33m.[39mstart()[33m,[39m[
32m`${this.protocol}//${this.host}/${this.rem
oteClientVersion}/${this.inlineSchemaHash}/${
e}`[39m}[36masync[39m uploadSchema(){[36m
let[39m e[33m=[39m{name[33m:[39m[32m"sc
hemaUpload"[39m[33m,[39minternal[33m:[39
m[33m![39m[35m0[39m}[33m;[39m[36mretur
n[39m [36mthis[39m[33m.[39mtracingHelper
[33m.[39mrunInChildSpan(e[33m,[39m[36mas
ync[39m()[33m=>[39m{[36mlet[39m r[33m=
[39m[36mawait[39m [33mBe[39m([36mawait[
39m [36mthis[39m[33m.[39murl([32m"schema
"[39m)[33m,[39m{method[33m:[39m[32m"PUT
"[39m[33m,[39mheaders[33m:[39m[36mthis
[39m[33m.[39mheaderBuilder[33m.[39mbuild(
)[33m,[39mbody[33m:[39m[36mthis[39m[33
m.[39minlineSchema[33m,[39mclientVersion[
33m:[39m[36mthis[39m[33m.[39mclientVersi
on})[33m;[39mr[33m.[39mok[33m||[39m[33
mXt[39m([32m"schema response status"[39m[
33m,[39mr[33m.[39mstatus)[33m;[39m[36ml
et[39m n[33m=[39m[36mawait[39m zt(r[33m
,[39m[36mthis[39m[33m.[39mclientVersion)
[33m;[39m[36mif[39m(n)[36mthrow[39m [3
6mthis[39m[33m.[39mlogEmitter[33m.[39mem
it([32m"warn"[39m[33m,[39m{message[33m:
[39m[32m`Error while uploading schema: ${n.m
essage}`[39m[33m,[39mtimestamp[33m:[39m
[36mnew[39m [33mDate[39m[33m,[39mtarget
[33m:[39m[32m""[39m})[33m,[39mn[33m;[3
9m[36mthis[39m[33m.[39mlogEmitter[33m.[
39memit([32m"info"[39m[33m,[39m{message[
33m:[39m[32m`Schema (re)uploaded (hash: ${t
his.inlineSchemaHash})`[39m[33m,[39mtimest
amp[33m:[39m[36mnew[39m [33mDate[39m[3
3m,[39mtarget[33m:[39m[32m""[39m})})}req
uest(e[33m,[39m{traceparent[33m:[39mr[33
m,[39minteractiveTransaction[33m:[39mn[33
m,[39mcustomDataProxyFetch[33m:[39mi}){[3
6mreturn[39m [36mthis[39m[33m.[39mreques
tInternal({body[33m:[39me[33m,[39mtracepa
rent[33m:[39mr[33m,[39minteractiveTransac
tion[33m:[39mn[33m,[39mcustomDataProxyFet
ch[33m:[39mi})}[36masync[39m requestBatch
(e[33m,[39m{traceparent[33m:[39mr[33m,[
39mtransaction[33m:[39mn[33m,[39mcustomDa
taProxyFetch[33m:[39mi}){[36mlet[39m o[3
3m=[39mn[33m?[39m[33m.[39mkind[33m===[
39m[32m"itx"[39m[33m?[39mn[33m.[39mopti
ons[33m:[39m[36mvoid[39m [35m0[39m[33m
,[39ms[33m=[39mot(e[33m,[39mn)[33m;[39
m[36mreturn[39m([36mawait[39m [36mthis[
39m[33m.[39mrequestInternal({body[33m:[39
ms[33m,[39mcustomDataProxyFetch[33m:[39mi
[33m,[39minteractiveTransaction[33m:[39mo
[33m,[39mtraceparent[33m:[39mr}))[33m.[
39mmap(f[33m=>[39m(f[33m.[39mextensions[
33m&&[39m[36mthis[39m[33m.[39mpropagateR
esponseExtensions(f[33m.[39mextensions)[33
m,[39m[32m"errors"[39m[36min[39m f[33m?
[39m[36mthis[39m[33m.[39mconvertProtocol
ErrorsToClientError(f[33m.[39merrors)[33m:
[39mf))}requestInternal({body[33m:[39me[3
3m,[39mtraceparent[33m:[39mr[33m,[39mcus
tomDataProxyFetch[33m:[39mn[33m,[39minter
activeTransaction[33m:[39mi}){[36mreturn[
39m [36mthis[39m[33m.[39mwithRetry({actio
nGerund[33m:[39m[32m"querying"[39m[33m,
[39mcallback[33m:[39m[36masync[39m({logHt
tpCall[33m:[39mo})[33m=>[39m{[36mlet[39
m s[33m=[39mi[33m?[39m[32m`${i.payload.e
ndpoint}/graphql`[39m[33m:[39m[36mawait[
39m [36mthis[39m[33m.[39murl([32m"graphq
l"[39m)[33m;[39mo(s)[33m;[39m[36mlet[3
9m a[33m=[39m[36mawait[39m [33mBe[39m(s
[33m,[39m{method[33m:[39m[32m"POST"[39m
[33m,[39mheaders[33m:[39m[36mthis[39m[
33m.[39mheaderBuilder[33m.[39mbuild({trace
parent[33m:[39mr[33m,[39mtransactionId[3
3m:[39mi[33m?[39m[33m.[39mid})[33m,[39
mbody[33m:[39m[33mJSON[39m[33m.[39mstri
ngify(e)[33m,[39mclientVersion[33m:[39m[
36mthis[39m[33m.[39mclientVersion}[33m,[
39mn)[33m;[39ma[33m.[39mok[33m||[39m[3
3mXt[39m([32m"graphql response status"[39m
[33m,[39ma[33m.[39mstatus)[33m,[39m[36
mawait[39m [36mthis[39m[33m.[39mhandleEr
ror([36mawait[39m zt(a[33m,[39m[36mthis
[39m[33m.[39mclientVersion))[33m;[39m[36
mlet[39m f[33m=[39m[36mawait[39m a[33m.
[39mjson()[33m;[39m[36mif[39m(f[33m.[3
9mextensions[33m&&[39m[36mthis[39m[33m.
[39mpropagateResponseExtensions(f[33m.[39me
xtensions)[33m,[39m[32m"errors"[39m[36mi
n[39m f)[36mthrow[39m [36mthis[39m[33m.
[39mconvertProtocolErrorsToClientError(f[33
m.[39merrors)[33m;[39m[36mreturn[39m[32
m"batchResult"[39m[36min[39m f[33m?[39mf
[33m.[39mbatchResult[33m:[39mf}})}[36mas
ync[39m transaction(e[33m,[39mr[33m,[39m
n){[36mlet[39m i[33m=[39m{start[33m:[39
m[32m"starting"[39m[33m,[39mcommit[33m:
[39m[32m"committing"[39m[33m,[39mrollback
[33m:[39m[32m"rolling back"[39m}[33m;[3
9m[36mreturn[39m [36mthis[39m[33m.[39mw
ithRetry({actionGerund[33m:[39m[32m`${i[e]
} transaction`[39m[33m,[39mcallback[33m:
[39m[36masync[39m({logHttpCall[33m:[39mo}
)[33m=>[39m{[36mif[39m(e[33m===[39m[32
m"start"[39m){[36mlet[39m s[33m=[39m[33
mJSON[39m[33m.[39mstringify({max_wait[33m
:[39mn[33m.[39mmaxWait[33m,[39mtimeout[
33m:[39mn[33m.[39mtimeout[33m,[39misolat
ion_level[33m:[39mn[33m.[39misolationLeve
l})[33m,[39ma[33m=[39m[36mawait[39m [3
6mthis[39m[33m.[39murl([32m"transaction/s
tart"[39m)[33m;[39mo(a)[33m;[39m[36mlet
[39m f[33m=[39m[36mawait[39m [33mBe[39
m(a[33m,[39m{method[33m:[39m[32m"POST"[
39m[33m,[39mheaders[33m:[39m[36mthis[39
m[33m.[39mheaderBuilder[33m.[39mbuild({tr
aceparent[33m:[39mr[33m.[39mtraceparent})
[33m,[39mbody[33m:[39ms[33m,[39mclientV
ersion[33m:[39m[36mthis[39m[33m.[39mcli
entVersion})[33m;[39m[36mawait[39m [36mt
his[39m[33m.[39mhandleError([36mawait[39
m zt(f[33m,[39m[36mthis[39m[33m.[39mcli
entVersion))[33m;[39m[36mlet[39m v[33m=
[39m[36mawait[39m f[33m.[39mjson()[33m,
[39m{extensions[33m:[39m[33mR[39m}[33m=
[39mv[33m;[39m[33mR[39m[33m&&[39m[36mt
his[39m[33m.[39mpropagateResponseExtension
s([33mR[39m)[33m;[39m[36mlet[39m [33mA
[39m[33m=[39mv[33m.[39mid[33m,[39m[33
mI[39m[33m=[39mv[[32m"data-proxy"[39m][
33m.[39mendpoint[33m;[39m[36mreturn[39m{
id[33m:[39m[33mA[39m[33m,[39mpayload[3
3m:[39m{endpoint[33m:[39m[33mI[39m}}}[3
6melse[39m{[36mlet[39m s[33m=[39m[32m`$
{n.payload.endpoint}/${e}`[39m[33m;[39mo(s
)[33m;[39m[36mlet[39m a[33m=[39m[36maw
ait[39m [33mBe[39m(s[33m,[39m{method[33
m:[39m[32m"POST"[39m[33m,[39mheaders[33
m:[39m[36mthis[39m[33m.[39mheaderBuilder
[33m.[39mbuild({traceparent[33m:[39mr[33
m.[39mtraceparent})[33m,[39mclientVersion
[33m:[39m[36mthis[39m[33m.[39mclientVers
ion})[33m;[39m[36mawait[39m [36mthis[39
m[33m.[39mhandleError([36mawait[39m zt(a
[33m,[39m[36mthis[39m[33m.[39mclientVers
ion))[33m;[39m[36mlet[39m f[33m=[39m[3
6mawait[39m a[33m.[39mjson()[33m,[39m{ex
tensions[33m:[39mv}[33m=[39mf[33m;[39mv
[33m&&[39m[36mthis[39m[33m.[39mpropagat
eResponseExtensions(v)[33m;[39m[36mreturn
[39m}}})}getURLAndAPIKey(){[36mreturn[39m z
o({clientVersion[33m:[39m[36mthis[39m[33
m.[39mclientVersion[33m,[39menv[33m:[39m
[36mthis[39m[33m.[39menv[33m,[39minline
Datasources[33m:[39m[36mthis[39m[33m.[3
9minlineDatasources[33m,[39moverrideDatasou
rces[33m:[39m[36mthis[39m[33m.[39mconfi
g[33m.[39moverrideDatasources})}metrics(){
[36mthrow[39m [36mnew[39m qe([32m"Metrics
 are not yet supported for Accelerate"[39m[
33m,[39m{clientVersion[33m:[39m[36mthis[
39m[33m.[39mclientVersion})}[36masync[39m
 withRetry(e){[36mfor[39m([36mlet[39m r[
33m=[39m[35m0[39m[33m;[39m[33m;[39mr[
33m++[39m){[36mlet[39m n[33m=[39mi[33m=
>[39m{[36mthis[39m[33m.[39mlogEmitter[3
3m.[39memit([32m"info"[39m[33m,[39m{mess
age[33m:[39m[32m`Calling ${i} (n=${r})`[3
9m[33m,[39mtimestamp[33m:[39m[36mnew[39
m [33mDate[39m[33m,[39mtarget[33m:[39m
[32m""[39m})}[33m;[39m[36mtry[39m{[36mr
eturn[39m [36mawait[39m e[33m.[39mcallba
ck({logHttpCall[33m:[39mn})}[36mcatch[39m
(i){[36mif[39m([33m![39m(i [36minstanceo
f[39m ie)[33m||[39m[33m![39mi[33m.[39m
isRetryable)[36mthrow[39m i[33m;[39m[36m
if[39m(r[33m>=[39mis)[36mthrow[39m i [3
6minstanceof[39m pt[33m?[39mi[33m.[39mca
use[33m:[39mi[33m;[39m[36mthis[39m[33m
.[39mlogEmitter[33m.[39memit([32m"warn"[
39m[33m,[39m{message[33m:[39m[32m`Attemp
t ${r+1}/${is} failed for ${e.actionGerund}: 
${i.message??"(unknown)"}`[39m[33m,[39mtim
estamp[33m:[39m[36mnew[39m [33mDate[39m
[33m,[39mtarget[33m:[39m[32m""[39m})[3
3m;[39m[36mlet[39m o[33m=[39m[36mawait
[39m [33mXo[39m(r)[33m;[39m[36mthis[39m
[33m.[39mlogEmitter[33m.[39memit([32m"wa
rn"[39m[33m,[39m{message[33m:[39m[32m`R
etrying after ${o}ms`[39m[33m,[39mtimestam
p[33m:[39m[36mnew[39m [33mDate[39m[33m
,[39mtarget[33m:[39m[32m""[39m})}}}[36m
async[39m handleError(e){[36mif[39m(e [36
minstanceof[39m [33mVe[39m)[36mthrow[39m
 [36mawait[39m [36mthis[39m[33m.[39mupl
oadSchema()[33m,[39m[36mnew[39m pt({clien
tVersion[33m:[39m[36mthis[39m[33m.[39mc
lientVersion[33m,[39mcause[33m:[39me})[3
3m;[39m[36mif[39m(e)[36mthrow[39m e}conv
ertProtocolErrorsToClientError(e){[36mreturn
[39m e[33m.[39mlength[33m===[39m[35m1[
39m[33m?[39mst(e[[35m0[39m][33m,[39m[3
6mthis[39m[33m.[39mconfig[33m.[39mclient
Version[33m,[39m[36mthis[39m[33m.[39mco
nfig[33m.[39mactiveProvider)[33m:[39m[36
mnew[39m [33mQ[39m([33mJSON[39m[33m.[3
9mstringify(e)[33m,[39m{clientVersion[33m:
[39m[36mthis[39m[33m.[39mconfig[33m.[3
9mclientVersion})}applyPendingMigrations(){[
36mthrow[39m [36mnew[39m [33mError[39m(
[32m"Method not implemented."[39m)}}[33m;[
39mu()[33m;[39mc()[33m;[39mp()[33m;[39m
m()[33m;[39md()[33m;[39ml()[33m;[39mu()
[33m;[39mc()[33m;[39mp()[33m;[39mm()[3
3m;[39md()[33m;[39ml()[33m;[39m[36mfunc
tion[39m os(t){[36mif[39m(t[33m?[39m[33
m.[39mkind[33m===[39m[32m"itx"[39m)[36m
return[39m t[33m.[39moptions[33m.[39mid}
u()[33m;[39mc()[33m;[39mp()[33m;[39mm()
[33m;[39md()[33m;[39ml()[33m;[39m[36mv
ar[39m [33mVn[39m[33m,[39mss[33m=[39m{
[36masync[39m loadLibrary(t){[36mlet[39m{
clientVersion[33m:[39me[33m,[39madapter[
33m:[39mr[33m,[39mengineWasm[33m:[39mn}
[33m=[39mt[33m;[39m[36mif[39m(r[33m===
[39m[36mvoid[39m [35m0[39m)[36mthrow[39
m [36mnew[39m [33mM[39m([32m`The \`adapt
er\` option for \`PrismaClient\` is required 
in this context (${ut().prettyName})`[39m[3
3m,[39me)[33m;[39m[36mif[39m(n[33m===[
39m[36mvoid[39m [35m0[39m)[36mthrow[39m
 [36mnew[39m [33mM[39m([32m"WASM engine 
was unexpectedly `undefined`"[39m[33m,[39m
e)[33m;[39m[33mVn[39m[33m===[39m[36mvo
id[39m [35m0[39m[33m&&[39m([33mVn[39m
[33m=[39m([36masync[39m()[33m=>[39m{[36
mlet[39m o[33m=[39m[36mawait[39m n[33m.
[39mgetRuntime()[33m,[39ms[33m=[39m[36m
await[39m n[33m.[39mgetQueryEngineWasmModu
le()[33m;[39m[36mif[39m(s[33m==[39m[36
mnull[39m)[36mthrow[39m [36mnew[39m [33
mM[39m([32m"The loaded wasm module was unex
pectedly `undefined` or `null` once loaded"[
39m[33m,[39me)[33m;[39m[36mlet[39m a[3
3m=[39m{[32m"./query_engine_bg.js"[39m[33
m:[39mo}[33m,[39mf[33m=[39m[36mnew[39m
 [33mWebAssembly[39m[33m.[39m[33mInstanc
e[39m(s[33m,[39ma)[33m,[39mv[33m=[39mf
[33m.[39mexports[33m.[39m__wbindgen_start
[33m;[39m[36mreturn[39m o[33m.[39m__wbg
_set_wasm(f[33m.[39mexports)[33m,[39mv()
[33m,[39mo[33m.[39m[33mQueryEngine[39m})
())[33m;[39m[36mlet[39m i[33m=[39m[36m
await[39m [33mVn[39m[33m;[39m[36mreturn
[39m{debugPanic(){[36mreturn[39m [33mProm
ise[39m[33m.[39mreject([32m"{}"[39m)}[3
3m,[39mdmmf(){[36mreturn[39m [33mPromise
[39m[33m.[39mresolve([32m"{}"[39m)}[33m,
[39mversion(){[36mreturn[39m{commit[33m:
[39m[32m"unknown"[39m[33m,[39mversion[33
m:[39m[32m"unknown"[39m}}[33m,[39m[33mQ
ueryEngine[39m[33m:[39mi}}}[33m;[39m[36
mvar[39m [33mRu[39m[33m=[39m[32m"P2036"
[39m[33m,[39mbe[33m=[39mj([32m"prisma:c
lient:libraryEngine"[39m)[33m;[39m[36mfun
ction[39m [33mAu[39m(t){[36mreturn[39m t
[33m.[39mitem_type[33m===[39m[32m"query"
[39m[33m&&[39m[32m"query"[39m[36min[39
m t}[36mfunction[39m [33mCu[39m(t){[36mr
eturn[39m[32m"level"[39m[36min[39m t[33
m?[39mt[33m.[39mlevel[33m===[39m[32m"er
ror"[39m[33m&&[39mt[33m.[39mmessage[33m
===[39m[32m"PANIC"[39m[33m:[39m[33m![3
9m[35m1[39m}[36mvar[39m [33mVL[39m[33m
=[39m[[33m...[39mon[33m,[39m[32m"native
"[39m][33m,[39m[33mSu[39m[33m=[39m[35
m0xffffffffffffffff[39mn[33m,[39m[33mBn[
39m[33m=[39m[35m1[39mn[33m;[39m[36mfun
ction[39m [33mIu[39m(){[36mlet[39m t[33
m=[39m[33mBn[39m[33m++[39m[33m;[39m[3
6mreturn[39m [33mBn[39m[33m>[39m[33mSu
[39m[33m&&[39m([33mBn[39m[33m=[39m[35m
1[39mn)[33m,[39mt}[36mvar[39m er[33m=[
39m[36mclass[39m{name[33m=[39m[32m"Libra
ryEngine"[39m[33m;[39mengine[33m;[39mlib
raryInstantiationPromise[33m;[39mlibrarySta
rtingPromise[33m;[39mlibraryStoppingPromise
[33m;[39mlibraryStarted[33m;[39mexecuting
QueryPromise[33m;[39mconfig[33m;[39m[33m
QueryEngineConstructor[39m[33m;[39mlibrary
Loader[33m;[39mlibrary[33m;[39mlogEmitter
[33m;[39mlibQueryEnginePath[33m;[39mbinar
yTarget[33m;[39mdatasourceOverrides[33m;[
39mdatamodel[33m;[39mlogQueries[33m;[39ml
ogLevel[33m;[39mlastQuery[33m;[39mloggerR
ustPanic[33m;[39mtracingHelper[33m;[39mad
apterPromise[33m;[39mversionInfo[33m;[39m
constructor(e[33m,[39mr){[36mthis[39m[33
m.[39mlibraryLoader[33m=[39mr[33m?[39m[
33m?[39mss[33m,[39m[36mthis[39m[33m.[3
9mconfig[33m=[39me[33m,[39m[36mthis[39m
[33m.[39mlibraryStarted[33m=[39m[33m![3
9m[35m1[39m[33m,[39m[36mthis[39m[33m.
[39mlogQueries[33m=[39me[33m.[39mlogQueri
es[33m?[39m[33m?[39m[33m![39m[35m1[39
m[33m,[39m[36mthis[39m[33m.[39mlogLevel
[33m=[39me[33m.[39mlogLevel[33m?[39m[3
3m?[39m[32m"error"[39m[33m,[39m[36mthis
[39m[33m.[39mlogEmitter[33m=[39me[33m.
[39mlogEmitter[33m,[39m[36mthis[39m[33m.
[39mdatamodel[33m=[39me[33m.[39minlineSc
hema[33m,[39m[36mthis[39m[33m.[39mtraci
ngHelper[33m=[39me[33m.[39mtracingHelper
[33m,[39me[33m.[39menableDebugLogs[33m&&
[39m([36mthis[39m[33m.[39mlogLevel[33m=
[39m[32m"debug"[39m)[33m;[39m[36mlet[39
m n[33m=[39m[33mObject[39m[33m.[39mkeys
(e[33m.[39moverrideDatasources)[[35m0[39m
][33m,[39mi[33m=[39me[33m.[39moverrideD
atasources[n][33m?[39m[33m.[39murl[33m;
[39mn[33m!==[39m[36mvoid[39m [35m0[39m
[33m&&[39mi[33m!==[39m[36mvoid[39m [35m
0[39m[33m&&[39m([36mthis[39m[33m.[39md
atasourceOverrides[33m=[39m{[n][33m:[39mi
})[33m,[39m[36mthis[39m[33m.[39mlibrary
InstantiationPromise[33m=[39m[36mthis[39m
[33m.[39minstantiateLibrary()}wrapEngine(e)
{[36mreturn[39m{applyPendingMigrations[33m
:[39me[33m.[39mapplyPendingMigrations[33m
?[39m[33m.[39mbind(e)[33m,[39mcommitTran
saction[33m:[39m[36mthis[39m[33m.[39mwi
thRequestId(e[33m.[39mcommitTransaction[33
m.[39mbind(e))[33m,[39mconnect[33m:[39m
[36mthis[39m[33m.[39mwithRequestId(e[33m.
[39mconnect[33m.[39mbind(e))[33m,[39mdis
connect[33m:[39m[36mthis[39m[33m.[39mwi
thRequestId(e[33m.[39mdisconnect[33m.[39m
bind(e))[33m,[39mmetrics[33m:[39me[33m.
[39mmetrics[33m?[39m[33m.[39mbind(e)[33m
,[39mquery[33m:[39m[36mthis[39m[33m.[3
9mwithRequestId(e[33m.[39mquery[33m.[39mb
ind(e))[33m,[39mrollbackTransaction[33m:[
39m[36mthis[39m[33m.[39mwithRequestId(e[
33m.[39mrollbackTransaction[33m.[39mbind(e
))[33m,[39msdlSchema[33m:[39me[33m.[39m
sdlSchema[33m?[39m[33m.[39mbind(e)[33m,
[39mstartTransaction[33m:[39m[36mthis[39m
[33m.[39mwithRequestId(e[33m.[39mstartTra
nsaction[33m.[39mbind(e))[33m,[39mtrace[
33m:[39me[33m.[39mtrace[33m.[39mbind(e)
[33m,[39mfree[33m:[39me[33m.[39mfree[33
m?[39m[33m.[39mbind(e)}}withRequestId(e){
[36mreturn[39m [36masync[39m([33m...[39m
r)[33m=>[39m{[36mlet[39m n[33m=[39m[33
mIu[39m()[33m.[39mtoString()[33m;[39m[3
6mtry[39m{[36mreturn[39m [36mawait[39m e
([33m...[39mr[33m,[39mn)}[36mfinally[39
m{[36mif[39m([36mthis[39m[33m.[39mtraci
ngHelper[33m.[39misEnabled()){[36mlet[39m
 i[33m=[39m[36mawait[39m [36mthis[39m[
33m.[39mengine[33m?[39m[33m.[39mtrace(n)
[33m;[39m[36mif[39m(i){[36mlet[39m o[3
3m=[39m[33mJSON[39m[33m.[39mparse(i)[33
m;[39m[36mthis[39m[33m.[39mtracingHelper
[33m.[39mdispatchEngineSpans(o[33m.[39msp
ans)}}}}}[36masync[39m applyPendingMigratio
ns(){[36mthrow[39m [36mnew[39m [33mError
[39m([32m"Cannot call this method from this
 type of engine instance"[39m)}[36masync[3
9m transaction(e[33m,[39mr[33m,[39mn){[3
6mawait[39m [36mthis[39m[33m.[39mstart()
[33m;[39m[36mlet[39m i[33m=[39m[36mawa
it[39m [36mthis[39m[33m.[39madapterPromi
se[33m,[39mo[33m=[39m[33mJSON[39m[33m.
[39mstringify(r)[33m,[39ms[33m;[39m[36m
if[39m(e[33m===[39m[32m"start"[39m){[36
mlet[39m f[33m=[39m[33mJSON[39m[33m.[3
9mstringify({max_wait[33m:[39mn[33m.[39mm
axWait[33m,[39mtimeout[33m:[39mn[33m.[3
9mtimeout[33m,[39misolation_level[33m:[39
mn[33m.[39misolationLevel})[33m;[39ms[33
m=[39m[36mawait[39m [36mthis[39m[33m.[
39mengine[33m?[39m[33m.[39mstartTransacti
on(f[33m,[39mo)}[36melse[39m e[33m===[3
9m[32m"commit"[39m[33m?[39ms[33m=[39m[
36mawait[39m [36mthis[39m[33m.[39mengine
[33m?[39m[33m.[39mcommitTransaction(n[33
m.[39mid[33m,[39mo)[33m:[39me[33m===[3
9m[32m"rollback"[39m[33m&&[39m(s[33m=[3
9m[36mawait[39m [36mthis[39m[33m.[39men
gine[33m?[39m[33m.[39mrollbackTransaction
(n[33m.[39mid[33m,[39mo))[33m;[39m[36m
let[39m a[33m=[39m[36mthis[39m[33m.[39
mparseEngineResponse(s)[33m;[39m[36mif[39
m([33mDu[39m(a)){[36mlet[39m f[33m=[39m
[36mthis[39m[33m.[39mgetExternalAdapterEr
ror(a[33m,[39mi[33m?[39m[33m.[39merrorR
egistry)[33m;[39m[36mthrow[39m f[33m?[3
9mf[33m.[39merror[33m:[39m[36mnew[39m 
[33mX[39m(a[33m.[39mmessage[33m,[39m{cod
e[33m:[39ma[33m.[39merror_code[33m,[39m
clientVersion[33m:[39m[36mthis[39m[33m.
[39mconfig[33m.[39mclientVersion[33m,[39m
meta[33m:[39ma[33m.[39mmeta})}[36melse[
39m [36mif[39m([36mtypeof[39m a[33m.[39
mmessage[33m==[39m[32m"string"[39m)[36mt
hrow[39m [36mnew[39m [33mQ[39m(a[33m.[
39mmessage[33m,[39m{clientVersion[33m:[39
m[36mthis[39m[33m.[39mconfig[33m.[39mcl
ientVersion})[33m;[39m[36mreturn[39m a}[
36masync[39m instantiateLibrary(){[36mif[3
9m(be([32m"internalSetup"[39m)[33m,[39m[
36mthis[39m[33m.[39mlibraryInstantiationPr
omise)[36mreturn[39m [36mthis[39m[33m.[
39mlibraryInstantiationPromise[33m;[39m[36
mthis[39m[33m.[39mbinaryTarget[33m=[39m
[36mawait[39m [36mthis[39m[33m.[39mgetCu
rrentBinaryTarget()[33m,[39m[36mawait[39m
 [36mthis[39m[33m.[39mtracingHelper[33m.
[39mrunInChildSpan([32m"load_engine"[39m[
33m,[39m()[33m=>[39m[36mthis[39m[33m.[
39mloadEngine())[33m,[39m[36mthis[39m[33
m.[39mversion()}[36masync[39m getCurrentBi
naryTarget(){}parseEngineResponse(e){[36mif
[39m([33m![39me)[36mthrow[39m [36mnew[3
9m [33mQ[39m([32m"Response from the Engine
 was empty"[39m[33m,[39m{clientVersion[33
m:[39m[36mthis[39m[33m.[39mconfig[33m.
[39mclientVersion})[33m;[39m[36mtry[39m{
[36mreturn[39m [33mJSON[39m[33m.[39mpars
e(e)}[36mcatch[39m{[36mthrow[39m [36mnew
[39m [33mQ[39m([32m"Unable to JSON.parse 
response from engine"[39m[33m,[39m{clientV
ersion[33m:[39m[36mthis[39m[33m.[39mcon
fig[33m.[39mclientVersion})}}[36masync[39
m loadEngine(){[36mif[39m([33m![39m[36mt
his[39m[33m.[39mengine){[36mthis[39m[33
m.[39m[33mQueryEngineConstructor[39m[33m|
|[39m([36mthis[39m[33m.[39mlibrary[33m=
[39m[36mawait[39m [36mthis[39m[33m.[39
mlibraryLoader[33m.[39mloadLibrary([36mthi
s[39m[33m.[39mconfig)[33m,[39m[36mthis
[39m[33m.[39m[33mQueryEngineConstructor[3
9m[33m=[39m[36mthis[39m[33m.[39mlibrary
[33m.[39m[33mQueryEngine[39m)[33m;[39m
[36mtry[39m{[36mlet[39m e[33m=[39m[36mn
ew[39m b([36mthis[39m)[33m;[39m[36mthis
[39m[33m.[39madapterPromise[33m||[39m([
36mthis[39m[33m.[39madapterPromise[33m=[
39m[36mthis[39m[33m.[39mconfig[33m.[39m
adapter[33m?[39m[33m.[39mconnect()[33m?
[39m[33m.[39mthen(mr))[33m;[39m[36mlet[
39m r[33m=[39m[36mawait[39m [36mthis[39
m[33m.[39madapterPromise[33m;[39mr[33m&&
[39mbe([32m"Using driver adapter: %O"[39m
[33m,[39mr)[33m,[39m[36mthis[39m[33m.[
39mengine[33m=[39m[36mthis[39m[33m.[39m
wrapEngine([36mnew[39m [36mthis[39m[33m.
[39m[33mQueryEngineConstructor[39m({datamo
del[33m:[39m[36mthis[39m[33m.[39mdatamo
del[33m,[39menv[33m:[39mg[33m.[39menv[
33m,[39mlogQueries[33m:[39m[36mthis[39m
[33m.[39mconfig[33m.[39mlogQueries[33m?[
39m[33m?[39m[33m![39m[35m1[39m[33m,[3
9mignoreEnvVarErrors[33m:[39m[33m![39m[3
5m0[39m[33m,[39mdatasourceOverrides[33m:
[39m[36mthis[39m[33m.[39mdatasourceOverri
des[33m?[39m[33m?[39m{}[33m,[39mlogLeve
l[33m:[39m[36mthis[39m[33m.[39mlogLevel
[33m,[39mconfigDir[33m:[39m[36mthis[39m
[33m.[39mconfig[33m.[39mcwd[33m,[39meng
ineProtocol[33m:[39m[32m"json"[39m[33m,
[39menableTracing[33m:[39m[36mthis[39m[3
3m.[39mtracingHelper[33m.[39misEnabled()}
[33m,[39mn[33m=>[39m{e[33m.[39mderef()[
33m?[39m[33m.[39mlogger(n)}[33m,[39mr))}
[36mcatch[39m(e){[36mlet[39m r[33m=[39m
e[33m,[39mn[33m=[39m[36mthis[39m[33m.
[39mparseInitError(r[33m.[39mmessage)[33m;
[39m[36mthrow[39m [36mtypeof[39m n[33m=
=[39m[32m"string"[39m[33m?[39mr[33m:[3
9m[36mnew[39m [33mM[39m(n[33m.[39mmessa
ge[33m,[39m[36mthis[39m[33m.[39mconfig
[33m.[39mclientVersion[33m,[39mn[33m.[39
merror_code)}}}logger(e){[36mlet[39m r[33m
=[39m[36mthis[39m[33m.[39mparseEngineRes
ponse(e)[33m;[39mr[33m&&[39m(r[33m.[39m
level[33m=[39mr[33m?[39m[33m.[39mlevel
[33m.[39mtoLowerCase()[33m?[39m[33m?[39m
[32m"unknown"[39m[33m,[39m[33mAu[39m(r)
[33m?[39m[36mthis[39m[33m.[39mlogEmitte
r[33m.[39memit([32m"query"[39m[33m,[39m
{timestamp[33m:[39m[36mnew[39m [33mDate
[39m[33m,[39mquery[33m:[39mr[33m.[39mqu
ery[33m,[39mparams[33m:[39mr[33m.[39mpa
rams[33m,[39mduration[33m:[39m[33mNumber
[39m(r[33m.[39mduration_ms)[33m,[39mtarg
et[33m:[39mr[33m.[39mmodule_path})[33m:
[39m([33mCu[39m(r)[33m,[39m[36mthis[39m
[33m.[39mlogEmitter[33m.[39memit(r[33m.
[39mlevel[33m,[39m{timestamp[33m:[39m[36
mnew[39m [33mDate[39m[33m,[39mmessage[3
3m:[39mr[33m.[39mmessage[33m,[39mtarget
[33m:[39mr[33m.[39mmodule_path})))}parseIn
itError(e){[36mtry[39m{[36mreturn[39m [3
3mJSON[39m[33m.[39mparse(e)}[36mcatch[39
m{}[36mreturn[39m e}parseRequestError(e){[
36mtry[39m{[36mreturn[39m [33mJSON[39m[
33m.[39mparse(e)}[36mcatch[39m{}[36mretur
n[39m e}onBeforeExit(){[36mthrow[39m [36m
new[39m [33mError[39m([32m'"beforeExit" h
ook is not applicable to the library engine s
ince Prisma 5.0.0, it is only relevant and im
plemented for the binary engine. Please add y
our event listener to the `process` object di
rectly instead.'[39m)}[36masync[39m start(
){[36mif[39m([36mthis[39m[33m.[39mlibra
ryInstantiationPromise[33m||[39m([36mthis
[39m[33m.[39mlibraryInstantiationPromise[3
3m=[39m[36mthis[39m[33m.[39minstantiateL
ibrary())[33m,[39m[36mawait[39m [36mthis
[39m[33m.[39mlibraryInstantiationPromise[
33m,[39m[36mawait[39m [36mthis[39m[33m.
[39mlibraryStoppingPromise[33m,[39m[36mth
is[39m[33m.[39mlibraryStartingPromise)[36
mreturn[39m be([32m`library already startin
g, this.libraryStarted: ${this.libraryStarted
}`[39m)[33m,[39m[36mthis[39m[33m.[39ml
ibraryStartingPromise[33m;[39m[36mif[39m(
[36mthis[39m[33m.[39mlibraryStarted)[36m
return[39m[33m;[39m[36mlet[39m e[33m=[
39m[36masync[39m()[33m=>[39m{be([32m"lib
rary starting"[39m)[33m;[39m[36mtry[39m{
[36mlet[39m r[33m=[39m{traceparent[33m:
[39m[36mthis[39m[33m.[39mtracingHelper[3
3m.[39mgetTraceParent()}[33m;[39m[36mawai
t[39m [36mthis[39m[33m.[39mengine[33m?
[39m[33m.[39mconnect([33mJSON[39m[33m.[
39mstringify(r))[33m,[39m[36mthis[39m[33
m.[39mlibraryStarted[33m=[39m[33m![39m[
35m0[39m[33m,[39m[36mthis[39m[33m.[39m
adapterPromise[33m||[39m([36mthis[39m[33
m.[39madapterPromise[33m=[39m[36mthis[39
m[33m.[39mconfig[33m.[39madapter[33m?[3
9m[33m.[39mconnect()[33m?[39m[33m.[39mt
hen(mr))[33m,[39m[36mawait[39m [36mthis
[39m[33m.[39madapterPromise[33m,[39mbe([
32m"library started"[39m)}[36mcatch[39m(r)
{[36mlet[39m n[33m=[39m[36mthis[39m[33
m.[39mparseInitError(r[33m.[39mmessage)[3
3m;[39m[36mthrow[39m [36mtypeof[39m n[3
3m==[39m[32m"string"[39m[33m?[39mr[33m:
[39m[36mnew[39m [33mM[39m(n[33m.[39mme
ssage[33m,[39m[36mthis[39m[33m.[39mconf
ig[33m.[39mclientVersion[33m,[39mn[33m.
[39merror_code)}[36mfinally[39m{[36mthis[
39m[33m.[39mlibraryStartingPromise[33m=[3
9m[36mvoid[39m [35m0[39m}}[33m;[39m[36
mreturn[39m [36mthis[39m[33m.[39mlibrary
StartingPromise[33m=[39m[36mthis[39m[33m
.[39mtracingHelper[33m.[39mrunInChildSpan(
[32m"connect"[39m[33m,[39me)[33m,[39m[
36mthis[39m[33m.[39mlibraryStartingPromise
}[36masync[39m stop(){[36mif[39m([36mawa
it[39m [36mthis[39m[33m.[39mlibraryInsta
ntiationPromise[33m,[39m[36mawait[39m [3
6mthis[39m[33m.[39mlibraryStartingPromise
[33m,[39m[36mawait[39m [36mthis[39m[33m
.[39mexecutingQueryPromise[33m,[39m[36mth
is[39m[33m.[39mlibraryStoppingPromise)[36
mreturn[39m be([32m"library is already stop
ping"[39m)[33m,[39m[36mthis[39m[33m.[3
9mlibraryStoppingPromise[33m;[39m[36mif[3
9m([33m![39m[36mthis[39m[33m.[39mlibrar
yStarted){[36mawait[39m([36mawait[39m [3
6mthis[39m[33m.[39madapterPromise)[33m?[
39m[33m.[39mdispose()[33m,[39m[36mthis[
39m[33m.[39madapterPromise[33m=[39m[36mv
oid[39m [35m0[39m[33m;[39m[36mreturn[3
9m}[36mlet[39m e[33m=[39m[36masync[39m(
)[33m=>[39m{[36mawait[39m [36mnew[39m 
[33mPromise[39m(n[33m=>[39msetImmediate(n)
)[33m,[39mbe([32m"library stopping"[39m)
[33m;[39m[36mlet[39m r[33m=[39m{tracepar
ent[33m:[39m[36mthis[39m[33m.[39mtracin
gHelper[33m.[39mgetTraceParent()}[33m;[39
m[36mawait[39m [36mthis[39m[33m.[39meng
ine[33m?[39m[33m.[39mdisconnect([33mJSON
[39m[33m.[39mstringify(r))[33m,[39m[36m
this[39m[33m.[39mengine[33m?[39m[33m.[
39mfree[33m&&[39m[36mthis[39m[33m.[39me
ngine[33m.[39mfree()[33m,[39m[36mthis[3
9m[33m.[39mengine[33m=[39m[36mvoid[39m 
[35m0[39m[33m,[39m[36mthis[39m[33m.[3
9mlibraryStarted[33m=[39m[33m![39m[35m1
[39m[33m,[39m[36mthis[39m[33m.[39mlibra
ryStoppingPromise[33m=[39m[36mvoid[39m [
35m0[39m[33m,[39m[36mthis[39m[33m.[39m
libraryInstantiationPromise[33m=[39m[36mvo
id[39m [35m0[39m[33m,[39m[36mawait[39m
([36mawait[39m [36mthis[39m[33m.[39mada
pterPromise)[33m?[39m[33m.[39mdispose()[
33m,[39m[36mthis[39m[33m.[39madapterProm
ise[33m=[39m[36mvoid[39m [35m0[39m[33m
,[39mbe([32m"library stopped"[39m)}[33m;
[39m[36mreturn[39m [36mthis[39m[33m.[39
mlibraryStoppingPromise[33m=[39m[36mthis[
39m[33m.[39mtracingHelper[33m.[39mrunInCh
ildSpan([32m"disconnect"[39m[33m,[39me)[
33m,[39m[36mthis[39m[33m.[39mlibraryStop
pingPromise}version(){[36mreturn[39m [36mt
his[39m[33m.[39mversionInfo[33m=[39m[36
mthis[39m[33m.[39mlibrary[33m?[39m[33m.
[39mversion()[33m,[39m[36mthis[39m[33m.
[39mversionInfo[33m?[39m[33m.[39mversion
[33m?[39m[33m?[39m[32m"unknown"[39m}deb
ugPanic(e){[36mreturn[39m [36mthis[39m[3
3m.[39mlibrary[33m?[39m[33m.[39mdebugPan
ic(e)}[36masync[39m request(e[33m,[39m{tr
aceparent[33m:[39mr[33m,[39minteractiveTr
ansaction[33m:[39mn}){be([32m`sending requ
est, this.libraryStarted: ${this.libraryStart
ed}`[39m)[33m;[39m[36mlet[39m i[33m=[3
9m[33mJSON[39m[33m.[39mstringify({tracepa
rent[33m:[39mr})[33m,[39mo[33m=[39m[33
mJSON[39m[33m.[39mstringify(e)[33m;[39m
[36mtry[39m{[36mawait[39m [36mthis[39m[
33m.[39mstart()[33m;[39m[36mlet[39m s[3
3m=[39m[36mawait[39m [36mthis[39m[33m.
[39madapterPromise[33m;[39m[36mthis[39m[
33m.[39mexecutingQueryPromise[33m=[39m[36
mthis[39m[33m.[39mengine[33m?[39m[33m.
[39mquery(o[33m,[39mi[33m,[39mn[33m?[39
m[33m.[39mid)[33m,[39m[36mthis[39m[33m
.[39mlastQuery[33m=[39mo[33m;[39m[36mle
t[39m a[33m=[39m[36mthis[39m[33m.[39mp
arseEngineResponse([36mawait[39m [36mthis
[39m[33m.[39mexecutingQueryPromise)[33m;[
39m[36mif[39m(a[33m.[39merrors)[36mthrow
[39m a[33m.[39merrors[33m.[39mlength[33
m===[39m[35m1[39m[33m?[39m[36mthis[39m
[33m.[39mbuildQueryError(a[33m.[39merrors
[[35m0[39m][33m,[39ms[33m?[39m[33m.[3
9merrorRegistry)[33m:[39m[36mnew[39m [33
mQ[39m([33mJSON[39m[33m.[39mstringify(a
[33m.[39merrors)[33m,[39m{clientVersion[3
3m:[39m[36mthis[39m[33m.[39mconfig[33m.
[39mclientVersion})[33m;[39m[36mif[39m(
[36mthis[39m[33m.[39mloggerRustPanic)[36m
throw[39m [36mthis[39m[33m.[39mloggerRus
tPanic[33m;[39m[36mreturn[39m{data[33m:
[39ma}}[36mcatch[39m(s){[36mif[39m(s [36
minstanceof[39m [33mM[39m)[36mthrow[39m 
s[33m;[39ms[33m.[39mcode[33m===[39m[32
m"GenericFailure"[39m[33m&&[39ms[33m.[39
mmessage[33m?[39m[33m.[39mstartsWith([32
m"PANIC:"[39m)[33m;[39m[36mlet[39m a[33
m=[39m[36mthis[39m[33m.[39mparseRequestE
rror(s[33m.[39mmessage)[33m;[39m[36mthro
w[39m [36mtypeof[39m a[33m==[39m[32m"st
ring"[39m[33m?[39ms[33m:[39m[36mnew[39
m [33mQ[39m([32m`${a.message}[39m
 [90m    |[39m                             
                                             
                                             
                                             
                                             
                                             
                                             
                                             
                                             
                                             
                                             
                                             
                                             
                                             
                                             
                                             
                                             
                                             
                                             
                                             
                                             
                                             
                                             
                                             
                                             
                                             
                                             
                                             
                                             
                                             
                                             
                                             
                                             
                                             
                                             
                                             
                                             
                                             
                                             
                                             
                                             
                                             
                                             
                                             
                                             
                                             
                                             
                                             
                                             
                                             
                                             
                                             
                                             
                                             
                                             
                                             
                                             
                                             
                                             
                                             
                                             
                                             
                                             
                                             
                                             
                                             
                                             
                                             
                                             
                                             
                                             
                                             
                                             
                                             
                                             
                                             
                                             
                                             
                                             
                                             
                                             
                                             
                                             
                                             
                                             
                                             
                                             
                                             
                                             
                                             
                                             
                                             
                                             
                                             
                                             
                                             
                                             
                                             
                                             
                                             
                                             
                                             
                                             
                                             
                                             
                                             
                                             
                                             
                                             
                                             
                                             
                                             
                                             
                                             
                                             
                                             
                                             
                                             
                                             
                                             
                                             
                                             
                                             
                                             
                                             
                                             
                                             
                                             
                                             
                                             
                                             
                                             
                                             
                                             
                                             
                                             
                                             
                                             
                                             
                                             
                                             
                                             
                                             
                                             
                                             
                                             
                                             
                                             
                                             
                                             
                                             
                                             
                                             
                                             
                                             
                                             
                                             
                                             
                                             
                                             
                                             
                                             
                                             
                                             
                                             
                                             
                                             
                                             
                                             
                                             
                                             
                                             
                                             
                                             
                                             
                                             
                                             
                                             
                                             
                                             
                                             
                                             
                                             
                                             
                                             
                                             
                                             
                                             
                                             
                                             
                                             
                                             
                                             
                                             
                                             
                                             
                                             
                                             
                                             
                                             
                                             
                                             
                                             
                                             
                                             
                                             
                                             
                                             
                                             
                                             
                                             
                                             
                                             
                                             
                                             
                                             
                                             
                                             
                                             
                                             
                                             
                                             
                                             
                                             
                                             
                                             
                                             
                                             
                                             
                                             
                                             
                                             
                                             
                                             
                                             
                                             
                                             
                                             
                                             
                                             
                                             
                                             
                                             
                                             
                                             
                                             
                                             
                                             
                                             
                                             
                                             
                                             
                                             
                                             
                                             
                                             
                                             
                                             
                                             
                                             
                                             
                                             
                                             
                                             
                                             
                                             
                                             
                                             
                                             
                                             
                                             
                                             
                                             
                                             
                                             
                                             
                                             
                                             
                                             
                                             
                                             
                                             
                                             
                                             
                                             
                                             
                                             
                                             
                                             
                                             
                                             
                                             
                                             
                                             
                                             
                                             
                                             
                                             
                                             
                                             
                                             
                                             
                                             
                                             
                                             
                                             
                                             
                                             
                                             
                                             
                                             
                                             
                                             
                                             
                                             
                                             
                                             
                                             
                                             
                                             
                                             
      [31m[1m^[22m[39m[31m[1m^[22m[39
m[31m[1m^[22m[39m[31m[1m^[22m[39m[31
m[1m^[22m[39m[31m[1m^[22m[39m[31m[1m
^[22m[39m[31m[1m^[22m[39m[31m[1m^[22
m[39m[31m[1m^[22m[39m[31m[1m^[22m[39
m[31m[1m^[22m[39m
 [90m 17 |[39m [32m${a.backtrace}`[39m[3
3m,[39m{clientVersion[33m:[39m[36mthis[3
9m[33m.[39mconfig[33m.[39mclientVersion})
}}[36masync[39m requestBatch(e[33m,[39m{t
ransaction[33m:[39mr[33m,[39mtraceparent
[33m:[39mn}){be([32m"requestBatch"[39m)[3
3m;[39m[36mlet[39m i[33m=[39mot(e[33m,
[39mr)[33m;[39m[36mawait[39m [36mthis[3
9m[33m.[39mstart()[33m;[39m[36mlet[39m 
o[33m=[39m[36mawait[39m [36mthis[39m[3
3m.[39madapterPromise[33m;[39m[36mthis[3
9m[33m.[39mlastQuery[33m=[39m[33mJSON[3
9m[33m.[39mstringify(i)[33m,[39m[36mthis
[39m[33m.[39mexecutingQueryPromise[33m=[
39m[36mthis[39m[33m.[39mengine[33m?[39m
[33m.[39mquery([36mthis[39m[33m.[39mlas
tQuery[33m,[39m[33mJSON[39m[33m.[39mstr
ingify({traceparent[33m:[39mn})[33m,[39mo
s(r))[33m;[39m[36mlet[39m s[33m=[39m[3
6mawait[39m [36mthis[39m[33m.[39mexecuti
ngQueryPromise[33m,[39ma[33m=[39m[36mthi
s[39m[33m.[39mparseEngineResponse(s)[33m;
[39m[36mif[39m(a[33m.[39merrors)[36mthr
ow[39m a[33m.[39merrors[33m.[39mlength[
33m===[39m[35m1[39m[33m?[39m[36mthis[3
9m[33m.[39mbuildQueryError(a[33m.[39merro
rs[[35m0[39m][33m,[39mo[33m?[39m[33m.
[39merrorRegistry)[33m:[39m[36mnew[39m [
33mQ[39m([33mJSON[39m[33m.[39mstringify(
a[33m.[39merrors)[33m,[39m{clientVersion
[33m:[39m[36mthis[39m[33m.[39mconfig[33
m.[39mclientVersion})[33m;[39m[36mlet[39
m{batchResult[33m:[39mf[33m,[39merrors[3
3m:[39mv}[33m=[39ma[33m;[39m[36mif[39m
([33mArray[39m[33m.[39misArray(f))[36mre
turn[39m f[33m.[39mmap([33mR[39m[33m=>
[39m[33mR[39m[33m.[39merrors[33m&&[39m
[33mR[39m[33m.[39merrors[33m.[39mlength
[33m>[39m[35m0[39m[33m?[39m[36mthis[39
m[33m.[39mloggerRustPanic[33m?[39m[33m?
[39m[36mthis[39m[33m.[39mbuildQueryError(
[33mR[39m[33m.[39merrors[[35m0[39m][33
m,[39mo[33m?[39m[33m.[39merrorRegistry)
[33m:[39m{data[33m:[39m[33mR[39m})[33m;
[39m[36mthrow[39m v[33m&&[39mv[33m.[39
mlength[33m===[39m[35m1[39m[33m?[39m[3
6mnew[39m [33mError[39m(v[[35m0[39m][33
m.[39merror)[33m:[39m[36mnew[39m [33mEr
ror[39m([33mJSON[39m[33m.[39mstringify(a
))}buildQueryError(e[33m,[39mr){e[33m.[39
muser_facing_error[33m.[39mis_panic[33m;[
39m[36mlet[39m n[33m=[39m[36mthis[39m[
33m.[39mgetExternalAdapterError(e[33m.[39m
user_facing_error[33m,[39mr)[33m;[39m[36
mreturn[39m n[33m?[39mn[33m.[39merror[3
3m:[39mst(e[33m,[39m[36mthis[39m[33m.[
39mconfig[33m.[39mclientVersion[33m,[39m
[36mthis[39m[33m.[39mconfig[33m.[39macti
veProvider)}getExternalAdapterError(e[33m,[
39mr){[36mif[39m(e[33m.[39merror_code[33
m===[39m[33mRu[39m[33m&&[39mr){[36mlet
[39m n[33m=[39me[33m.[39mmeta[33m?[39m
[33m.[39mid[33m;[39myr([36mtypeof[39m n
[33m==[39m[32m"number"[39m[33m,[39m[32m
"Malformed external JS error received from th
e engine"[39m)[33m;[39m[36mlet[39m i[33
m=[39mr[33m.[39mconsumeError(n)[33m;[39m
[36mreturn[39m yr(i[33m,[39m[32m"Externa
l error with reported id was not registered"
[39m)[33m,[39mi}}[36masync[39m metrics(e)
{[36mawait[39m [36mthis[39m[33m.[39msta
rt()[33m;[39m[36mlet[39m r[33m=[39m[36
mawait[39m [36mthis[39m[33m.[39mengine[
33m.[39mmetrics([33mJSON[39m[33m.[39mstr
ingify(e))[33m;[39m[36mreturn[39m e[33m.
[39mformat[33m===[39m[32m"prometheus"[39
m[33m?[39mr[33m:[39m[36mthis[39m[33m.
[39mparseEngineResponse(r)}}[33m;[39m[36mf
unction[39m [33mDu[39m(t){[36mreturn[39m
 [36mtypeof[39m t[33m==[39m[32m"object"
[39m[33m&&[39mt[33m!==[39m[36mnull[39m
[33m&&[39mt[33m.[39merror_code[33m!==[39
m[36mvoid[39m [35m0[39m}u()[33m;[39mc()
[33m;[39mp()[33m;[39mm()[33m;[39md()[3
3m;[39ml()[33m;[39m[36mfunction[39m [36
mas[39m({url[33m:[39mt[33m,[39madapter[
33m:[39me[33m,[39mcopyEngine[33m:[39mr[
33m,[39mtargetBuildType[33m:[39mn}){[36ml
et[39m i[33m=[39m[][33m,[39mo[33m=[39m
[][33m,[39ms[33m=[39m[33mD[39m[33m=>[
39m{i[33m.[39mpush({_tag[33m:[39m[32m"wa
rning"[39m[33m,[39mvalue[33m:[39m[33mD
[39m})}[33m,[39ma[33m=[39m[33mD[39m[33
m=>[39m{[36mlet[39m k[33m=[39m[33mD[39
m[33m.[39mjoin([32m`[39m
 [90m 18 |[39m [32m`[39m)[33m;[39mo[33
m.[39mpush({_tag[33m:[39m[32m"error"[39m
[33m,[39mvalue[33m:[39mk})}[33m,[39mf[
33m=[39m[33m![39m[33m![39mt[33m?[39m[
33m.[39mstartsWith([32m"prisma://"[39m)[3
3m,[39mv[33m=[39mgr(t)[33m,[39m[33mR[3
9m[33m=[39m[33m![39m[33m![39me[33m,[3
9m[33mA[39m[33m=[39mf[33m||[39mv[33m;
[39m[33m![39m[33mR[39m[33m&&[39mr[33m&
&[39m[33mA[39m[33m&&[39mn[33m!==[39m[
32m"client"[39m[33m&&[39mn[33m!==[39m[3
2m"wasm-compiler-edge"[39m[33m&&[39ms([[3
2m"recommend--no-engine"[39m[33m,[39m[32m
"In production, we recommend using `prisma ge
nerate --no-engine` (See: `prisma generate --
help`)"[39m])[33m;[39m[36mlet[39m [33mI
[39m[33m=[39m[33mA[39m[33m||[39m[33m!
[39mr[33m;[39m[33mR[39m[33m&&[39m([33
mI[39m[33m||[39mn[33m===[39m[32m"edge"
[39m)[33m&&[39m(n[33m===[39m[32m"edge"[
39m[33m?[39ma([[32m"Prisma Client was conf
igured to use the `adapter` option but it was
 imported via its `/edge` endpoint."[39m[33
m,[39m[32m"Please either remove the `/edge`
 endpoint or remove the `adapter` from the Pr
isma Client constructor."[39m])[33m:[39m[
33mA[39m[33m?[39ma([[32m"You've provided 
both a driver adapter and an Accelerate datab
ase URL. Driver adapters currently cannot con
nect to Accelerate."[39m[33m,[39m[32m"Ple
ase provide either a driver adapter with a di
rect database URL or an Accelerate URL and no
 driver adapter."[39m])[33m:[39mr[33m||[
39ma([[32m"Prisma Client was configured to u
se the `adapter` option but `prisma generate`
 was run with `--no-engine`."[39m[33m,[39m
[32m"Please run `prisma generate` without `-
-no-engine` to be able to use Prisma Client w
ith the adapter."[39m]))[33m;[39m[36mlet
[39m [33mC[39m[33m=[39m{accelerate[33m:
[39m[33mI[39m[33m,[39mppg[33m:[39mv[33
m,[39mdriverAdapters[33m:[39m[33mR[39m}
[33m;[39m[36mfunction[39m [33mL[39m([33
mD[39m){[36mreturn[39m [33mD[39m[33m.[
39mlength[33m>[39m[35m0[39m}[36mreturn[
39m [33mL[39m(o)[33m?[39m{ok[33m:[39m[
33m![39m[35m1[39m[33m,[39mdiagnostics[3
3m:[39m{warnings[33m:[39mi[33m,[39merror
s[33m:[39mo}[33m,[39misUsing[33m:[39m[
33mC[39m}[33m:[39m{ok[33m:[39m[33m![39
m[35m0[39m[33m,[39mdiagnostics[33m:[39m
{warnings[33m:[39mi}[33m,[39misUsing[33m
:[39m[33mC[39m}}[36mfunction[39m ls({cop
yEngine[33m:[39mt[33m=[39m[33m![39m[35
m0[39m}[33m,[39me){[36mlet[39m r[33m;[
39m[36mtry[39m{r[33m=[39mct({inlineDataso
urces[33m:[39me[33m.[39minlineDatasources
[33m,[39moverrideDatasources[33m:[39me[3
3m.[39moverrideDatasources[33m,[39menv[33
m:[39m{[33m...[39me[33m.[39menv[33m,[3
9m[33m...[39mg[33m.[39menv}[33m,[39mcli
entVersion[33m:[39me[33m.[39mclientVersio
n})}[36mcatch[39m{}[36mlet[39m{ok[33m:[
39mn[33m,[39misUsing[33m:[39mi[33m,[39m
diagnostics[33m:[39mo}[33m=[39m[36mas[3
9m({url[33m:[39mr[33m,[39madapter[33m:[
39me[33m.[39madapter[33m,[39mcopyEngine[
33m:[39mt[33m,[39mtargetBuildType[33m:[3
9m[32m"wasm-engine-edge"[39m})[33m;[39m[
36mfor[39m([36mlet[39m [33mA[39m [36mof
[39m o[33m.[39mwarnings)[33mTt[39m([33m
...[39m[33mA[39m[33m.[39mvalue)[33m;[3
9m[36mif[39m([33m![39mn){[36mlet[39m [
33mA[39m[33m=[39mo[33m.[39merrors[[35m0
[39m][33m;[39m[36mthrow[39m [36mnew[39
m [33mY[39m([33mA[39m[33m.[39mvalue[33
m,[39m{clientVersion[33m:[39me[33m.[39mc
lientVersion})}[36mlet[39m s[33m=[39m[33
mJe[39m(e[33m.[39mgenerator)[33m,[39ma[
33m=[39ms[33m===[39m[32m"library"[39m[3
3m,[39mf[33m=[39ms[33m===[39m[32m"binar
y"[39m[33m,[39mv[33m=[39ms[33m===[39m
[32m"client"[39m[33m,[39m[33mR[39m[33m=
[39m(i[33m.[39maccelerate[33m||[39mi[33
m.[39mppg)[33m&&[39m[33m![39mi[33m.[39
mdriverAdapters[33m;[39m[36mreturn[39m i
[33m.[39maccelerate[33m?[39m[36mnew[39m 
[33mZt[39m(e)[33m:[39mi[33m.[39mdriverA
dapters[33m?[39m[36mnew[39m er(e)[33m:[
39m[36mnew[39m $n({clientVersion[33m:[39m
e[33m.[39mclientVersion})}[36mvar[39m $n
[33m=[39m[36mclass[39m{constructor(e){[36
mreturn[39m [36mnew[39m [33mProxy[39m([
36mthis[39m[33m,[39m{[36mget[39m(r[33m,
[39mn){[36mlet[39m i[33m=[39m[32m`In or
der to run Prisma Client on edge runtime, eit
her:[39m
 [90m 19 |[39m [32m- Use Prisma Accelerate
: https://pris.ly/d/accelerate[39m[0m

A Node.js API is used (setImmediate at line: 
16) which is not supported in the Edge Runtim
e.
Learn more: https://nextjs.org/docs/api-refer
ence/edge-runtime

Import traces:
  App Route:
    ./prisma/generated/central-client/runtime
/wasm-engine-edge.js
    ./prisma/generated/tenant-client/index.js
    ./src/shared/lib/db.ts
    ./src/app/api/emissions/import/route.ts

  Edge Middleware:
    ./prisma/generated/central-client/runtime
/wasm-engine-edge.js
    ./prisma/generated/central-client/wasm.js
    ./prisma/generated/central-client/default
.js
    ./src/shared/lib/db.ts
    ./src/features/organizations/services.ts
    ./src/middleware.ts


./prisma/generated/tenant-client/runtime/wasm
-engine-edge.js:16:14435
Ecmascript file had an error
[0m [90m 14 |[39m [32mIn Cloudflare modul
e Workers, environment variables are availabl
e only in the Worker's \`env\` parameter of \
`fetch\`.[39m
 [90m 15 |[39m [32mTo solve this, provide 
the connection string directly: https://pris.
ly/d/cloudflare-datasource-url`[39m[33m,[3
9mn)[33m:[39m[36mnew[39m [33mM[39m([32
m`error: Environment variable not found: ${s.
fromEnvVar}.`[39m[33m,[39mn)[33m;[39m[3
6mif[39m(i[33m===[39m[36mvoid[39m [35m0
[39m)[36mthrow[39m [36mnew[39m [33mM[3
9m([32m"error: Missing URL environment varia
ble, value, or override."[39m[33m,[39mn)[
33m;[39m[36mreturn[39m i}u()[33m;[39mc()
[33m;[39mp()[33m;[39mm()[33m;[39md()[3
3m;[39ml()[33m;[39mu()[33m;[39mc()[33m;
[39mp()[33m;[39mm()[33m;[39md()[33m;[3
9ml()[33m;[39mu()[33m;[39mc()[33m;[39mp
()[33m;[39mm()[33m;[39md()[33m;[39ml()
[33m;[39m[36mvar[39m [33mBr[39m[33m=[3
9m[36mclass[39m [36mextends[39m [33mErro
r[39m{clientVersion[33m;[39mcause[33m;[3
9mconstructor(e[33m,[39mr){[36msuper[39m(
e)[33m,[39m[36mthis[39m[33m.[39mclientV
ersion[33m=[39mr[33m.[39mclientVersion[3
3m,[39m[36mthis[39m[33m.[39mcause[33m=
[39mr[33m.[39mcause}[36mget[39m[[33mSymb
ol[39m[33m.[39mtoStringTag](){[36mreturn
[39m [36mthis[39m[33m.[39mname}}[33m;[3
9m[36mvar[39m ie[33m=[39m[36mclass[39m 
[36mextends[39m [33mBr[39m{isRetryable[3
3m;[39mconstructor(e[33m,[39mr){[36msuper
[39m(e[33m,[39mr)[33m,[39m[36mthis[39m
[33m.[39misRetryable[33m=[39mr[33m.[39m
isRetryable[33m?[39m[33m?[39m[33m![39m
[35m0[39m}}[33m;[39mu()[33m;[39mc()[33m
;[39mp()[33m;[39mm()[33m;[39md()[33m;[
39ml()[33m;[39m[36mfunction[39m _(t[33m,
[39me){[36mreturn[39m{[33m...[39mt[33m,
[39misRetryable[33m:[39me}}[36mvar[39m 
[33mUe[39m[33m=[39m[36mclass[39m [36mex
tends[39m ie{name[33m=[39m[32m"InvalidDat
asourceError"[39m[33m;[39mcode[33m=[39m
[32m"P6001"[39m[33m;[39mconstructor(e[33m
,[39mr){[36msuper[39m(e[33m,[39m_(r[33m
,[39m[33m![39m[35m1[39m))}}[33m;[39m[
33mO[39m([33mUe[39m[33m,[39m[32m"Invali
dDatasourceError"[39m)[33m;[39m[36mfuncti
on[39m zo(t){[36mlet[39m e[33m=[39m{clie
ntVersion[33m:[39mt[33m.[39mclientVersion
}[33m,[39mr[33m=[39m[33mObject[39m[33m
.[39mkeys(t[33m.[39minlineDatasources)[[3
5m0[39m][33m,[39mn[33m=[39mct({inlineDat
asources[33m:[39mt[33m.[39minlineDatasour
ces[33m,[39moverrideDatasources[33m:[39mt
[33m.[39moverrideDatasources[33m,[39mclie
ntVersion[33m:[39mt[33m.[39mclientVersion
[33m,[39menv[33m:[39m{[33m...[39mt[33m
.[39menv[33m,[39m[33m...[39m[36mtypeof
[39m g[33m<[39m[32m"u"[39m[33m?[39mg[3
3m.[39menv[33m:[39m{}}})[33m,[39mi[33m;
[39m[36mtry[39m{i[33m=[39m[36mnew[39m 
[33mURL[39m(n)}[36mcatch[39m{[36mthrow[
39m [36mnew[39m [33mUe[39m([32m`Error va
lidating datasource \`${r}\`: the URL must st
art with the protocol \`prisma://\``[39m[33
m,[39me)}[36mlet[39m{protocol[33m:[39mo
[33m,[39msearchParams[33m:[39ms}[33m=[39
mi[33m;[39m[36mif[39m(o[33m!==[39m[32m
"prisma:"[39m[33m&&[39mo[33m!==[39mfr)[
36mthrow[39m [36mnew[39m [33mUe[39m([32
m`Error validating datasource \`${r}\`: the U
RL must start with the protocol \`prisma://\`
 or \`prisma+postgres://\``[39m[33m,[39me)
[33m;[39m[36mlet[39m a[33m=[39ms[33m.
[39m[36mget[39m([32m"api_key"[39m)[33m;
[39m[36mif[39m(a[33m===[39m[36mnull[39m
[33m||[39ma[33m.[39mlength[33m<[39m[35
m1[39m)[36mthrow[39m [36mnew[39m [33mUe
[39m([32m`Error validating datasource \`${r
}\`: the URL must contain a valid API key`[3
9m[33m,[39me)[33m;[39m[36mlet[39m f[33
m=[39mcn(i)[33m?[39m[32m"http:"[39m[33m
:[39m[32m"https:"[39m[33m;[39mg[33m.[3
9menv[33m.[39m[33mTEST_CLIENT_ENGINE_REMOT
E_EXECUTOR[39m[33m&&[39mi[33m.[39msearch
Params[33m.[39mhas([32m"use_http"[39m)[3
3m&&[39m(f[33m=[39m[32m"http:"[39m)[33m
;[39m[36mlet[39m v[33m=[39m[36mnew[39m
 [33mURL[39m(i[33m.[39mhref[33m.[39mrep
lace(o[33m,[39mf))[33m;[39m[36mreturn[3
9m{apiKey[33m:[39ma[33m,[39murl[33m:[39
mv}}u()[33m;[39mc()[33m;[39mp()[33m;[39
mm()[33m;[39md()[33m;[39ml()[33m;[39m[
36mvar[39m [33mYo[39m[33m=[39mbt([33mDi
[39m())[33m,[39m$r[33m=[39m[36mclass[3
9m{apiKey[33m;[39mtracingHelper[33m;[39ml
ogLevel[33m;[39mlogQueries[33m;[39mengine
Hash[33m;[39mconstructor({apiKey[33m:[39m
e[33m,[39mtracingHelper[33m:[39mr[33m,[
39mlogLevel[33m:[39mn[33m,[39mlogQueries
[33m:[39mi[33m,[39mengineHash[33m:[39mo}
){[36mthis[39m[33m.[39mapiKey[33m=[39me
[33m,[39m[36mthis[39m[33m.[39mtracingHe
lper[33m=[39mr[33m,[39m[36mthis[39m[33
m.[39mlogLevel[33m=[39mn[33m,[39m[36mth
is[39m[33m.[39mlogQueries[33m=[39mi[33m
,[39m[36mthis[39m[33m.[39mengineHash[33
m=[39mo}build({traceparent[33m:[39me[33m,
[39mtransactionId[33m:[39mr}[33m=[39m{})
{[36mlet[39m n[33m=[39m{[33mAccept[39m
[33m:[39m[32m"application/json"[39m[33m,
[39m[33mAuthorization[39m[33m:[39m[32m`B
earer ${this.apiKey}`[39m[33m,[39m[32m"Co
ntent-Type"[39m[33m:[39m[32m"application/
json"[39m[33m,[39m[32m"Prisma-Engine-Hash
"[39m[33m:[39m[36mthis[39m[33m.[39meng
ineHash[33m,[39m[32m"Prisma-Engine-Version
"[39m[33m:[39m[33mYo[39m[33m.[39mengin
esVersion}[33m;[39m[36mthis[39m[33m.[39
mtracingHelper[33m.[39misEnabled()[33m&&[
39m(n[33m.[39mtraceparent[33m=[39me[33m?
[39m[33m?[39m[36mthis[39m[33m.[39mtrac
ingHelper[33m.[39mgetTraceParent())[33m,[
39mr[33m&&[39m(n[[32m"X-Transaction-Id"[3
9m][33m=[39mr)[33m;[39m[36mlet[39m i[3
3m=[39m[36mthis[39m[33m.[39m[33m#[39me
()[33m;[39m[36mreturn[39m i[33m.[39mlen
gth[33m>[39m[35m0[39m[33m&&[39m(n[[32m
"X-Capture-Telemetry"[39m][33m=[39mi[33m.
[39mjoin([32m", "[39m))[33m,[39mn}[33m#
[39me(){[36mlet[39m e[33m=[39m[][33m;[
39m[36mreturn[39m [36mthis[39m[33m.[39m
tracingHelper[33m.[39misEnabled()[33m&&[3
9me[33m.[39mpush([32m"tracing"[39m)[33m,
[39m[36mthis[39m[33m.[39mlogLevel[33m&&
[39me[33m.[39mpush([36mthis[39m[33m.[3
9mlogLevel)[33m,[39m[36mthis[39m[33m.[3
9mlogQueries[33m&&[39me[33m.[39mpush([32
m"query"[39m)[33m,[39me}}[33m;[39mu()[3
3m;[39mc()[33m;[39mp()[33m;[39mm()[33m;
[39md()[33m;[39ml()[33m;[39m[36mfunctio
n[39m hu(t){[36mreturn[39m t[[35m0[39m]
[33m*[39m[35m1e3[39m[33m+[39mt[[35m1[3
9m][33m/[39m[35m1e6[39m}[36mfunction[39
m _n(t){[36mreturn[39m [36mnew[39m [33mD
ate[39m(hu(t))}u()[33m;[39mc()[33m;[39mp
()[33m;[39mm()[33m;[39md()[33m;[39ml()
[33m;[39mu()[33m;[39mc()[33m;[39mp()[33
m;[39mm()[33m;[39md()[33m;[39ml()[33m;
[39m[36mvar[39m pt[33m=[39m[36mclass[39
m [36mextends[39m ie{name[33m=[39m[32m"F
orcedRetryError"[39m[33m;[39mcode[33m=[3
9m[32m"P5001"[39m[33m;[39mconstructor(e){
[36msuper[39m([32m"This request must be re
tried"[39m[33m,[39m_(e[33m,[39m[33m![3
9m[35m0[39m))}}[33m;[39m[33mO[39m(pt[3
3m,[39m[32m"ForcedRetryError"[39m)[33m;[
39mu()[33m;[39mc()[33m;[39mp()[33m;[39m
m()[33m;[39md()[33m;[39ml()[33m;[39m[3
6mvar[39m qe[33m=[39m[36mclass[39m [36m
extends[39m ie{name[33m=[39m[32m"NotImple
mentedYetError"[39m[33m;[39mcode[33m=[39
m[32m"P5004"[39m[33m;[39mconstructor(e[3
3m,[39mr){[36msuper[39m(e[33m,[39m_(r[3
3m,[39m[33m![39m[35m1[39m))}}[33m;[39m
[33mO[39m(qe[33m,[39m[32m"NotImplemented
YetError"[39m)[33m;[39mu()[33m;[39mc()[
33m;[39mp()[33m;[39mm()[33m;[39md()[33m
;[39ml()[33m;[39mu()[33m;[39mc()[33m;[
39mp()[33m;[39mm()[33m;[39md()[33m;[39m
l()[33m;[39m[36mvar[39m [33mV[39m[33m=
[39m[36mclass[39m [36mextends[39m ie{res
ponse[33m;[39mconstructor(e[33m,[39mr){[
36msuper[39m(e[33m,[39mr)[33m,[39m[36mt
his[39m[33m.[39mresponse[33m=[39mr[33m.
[39mresponse[33m;[39m[36mlet[39m n[33m=
[39m[36mthis[39m[33m.[39mresponse[33m.
[39mheaders[33m.[39m[36mget[39m([32m"pri
sma-request-id"[39m)[33m;[39m[36mif[39m(
n){[36mlet[39m i[33m=[39m[32m`(The reque
st id was: ${n})`[39m[33m;[39m[36mthis[3
9m[33m.[39mmessage[33m=[39m[36mthis[39m
[33m.[39mmessage[33m+[39m[32m" "[39m[3
3m+[39mi}}}[33m;[39m[36mvar[39m [33mVe
[39m[33m=[39m[36mclass[39m [36mextends[
39m [33mV[39m{name[33m=[39m[32m"SchemaMi
ssingError"[39m[33m;[39mcode[33m=[39m[3
2m"P5005"[39m[33m;[39mconstructor(e){[36m
super[39m([32m"Schema needs to be uploaded"
[39m[33m,[39m_(e[33m,[39m[33m![39m[35
m0[39m))}}[33m;[39m[33mO[39m([33mVe[39
m[33m,[39m[32m"SchemaMissingError"[39m)[
33m;[39mu()[33m;[39mc()[33m;[39mp()[33m
;[39mm()[33m;[39md()[33m;[39ml()[33m;[
39mu()[33m;[39mc()[33m;[39mp()[33m;[39m
m()[33m;[39md()[33m;[39ml()[33m;[39m[3
6mvar[39m [33mMn[39m[33m=[39m[32m"This 
request could not be understood by the server
"[39m[33m,[39m[33mVt[39m[33m=[39m[36m
class[39m [36mextends[39m [33mV[39m{name
[33m=[39m[32m"BadRequestError"[39m[33m;
[39mcode[33m=[39m[32m"P5000"[39m[33m;[3
9mconstructor(e[33m,[39mr[33m,[39mn){[36
msuper[39m(r[33m||[39m[33mMn[39m[33m,[
39m_(e[33m,[39m[33m![39m[35m1[39m))[33
m,[39mn[33m&&[39m([36mthis[39m[33m.[39
mcode[33m=[39mn)}}[33m;[39m[33mO[39m([
33mVt[39m[33m,[39m[32m"BadRequestError"[
39m)[33m;[39mu()[33m;[39mc()[33m;[39mp(
)[33m;[39mm()[33m;[39md()[33m;[39ml()[
33m;[39m[36mvar[39m [33mBt[39m[33m=[39
m[36mclass[39m [36mextends[39m [33mV[39
m{name[33m=[39m[32m"HealthcheckTimeoutErro
r"[39m[33m;[39mcode[33m=[39m[32m"P5013"
[39m[33m;[39mlogs[33m;[39mconstructor(e
[33m,[39mr){[36msuper[39m([32m"Engine not
 started: healthcheck timeout"[39m[33m,[39
m_(e[33m,[39m[33m![39m[35m0[39m))[33m,
[39m[36mthis[39m[33m.[39mlogs[33m=[39m
r}}[33m;[39m[33mO[39m([33mBt[39m[33m,
[39m[32m"HealthcheckTimeoutError"[39m)[33m
;[39mu()[33m;[39mc()[33m;[39mp()[33m;[
39mm()[33m;[39md()[33m;[39ml()[33m;[39m
[36mvar[39m $t[33m=[39m[36mclass[39m [
36mextends[39m [33mV[39m{name[33m=[39m[
32m"EngineStartupError"[39m[33m;[39mcode[
33m=[39m[32m"P5014"[39m[33m;[39mlogs[33
m;[39mconstructor(e[33m,[39mr[33m,[39mn)
{[36msuper[39m(r[33m,[39m_(e[33m,[39m[
33m![39m[35m0[39m))[33m,[39m[36mthis[3
9m[33m.[39mlogs[33m=[39mn}}[33m;[39m[3
3mO[39m($t[33m,[39m[32m"EngineStartupErro
r"[39m)[33m;[39mu()[33m;[39mc()[33m;[3
9mp()[33m;[39mm()[33m;[39md()[33m;[39ml
()[33m;[39m[36mvar[39m jt[33m=[39m[36m
class[39m [36mextends[39m [33mV[39m{name
[33m=[39m[32m"EngineVersionNotSupportedErr
or"[39m[33m;[39mcode[33m=[39m[32m"P5012
"[39m[33m;[39mconstructor(e){[36msuper[3
9m([32m"Engine version is not supported"[39
m[33m,[39m_(e[33m,[39m[33m![39m[35m1[
39m))}}[33m;[39m[33mO[39m(jt[33m,[39m[
32m"EngineVersionNotSupportedError"[39m)[33
m;[39mu()[33m;[39mc()[33m;[39mp()[33m;
[39mm()[33m;[39md()[33m;[39ml()[33m;[39
m[36mvar[39m [33mLn[39m[33m=[39m[32m"R
equest timed out"[39m[33m,[39m[33mQt[39m
[33m=[39m[36mclass[39m [36mextends[39m 
[33mV[39m{name[33m=[39m[32m"GatewayTimeo
utError"[39m[33m;[39mcode[33m=[39m[32m"
P5009"[39m[33m;[39mconstructor(e[33m,[39
mr[33m=[39m[33mLn[39m){[36msuper[39m(r
[33m,[39m_(e[33m,[39m[33m![39m[35m1[39
m))}}[33m;[39m[33mO[39m([33mQt[39m[33m
,[39m[32m"GatewayTimeoutError"[39m)[33m;
[39mu()[33m;[39mc()[33m;[39mp()[33m;[39
mm()[33m;[39md()[33m;[39ml()[33m;[39m[
36mvar[39m bu[33m=[39m[32m"Interactive tr
ansaction error"[39m[33m,[39m[33mGt[39m
[33m=[39m[36mclass[39m [36mextends[39m 
[33mV[39m{name[33m=[39m[32m"InteractiveTr
ansactionError"[39m[33m;[39mcode[33m=[39
m[32m"P5015"[39m[33m;[39mconstructor(e[3
3m,[39mr[33m=[39mbu){[36msuper[39m(r[33
m,[39m_(e[33m,[39m[33m![39m[35m1[39m))
}}[33m;[39m[33mO[39m([33mGt[39m[33m,[
39m[32m"InteractiveTransactionError"[39m)[
33m;[39mu()[33m;[39mc()[33m;[39mp()[33m
;[39mm()[33m;[39md()[33m;[39ml()[33m;[
39m[36mvar[39m [33mEu[39m[33m=[39m[32m
"Request parameters are invalid"[39m[33m,[
39m[33mJt[39m[33m=[39m[36mclass[39m [3
6mextends[39m [33mV[39m{name[33m=[39m[3
2m"InvalidRequestError"[39m[33m;[39mcode[
33m=[39m[32m"P5011"[39m[33m;[39mconstruc
tor(e[33m,[39mr[33m=[39m[33mEu[39m){[3
6msuper[39m(r[33m,[39m_(e[33m,[39m[33m!
[39m[35m1[39m))}}[33m;[39m[33mO[39m([
33mJt[39m[33m,[39m[32m"InvalidRequestErro
r"[39m)[33m;[39mu()[33m;[39mc()[33m;[3
9mp()[33m;[39mm()[33m;[39md()[33m;[39ml
()[33m;[39m[36mvar[39m [33mFn[39m[33m=
[39m[32m"Requested resource does not exist"
[39m[33m,[39m[33mWt[39m[33m=[39m[36mc
lass[39m [36mextends[39m [33mV[39m{name
[33m=[39m[32m"NotFoundError"[39m[33m;[39
mcode[33m=[39m[32m"P5003"[39m[33m;[39mc
onstructor(e[33m,[39mr[33m=[39m[33mFn[3
9m){[36msuper[39m(r[33m,[39m_(e[33m,[39
m[33m![39m[35m1[39m))}}[33m;[39m[33mO
[39m([33mWt[39m[33m,[39m[32m"NotFoundErr
or"[39m)[33m;[39mu()[33m;[39mc()[33m;[
39mp()[33m;[39mm()[33m;[39md()[33m;[39m
l()[33m;[39m[36mvar[39m [33mNn[39m[33m
=[39m[32m"Unknown server error"[39m[33m,
[39mmt[33m=[39m[36mclass[39m [36mextends
[39m [33mV[39m{name[33m=[39m[32m"Server
Error"[39m[33m;[39mcode[33m=[39m[32m"P5
006"[39m[33m;[39mlogs[33m;[39mconstructo
r(e[33m,[39mr[33m,[39mn){[36msuper[39m(
r[33m||[39m[33mNn[39m[33m,[39m_(e[33m,
[39m[33m![39m[35m0[39m))[33m,[39m[36m
this[39m[33m.[39mlogs[33m=[39mn}}[33m;
[39m[33mO[39m(mt[33m,[39m[32m"ServerErro
r"[39m)[33m;[39mu()[33m;[39mc()[33m;[3
9mp()[33m;[39mm()[33m;[39md()[33m;[39ml
()[33m;[39m[36mvar[39m [33mUn[39m[33m=
[39m[32m"Unauthorized, check your connectio
n string"[39m[33m,[39m[33mKt[39m[33m=[
39m[36mclass[39m [36mextends[39m [33mV[
39m{name[33m=[39m[32m"UnauthorizedError"[
39m[33m;[39mcode[33m=[39m[32m"P5007"[39
m[33m;[39mconstructor(e[33m,[39mr[33m=[
39m[33mUn[39m){[36msuper[39m(r[33m,[39m
_(e[33m,[39m[33m![39m[35m1[39m))}}[33m
;[39m[33mO[39m([33mKt[39m[33m,[39m[32
m"UnauthorizedError"[39m)[33m;[39mu()[33m
;[39mc()[33m;[39mp()[33m;[39mm()[33m;[
39md()[33m;[39ml()[33m;[39m[36mvar[39m 
qn[33m=[39m[32m"Usage exceeded, retry agai
n later"[39m[33m,[39m[33mHt[39m[33m=[3
9m[36mclass[39m [36mextends[39m [33mV[3
9m{name[33m=[39m[32m"UsageExceededError"[
39m[33m;[39mcode[33m=[39m[32m"P5008"[39
m[33m;[39mconstructor(e[33m,[39mr[33m=[
39mqn){[36msuper[39m(r[33m,[39m_(e[33m,
[39m[33m![39m[35m0[39m))}}[33m;[39m[33
mO[39m([33mHt[39m[33m,[39m[32m"UsageExc
eededError"[39m)[33m;[39m[36masync[39m 
[36mfunction[39m wu(t){[36mlet[39m e[33m;
[39m[36mtry[39m{e[33m=[39m[36mawait[39
m t[33m.[39mtext()}[36mcatch[39m{[36mret
urn[39m{type[33m:[39m[32m"EmptyError"[39
m}}[36mtry[39m{[36mlet[39m r[33m=[39m[
33mJSON[39m[33m.[39mparse(e)[33m;[39m[3
6mif[39m([36mtypeof[39m r[33m==[39m[32m
"string"[39m)[36mswitch[39m(r){[36mcase[
39m[32m"InternalDataProxyError"[39m[33m:[
39m[36mreturn[39m{type[33m:[39m[32m"Data
ProxyError"[39m[33m,[39mbody[33m:[39mr}
[33m;[39m[36mdefault[39m[33m:[39m[36mre
turn[39m{type[33m:[39m[32m"UnknownTextErr
or"[39m[33m,[39mbody[33m:[39mr}}[36mif
[39m([36mtypeof[39m r[33m==[39m[32m"obje
ct"[39m[33m&&[39mr[33m!==[39m[36mnull[
39m){[36mif[39m([32m"is_panic"[39m[36min
[39m r[33m&&[39m[32m"message"[39m[36min
[39m r[33m&&[39m[32m"error_code"[39m[36
min[39m r)[36mreturn[39m{type[33m:[39m[
32m"QueryEngineError"[39m[33m,[39mbody[33
m:[39mr}[33m;[39m[36mif[39m([32m"Engine
NotStarted"[39m[36min[39m r[33m||[39m[3
2m"InteractiveTransactionMisrouted"[39m[36m
in[39m r[33m||[39m[32m"InvalidRequestErro
r"[39m[36min[39m r){[36mlet[39m n[33m=
[39m[33mObject[39m[33m.[39mvalues(r)[[35
m0[39m][33m.[39mreason[33m;[39m[36mretu
rn[39m [36mtypeof[39m n[33m==[39m[32m"s
tring"[39m[33m&&[39m[33m![39m[[32m"Sche
maMissing"[39m[33m,[39m[32m"EngineVersion
NotSupported"[39m][33m.[39mincludes(n)[33
m?[39m{type[33m:[39m[32m"UnknownJsonError
"[39m[33m,[39mbody[33m:[39mr}[33m:[39m
{type[33m:[39m[32m"DataProxyError"[39m[3
3m,[39mbody[33m:[39mr}}}[36mreturn[39m{t
ype[33m:[39m[32m"UnknownJsonError"[39m[3
3m,[39mbody[33m:[39mr}}[36mcatch[39m{[3
6mreturn[39m e[33m===[39m[32m""[39m[33m
?[39m{type[33m:[39m[32m"EmptyError"[39m}
[33m:[39m{type[33m:[39m[32m"UnknownTextE
rror"[39m[33m,[39mbody[33m:[39me}}}[36m
async[39m [36mfunction[39m zt(t[33m,[39m
e){[36mif[39m(t[33m.[39mok)[36mreturn[3
9m[33m;[39m[36mlet[39m r[33m=[39m{clien
tVersion[33m:[39me[33m,[39mresponse[33m:
[39mt}[33m,[39mn[33m=[39m[36mawait[39m
 wu(t)[33m;[39m[36mif[39m(n[33m.[39mtyp
e[33m===[39m[32m"QueryEngineError"[39m)[
36mthrow[39m [36mnew[39m [33mX[39m(n[33
m.[39mbody[33m.[39mmessage[33m,[39m{code
[33m:[39mn[33m.[39mbody[33m.[39merror_c
ode[33m,[39mclientVersion[33m:[39me})[33
m;[39m[36mif[39m(n[33m.[39mtype[33m===
[39m[32m"DataProxyError"[39m){[36mif[39m(
n[33m.[39mbody[33m===[39m[32m"InternalDa
taProxyError"[39m)[36mthrow[39m [36mnew[
39m mt(r[33m,[39m[32m"Internal Data Proxy 
error"[39m)[33m;[39m[36mif[39m([32m"Eng
ineNotStarted"[39m[36min[39m n[33m.[39mb
ody){[36mif[39m(n[33m.[39mbody[33m.[39m
[33mEngineNotStarted[39m[33m.[39mreason[
33m===[39m[32m"SchemaMissing"[39m)[36mret
urn[39m [36mnew[39m [33mVe[39m(r)[33m;
[39m[36mif[39m(n[33m.[39mbody[33m.[39m
[33mEngineNotStarted[39m[33m.[39mreason[3
3m===[39m[32m"EngineVersionNotSupported"[3
9m)[36mthrow[39m [36mnew[39m jt(r)[33m;
[39m[36mif[39m([32m"EngineStartupError"[3
9m[36min[39m n[33m.[39mbody[33m.[39m[3
3mEngineNotStarted[39m[33m.[39mreason){[3
6mlet[39m{msg[33m:[39mi[33m,[39mlogs[33
m:[39mo}[33m=[39mn[33m.[39mbody[33m.[3
9m[33mEngineNotStarted[39m[33m.[39mreason
[33m.[39m[33mEngineStartupError[39m[33m;
[39m[36mthrow[39m [36mnew[39m $t(r[33m,
[39mi[33m,[39mo)}[36mif[39m([32m"KnownE
ngineStartupError"[39m[36min[39m n[33m.[
39mbody[33m.[39m[33mEngineNotStarted[39m
[33m.[39mreason){[36mlet[39m{msg[33m:[39
mi[33m,[39merror_code[33m:[39mo}[33m=[3
9mn[33m.[39mbody[33m.[39m[33mEngineNotSt
arted[39m[33m.[39mreason[33m.[39m[33mKn
ownEngineStartupError[39m[33m;[39m[36mthr
ow[39m [36mnew[39m [33mM[39m(i[33m,[39
me[33m,[39mo)}[36mif[39m([32m"Healthchec
kTimeout"[39m[36min[39m n[33m.[39mbody[
33m.[39m[33mEngineNotStarted[39m[33m.[39
mreason){[36mlet[39m{logs[33m:[39mi}[33m
=[39mn[33m.[39mbody[33m.[39m[33mEngineN
otStarted[39m[33m.[39mreason[33m.[39m[3
3mHealthcheckTimeout[39m[33m;[39m[36mthro
w[39m [36mnew[39m [33mBt[39m(r[33m,[39
mi)}}[36mif[39m([32m"InteractiveTransactio
nMisrouted"[39m[36min[39m n[33m.[39mbody
){[36mlet[39m i[33m=[39m{[33mIDParseErro
r[39m[33m:[39m[32m"Could not parse intera
ctive transaction ID"[39m[33m,[39m[33mNoQ
ueryEngineFoundError[39m[33m:[39m[32m"Cou
ld not find Query Engine for the specified ho
st and transaction ID"[39m[33m,[39m[33mTr
ansactionStartError[39m[33m:[39m[32m"Coul
d not start interactive transaction"[39m}[3
3m;[39m[36mthrow[39m [36mnew[39m [33mGt
[39m(r[33m,[39mi[n[33m.[39mbody[33m.[3
9m[33mInteractiveTransactionMisrouted[39m[
33m.[39mreason])}[36mif[39m([32m"InvalidR
equestError"[39m[36min[39m n[33m.[39mbod
y)[36mthrow[39m [36mnew[39m [33mJt[39m(
r[33m,[39mn[33m.[39mbody[33m.[39m[33mI
nvalidRequestError[39m[33m.[39mreason)}[3
6mif[39m(t[33m.[39mstatus[33m===[39m[35
m401[39m[33m||[39mt[33m.[39mstatus[33m=
==[39m[35m403[39m)[36mthrow[39m [36mnew
[39m [33mKt[39m(r[33m,[39mdt([33mUn[39
m[33m,[39mn))[33m;[39m[36mif[39m(t[33m
.[39mstatus[33m===[39m[35m404[39m)[36mr
eturn[39m [36mnew[39m [33mWt[39m(r[33m,
[39mdt([33mFn[39m[33m,[39mn))[33m;[39m
[36mif[39m(t[33m.[39mstatus[33m===[39m
[35m429[39m)[36mthrow[39m [36mnew[39m [
33mHt[39m(r[33m,[39mdt(qn[33m,[39mn))[3
3m;[39m[36mif[39m(t[33m.[39mstatus[33m=
==[39m[35m504[39m)[36mthrow[39m [36mnew
[39m [33mQt[39m(r[33m,[39mdt([33mLn[39
m[33m,[39mn))[33m;[39m[36mif[39m(t[33m
.[39mstatus[33m>=[39m[35m500[39m)[36mth
row[39m [36mnew[39m mt(r[33m,[39mdt([33
mNn[39m[33m,[39mn))[33m;[39m[36mif[39m
(t[33m.[39mstatus[33m>=[39m[35m400[39m)
[36mthrow[39m [36mnew[39m [33mVt[39m(r
[33m,[39mdt([33mMn[39m[33m,[39mn))}[36m
function[39m dt(t[33m,[39me){[36mreturn[
39m e[33m.[39mtype[33m===[39m[32m"EmptyE
rror"[39m[33m?[39mt[33m:[39m[32m`${t}: 
${JSON.stringify(e)}`[39m}u()[33m;[39mc()
[33m;[39mp()[33m;[39mm()[33m;[39md()[33
m;[39ml()[33m;[39m[36mfunction[39m [33m
Xo[39m(t){[36mlet[39m e[33m=[39m[33mMat
h[39m[33m.[39mpow([35m2[39m[33m,[39mt)
[33m*[39m[35m50[39m[33m,[39mr[33m=[39
m[33mMath[39m[33m.[39mceil([33mMath[39m
[33m.[39mrandom()[33m*[39me)[33m-[39m[
33mMath[39m[33m.[39mceil(e[33m/[39m[35m
2[39m)[33m,[39mn[33m=[39me[33m+[39mr[
33m;[39m[36mreturn[39m [36mnew[39m [33m
Promise[39m(i[33m=>[39msetTimeout(()[33m=
>[39mi(n)[33m,[39mn))}u()[33m;[39mc()[3
3m;[39mp()[33m;[39mm()[33m;[39md()[33m;
[39ml()[33m;[39m[36mvar[39m [33mRe[39m
[33m=[39m[32m"ABCDEFGHIJKLMNOPQRSTUVWXYZab
cdefghijklmnopqrstuvwxyz0123456789+/"[39m[3
3m;[39m[36mfunction[39m [33mZo[39m(t){[
36mlet[39m e[33m=[39m[36mnew[39m [33mTe
xtEncoder[39m()[33m.[39mencode(t)[33m,[3
9mr[33m=[39m[32m""[39m[33m,[39mn[33m=
[39me[33m.[39mbyteLength[33m,[39mi[33m=
[39mn[33m%[39m[35m3[39m[33m,[39mo[33m=
[39mn[33m-[39mi[33m,[39ms[33m,[39ma[3
3m,[39mf[33m,[39mv[33m,[39m[33mR[39m[
33m;[39m[36mfor[39m([36mlet[39m [33mA[
39m[33m=[39m[35m0[39m[33m;[39m[33mA[3
9m[33m<[39m[33mo[39m[33m;[39m[33mA[39
m[33m=[39m[33mA[39m[33m+[39m[35m3[39m
)[33mR[39m[33m=[39me[[33mA[39m][33m<<
[39m[35m16[39m[33m|[39me[[33mA[39m[33m
+[39m[35m1[39m][33m<<[39m[35m8[39m[33
m|[39me[[33mA[39m[33m+[39m[35m2[39m][
33m,[39ms[33m=[39m([33mR[39m[33m&[39m
[35m16515072[39m)[33m>>[39m[35m18[39m[3
3m,[39ma[33m=[39m([33mR[39m[33m&[39m[
35m258048[39m)[33m>>[39m[35m12[39m[33m,
[39mf[33m=[39m([33mR[39m[33m&[39m[35m
4032[39m)[33m>>[39m[35m6[39m[33m,[39mv
[33m=[39m[33mR[39m[33m&[39m[35m63[39m
[33m,[39mr[33m+=[39m[33mRe[39m[s][33m+
[39m[33mRe[39m[a][33m+[39m[33mRe[39m[f
][33m+[39m[33mRe[39m[v][33m;[39m[36mre
turn[39m i[33m==[39m[35m1[39m[33m?[39m
([33mR[39m[33m=[39me[o][33m,[39ms[33m=
[39m([33mR[39m[33m&[39m[35m252[39m)[3
3m>>[39m[35m2[39m[33m,[39ma[33m=[39m(
[33mR[39m[33m&[39m[35m3[39m)[33m<<[39m
[35m4[39m[33m,[39mr[33m+=[39m[33mRe[3
9m[s][33m+[39m[33mRe[39m[a][33m+[39m[3
2m"=="[39m)[33m:[39mi[33m==[39m[35m2[3
9m[33m&&[39m([33mR[39m[33m=[39me[o][33
m<<[39m[35m8[39m[33m|[39me[o[33m+[39m
[35m1[39m][33m,[39ms[33m=[39m([33mR[39
m[33m&[39m[35m64512[39m)[33m>>[39m[35m
10[39m[33m,[39ma[33m=[39m([33mR[39m[3
3m&[39m[35m1008[39m)[33m>>[39m[35m4[39
m[33m,[39mf[33m=[39m([33mR[39m[33m&[3
9m[35m15[39m)[33m<<[39m[35m2[39m[33m,
[39mr[33m+=[39m[33mRe[39m[s][33m+[39m[
33mRe[39m[a][33m+[39m[33mRe[39m[f][33m+
[39m[32m"="[39m)[33m,[39mr}u()[33m;[39
mc()[33m;[39mp()[33m;[39mm()[33m;[39md(
)[33m;[39ml()[33m;[39m[36mfunction[39m 
es(t){[36mif[39m([33m![39m[33m![39mt[3
3m.[39mgenerator[33m?[39m[33m.[39mprevie
wFeatures[33m.[39msome(r[33m=>[39mr[33m.
[39mtoLowerCase()[33m.[39mincludes([32m"m
etrics"[39m)))[36mthrow[39m [36mnew[39m 
[33mM[39m([32m"The `metrics` preview featu
re is not yet available with Accelerate.\nPle
ase remove `metrics` from the `previewFeature
s` in your schema.\n\nMore information about 
Accelerate: https://pris.ly/d/accelerate"[39
m[33m,[39mt[33m.[39mclientVersion)}u()[3
3m;[39mc()[33m;[39mp()[33m;[39mm()[33m;
[39md()[33m;[39ml()[33m;[39m[36mvar[39
m ts[33m=[39m{[32m"@prisma/debug"[39m[33
m:[39m[32m"workspace:*"[39m[33m,[39m[32
m"@prisma/engines-version"[39m[33m:[39m[3
2m"7.1.1-3.c2990dca591cba766e3b7ef5d9e8a84796
e47ab7"[39m[33m,[39m[32m"@prisma/fetch-en
gine"[39m[33m:[39m[32m"workspace:*"[39m
[33m,[39m[32m"@prisma/get-platform"[39m[3
3m:[39m[32m"workspace:*"[39m}[33m;[39mu(
)[33m;[39mc()[33m;[39mp()[33m;[39mm()[
33m;[39md()[33m;[39ml()[33m;[39mu()[33m
;[39mc()[33m;[39mp()[33m;[39mm()[33m;[
39md()[33m;[39ml()[33m;[39m[36mvar[39m 
[33mYt[39m[33m=[39m[36mclass[39m [36me
xtends[39m ie{name[33m=[39m[32m"RequestEr
ror"[39m[33m;[39mcode[33m=[39m[32m"P501
0"[39m[33m;[39mconstructor(e[33m,[39mr){
[36msuper[39m([32m`Cannot fetch data from 
service:[39m
[31m[1m>[22m[39m[90m 16 |[39m [32m${e}
`[39m[33m,[39m_(r[33m,[39m[33m![39m[3
5m0[39m))}}[33m;[39m[33mO[39m([33mYt[3
9m[33m,[39m[32m"RequestError"[39m)[33m;
[39m[36masync[39m [36mfunction[39m [33mB
e[39m(t[33m,[39me[33m,[39mr[33m=[39mn
[33m=>[39mn){[36mlet[39m{clientVersion[33
m:[39mn[33m,[39m[33m...[39mi}[33m=[39m
e[33m,[39mo[33m=[39mr(fetch)[33m;[39m[
36mtry[39m{[36mreturn[39m [36mawait[39m 
o(t[33m,[39mi)}[36mcatch[39m(s){[36mlet
[39m a[33m=[39ms[33m.[39mmessage[33m?[3
9m[33m?[39m[32m"Unknown error"[39m[33m;
[39m[36mthrow[39m [36mnew[39m [33mYt[39
m(a[33m,[39m{clientVersion[33m:[39mn[33m
,[39mcause[33m:[39ms})}}[36mvar[39m [33
mPu[39m[33m=[39m[35m/^[1-9][0-9]*\.[0-9]+
\.[0-9]+$/[39m[33m,[39mrs[33m=[39mj([32
m"prisma:client:dataproxyEngine"[39m)[33m;
[39m[36masync[39m [36mfunction[39m [33mT
u[39m(t[33m,[39me){[36mlet[39m r[33m=[
39mts[[32m"@prisma/engines-version"[39m][3
3m,[39mn[33m=[39me[33m.[39mclientVersion
[33m?[39m[33m?[39m[32m"unknown"[39m[33
m;[39m[36mif[39m(g[33m.[39menv[33m.[39
m[33mPRISMA_CLIENT_DATA_PROXY_CLIENT_VERSION
[39m[33m||[39mglobalThis[33m.[39m[33mPR
ISMA_CLIENT_DATA_PROXY_CLIENT_VERSION[39m)[
36mreturn[39m g[33m.[39menv[33m.[39m[33
mPRISMA_CLIENT_DATA_PROXY_CLIENT_VERSION[39m
[33m||[39mglobalThis[33m.[39m[33mPRISMA_
CLIENT_DATA_PROXY_CLIENT_VERSION[39m[33m;[
39m[36mif[39m(t[33m.[39mincludes([32m"ac
celerate"[39m)[33m&&[39mn[33m!==[39m[32
m"0.0.0"[39m[33m&&[39mn[33m!==[39m[32m"
in-memory"[39m)[36mreturn[39m n[33m;[39m
[36mlet[39m[i[33m,[39mo][33m=[39mn[33m
?[39m[33m.[39msplit([32m"-"[39m)[33m?[
39m[33m?[39m[][33m;[39m[36mif[39m(o[33
m===[39m[36mvoid[39m [35m0[39m[33m&&[3
9m[33mPu[39m[33m.[39mtest(i))[36mreturn
[39m i[33m;[39m[36mif[39m(o[33m!==[39m
[36mvoid[39m [35m0[39m[33m||[39mn[33m==
=[39m[32m"0.0.0"[39m[33m||[39mn[33m===
[39m[32m"in-memory"[39m){[36mlet[39m[s][
33m=[39mr[33m.[39msplit([32m"-"[39m)[33
m?[39m[33m?[39m[][33m,[39m[a[33m,[39mf
[33m,[39mv][33m=[39ms[33m.[39msplit([3
2m"."[39m)[33m,[39m[33mR[39m[33m=[39mv
u([32m`<=${a}.${f}.${v}`[39m)[33m,[39m[3
3mA[39m[33m=[39m[36mawait[39m [33mBe[3
9m([33mR[39m[33m,[39m{clientVersion[33m:
[39mn})[33m;[39m[36mif[39m([33m![39m[
33mA[39m[33m.[39mok)[36mthrow[39m [36mn
ew[39m [33mError[39m([32m`Failed to fetch
 stable Prisma version, unpkg.com status ${A.
status} ${A.statusText}, response body: ${awa
it A.text()||"<empty body>"}`[39m)[33m;[39
m[36mlet[39m [33mI[39m[33m=[39m[36mawa
it[39m [33mA[39m[33m.[39mtext()[33m;[3
9mrs([32m"length of body fetched from unpkg.
com"[39m[33m,[39m[33mI[39m[33m.[39mlen
gth)[33m;[39m[36mlet[39m [33mC[39m[33m
;[39m[36mtry[39m{[33mC[39m[33m=[39m[3
3mJSON[39m[33m.[39mparse([33mI[39m)}[36
mcatch[39m([33mL[39m){[36mthrow[39m cons
ole[33m.[39merror([32m"JSON.parse error: b
ody fetched from unpkg.com: "[39m[33m,[39m
[33mI[39m)[33m,[39m[33mL[39m}[36mretur
n[39m [33mC[39m[33m.[39mversion}[36mthr
ow[39m [36mnew[39m qe([32m"Only `major.mi
nor.patch` versions are supported by Accelera
te."[39m[33m,[39m{clientVersion[33m:[39m
n})}[36masync[39m [36mfunction[39m ns(t[
33m,[39me){[36mlet[39m r[33m=[39m[36maw
ait[39m [33mTu[39m(t[33m,[39me)[33m;[3
9m[36mreturn[39m rs([32m"version"[39m[33
m,[39mr)[33m,[39mr}[36mfunction[39m vu(t
){[36mreturn[39m encodeURI([32m`https://un
pkg.com/prisma@${t}/package.json`[39m)}[36m
var[39m is[33m=[39m[35m3[39m[33m,[39m
[33mXt[39m[33m=[39mj([32m"prisma:client:d
ataproxyEngine"[39m)[33m,[39m[33mZt[39m
[33m=[39m[36mclass[39m{name[33m=[39m[32
m"DataProxyEngine"[39m[33m;[39minlineSchem
a[33m;[39minlineSchemaHash[33m;[39minline
Datasources[33m;[39mconfig[33m;[39mlogEmi
tter[33m;[39menv[33m;[39mclientVersion[3
3m;[39mengineHash[33m;[39mtracingHelper[3
3m;[39mremoteClientVersion[33m;[39mhost[3
3m;[39mheaderBuilder[33m;[39mstartPromise
[33m;[39mprotocol[33m;[39mconstructor(e){e
s(e)[33m,[39m[36mthis[39m[33m.[39mconfi
g[33m=[39me[33m,[39m[36mthis[39m[33m.
[39menv[33m=[39me[33m.[39menv[33m,[39m
[36mthis[39m[33m.[39minlineSchema[33m=[3
9m[33mZo[39m(e[33m.[39minlineSchema)[33m
,[39m[36mthis[39m[33m.[39minlineDatasour
ces[33m=[39me[33m.[39minlineDatasources[
33m,[39m[36mthis[39m[33m.[39minlineSchem
aHash[33m=[39me[33m.[39minlineSchemaHash
[33m,[39m[36mthis[39m[33m.[39mclientVers
ion[33m=[39me[33m.[39mclientVersion[33m,
[39m[36mthis[39m[33m.[39mengineHash[33m
=[39me[33m.[39mengineVersion[33m,[39m[3
6mthis[39m[33m.[39mlogEmitter[33m=[39me
[33m.[39mlogEmitter[33m,[39m[36mthis[39m
[33m.[39mtracingHelper[33m=[39me[33m.[3
9mtracingHelper}apiKey(){[36mreturn[39m [3
6mthis[39m[33m.[39mheaderBuilder[33m.[39
mapiKey}version(){[36mreturn[39m [36mthis
[39m[33m.[39mengineHash}[36masync[39m sta
rt(){[36mthis[39m[33m.[39mstartPromise[3
3m!==[39m[36mvoid[39m [35m0[39m[33m&&[
39m[36mawait[39m [36mthis[39m[33m.[39ms
tartPromise[33m,[39m[36mthis[39m[33m.[3
9mstartPromise[33m=[39m([36masync[39m()[
33m=>[39m{[36mlet[39m{apiKey[33m:[39me[
33m,[39murl[33m:[39mr}[33m=[39m[36mthis
[39m[33m.[39mgetURLAndAPIKey()[33m;[39m
[36mthis[39m[33m.[39mhost[33m=[39mr[33m
.[39mhost[33m,[39m[36mthis[39m[33m.[39
mprotocol[33m=[39mr[33m.[39mprotocol[33m
,[39m[36mthis[39m[33m.[39mheaderBuilder
[33m=[39m[36mnew[39m $r({apiKey[33m:[39m
e[33m,[39mtracingHelper[33m:[39m[36mthis
[39m[33m.[39mtracingHelper[33m,[39mlogLe
vel[33m:[39m[36mthis[39m[33m.[39mconfig
[33m.[39mlogLevel[33m?[39m[33m?[39m[32
m"error"[39m[33m,[39mlogQueries[33m:[39m
[36mthis[39m[33m.[39mconfig[33m.[39mlog
Queries[33m,[39mengineHash[33m:[39m[36mt
his[39m[33m.[39mengineHash})[33m,[39m[3
6mthis[39m[33m.[39mremoteClientVersion[33
m=[39m[36mawait[39m ns([36mthis[39m[33m
.[39mhost[33m,[39m[36mthis[39m[33m.[39
mconfig)[33m,[39m[33mXt[39m([32m"host"[
39m[33m,[39m[36mthis[39m[33m.[39mhost)
[33m,[39m[33mXt[39m([32m"protocol"[39m[
33m,[39m[36mthis[39m[33m.[39mprotocol)})
()[33m,[39m[36mawait[39m [36mthis[39m[
33m.[39mstartPromise}[36masync[39m stop(){
}propagateResponseExtensions(e){e[33m?[39m
[33m.[39mlogs[33m?[39m[33m.[39mlength[3
3m&&[39me[33m.[39mlogs[33m.[39mforEach(r
[33m=>[39m{[36mswitch[39m(r[33m.[39mlev
el){[36mcase[39m[32m"debug"[39m[33m:[39
m[36mcase[39m[32m"trace"[39m[33m:[39m[
33mXt[39m(r)[33m;[39m[36mbreak[39m[33m;
[39m[36mcase[39m[32m"error"[39m[33m:[3
9m[36mcase[39m[32m"warn"[39m[33m:[39m[
36mcase[39m[32m"info"[39m[33m:[39m{[36m
this[39m[33m.[39mlogEmitter[33m.[39memit
(r[33m.[39mlevel[33m,[39m{timestamp[33m:
[39m_n(r[33m.[39mtimestamp)[33m,[39mmess
age[33m:[39mr[33m.[39mattributes[33m.[3
9mmessage[33m?[39m[33m?[39m[32m""[39m[
33m,[39mtarget[33m:[39mr[33m.[39mtarget
[33m?[39m[33m?[39m[32m"BinaryEngine"[39m
})[33m;[39m[36mbreak[39m}[36mcase[39m[
32m"query"[39m[33m:[39m{[36mthis[39m[33
m.[39mlogEmitter[33m.[39memit([32m"query"
[39m[33m,[39m{query[33m:[39mr[33m.[39m
attributes[33m.[39mquery[33m?[39m[33m?[
39m[32m""[39m[33m,[39mtimestamp[33m:[39
m_n(r[33m.[39mtimestamp)[33m,[39mduration
[33m:[39mr[33m.[39mattributes[33m.[39md
uration_ms[33m?[39m[33m?[39m[35m0[39m[
33m,[39mparams[33m:[39mr[33m.[39mattribu
tes[33m.[39mparams[33m?[39m[33m?[39m[3
2m""[39m[33m,[39mtarget[33m:[39mr[33m.
[39mtarget[33m?[39m[33m?[39m[32m"BinaryE
ngine"[39m})[33m;[39m[36mbreak[39m}[36m
default[39m[33m:[39mr[33m.[39mlevel}})[
33m,[39me[33m?[39m[33m.[39mtraces[33m?
[39m[33m.[39mlength[33m&&[39m[36mthis[3
9m[33m.[39mtracingHelper[33m.[39mdispatch
EngineSpans(e[33m.[39mtraces)}onBeforeExit(
){[36mthrow[39m [36mnew[39m [33mError[3
9m([32m'"beforeExit" hook is not applicable 
to the remote query engine'[39m)}[36masync
[39m url(e){[36mreturn[39m [36mawait[39m 
[36mthis[39m[33m.[39mstart()[33m,[39m[
32m`${this.protocol}//${this.host}/${this.rem
oteClientVersion}/${this.inlineSchemaHash}/${
e}`[39m}[36masync[39m uploadSchema(){[36m
let[39m e[33m=[39m{name[33m:[39m[32m"sc
hemaUpload"[39m[33m,[39minternal[33m:[39
m[33m![39m[35m0[39m}[33m;[39m[36mretur
n[39m [36mthis[39m[33m.[39mtracingHelper
[33m.[39mrunInChildSpan(e[33m,[39m[36mas
ync[39m()[33m=>[39m{[36mlet[39m r[33m=
[39m[36mawait[39m [33mBe[39m([36mawait[
39m [36mthis[39m[33m.[39murl([32m"schema
"[39m)[33m,[39m{method[33m:[39m[32m"PUT
"[39m[33m,[39mheaders[33m:[39m[36mthis
[39m[33m.[39mheaderBuilder[33m.[39mbuild(
)[33m,[39mbody[33m:[39m[36mthis[39m[33
m.[39minlineSchema[33m,[39mclientVersion[
33m:[39m[36mthis[39m[33m.[39mclientVersi
on})[33m;[39mr[33m.[39mok[33m||[39m[33
mXt[39m([32m"schema response status"[39m[
33m,[39mr[33m.[39mstatus)[33m;[39m[36ml
et[39m n[33m=[39m[36mawait[39m zt(r[33m
,[39m[36mthis[39m[33m.[39mclientVersion)
[33m;[39m[36mif[39m(n)[36mthrow[39m [3
6mthis[39m[33m.[39mlogEmitter[33m.[39mem
it([32m"warn"[39m[33m,[39m{message[33m:
[39m[32m`Error while uploading schema: ${n.m
essage}`[39m[33m,[39mtimestamp[33m:[39m
[36mnew[39m [33mDate[39m[33m,[39mtarget
[33m:[39m[32m""[39m})[33m,[39mn[33m;[3
9m[36mthis[39m[33m.[39mlogEmitter[33m.[
39memit([32m"info"[39m[33m,[39m{message[
33m:[39m[32m`Schema (re)uploaded (hash: ${t
his.inlineSchemaHash})`[39m[33m,[39mtimest
amp[33m:[39m[36mnew[39m [33mDate[39m[3
3m,[39mtarget[33m:[39m[32m""[39m})})}req
uest(e[33m,[39m{traceparent[33m:[39mr[33
m,[39minteractiveTransaction[33m:[39mn[33
m,[39mcustomDataProxyFetch[33m:[39mi}){[3
6mreturn[39m [36mthis[39m[33m.[39mreques
tInternal({body[33m:[39me[33m,[39mtracepa
rent[33m:[39mr[33m,[39minteractiveTransac
tion[33m:[39mn[33m,[39mcustomDataProxyFet
ch[33m:[39mi})}[36masync[39m requestBatch
(e[33m,[39m{traceparent[33m:[39mr[33m,[
39mtransaction[33m:[39mn[33m,[39mcustomDa
taProxyFetch[33m:[39mi}){[36mlet[39m o[3
3m=[39mn[33m?[39m[33m.[39mkind[33m===[
39m[32m"itx"[39m[33m?[39mn[33m.[39mopti
ons[33m:[39m[36mvoid[39m [35m0[39m[33m
,[39ms[33m=[39mot(e[33m,[39mn)[33m;[39
m[36mreturn[39m([36mawait[39m [36mthis[
39m[33m.[39mrequestInternal({body[33m:[39
ms[33m,[39mcustomDataProxyFetch[33m:[39mi
[33m,[39minteractiveTransaction[33m:[39mo
[33m,[39mtraceparent[33m:[39mr}))[33m.[
39mmap(f[33m=>[39m(f[33m.[39mextensions[
33m&&[39m[36mthis[39m[33m.[39mpropagateR
esponseExtensions(f[33m.[39mextensions)[33
m,[39m[32m"errors"[39m[36min[39m f[33m?
[39m[36mthis[39m[33m.[39mconvertProtocol
ErrorsToClientError(f[33m.[39merrors)[33m:
[39mf))}requestInternal({body[33m:[39me[3
3m,[39mtraceparent[33m:[39mr[33m,[39mcus
tomDataProxyFetch[33m:[39mn[33m,[39minter
activeTransaction[33m:[39mi}){[36mreturn[
39m [36mthis[39m[33m.[39mwithRetry({actio
nGerund[33m:[39m[32m"querying"[39m[33m,
[39mcallback[33m:[39m[36masync[39m({logHt
tpCall[33m:[39mo})[33m=>[39m{[36mlet[39
m s[33m=[39mi[33m?[39m[32m`${i.payload.e
ndpoint}/graphql`[39m[33m:[39m[36mawait[
39m [36mthis[39m[33m.[39murl([32m"graphq
l"[39m)[33m;[39mo(s)[33m;[39m[36mlet[3
9m a[33m=[39m[36mawait[39m [33mBe[39m(s
[33m,[39m{method[33m:[39m[32m"POST"[39m
[33m,[39mheaders[33m:[39m[36mthis[39m[
33m.[39mheaderBuilder[33m.[39mbuild({trace
parent[33m:[39mr[33m,[39mtransactionId[3
3m:[39mi[33m?[39m[33m.[39mid})[33m,[39
mbody[33m:[39m[33mJSON[39m[33m.[39mstri
ngify(e)[33m,[39mclientVersion[33m:[39m[
36mthis[39m[33m.[39mclientVersion}[33m,[
39mn)[33m;[39ma[33m.[39mok[33m||[39m[3
3mXt[39m([32m"graphql response status"[39m
[33m,[39ma[33m.[39mstatus)[33m,[39m[36
mawait[39m [36mthis[39m[33m.[39mhandleEr
ror([36mawait[39m zt(a[33m,[39m[36mthis
[39m[33m.[39mclientVersion))[33m;[39m[36
mlet[39m f[33m=[39m[36mawait[39m a[33m.
[39mjson()[33m;[39m[36mif[39m(f[33m.[3
9mextensions[33m&&[39m[36mthis[39m[33m.
[39mpropagateResponseExtensions(f[33m.[39me
xtensions)[33m,[39m[32m"errors"[39m[36mi
n[39m f)[36mthrow[39m [36mthis[39m[33m.
[39mconvertProtocolErrorsToClientError(f[33
m.[39merrors)[33m;[39m[36mreturn[39m[32
m"batchResult"[39m[36min[39m f[33m?[39mf
[33m.[39mbatchResult[33m:[39mf}})}[36mas
ync[39m transaction(e[33m,[39mr[33m,[39m
n){[36mlet[39m i[33m=[39m{start[33m:[39
m[32m"starting"[39m[33m,[39mcommit[33m:
[39m[32m"committing"[39m[33m,[39mrollback
[33m:[39m[32m"rolling back"[39m}[33m;[3
9m[36mreturn[39m [36mthis[39m[33m.[39mw
ithRetry({actionGerund[33m:[39m[32m`${i[e]
} transaction`[39m[33m,[39mcallback[33m:
[39m[36masync[39m({logHttpCall[33m:[39mo}
)[33m=>[39m{[36mif[39m(e[33m===[39m[32
m"start"[39m){[36mlet[39m s[33m=[39m[33
mJSON[39m[33m.[39mstringify({max_wait[33m
:[39mn[33m.[39mmaxWait[33m,[39mtimeout[
33m:[39mn[33m.[39mtimeout[33m,[39misolat
ion_level[33m:[39mn[33m.[39misolationLeve
l})[33m,[39ma[33m=[39m[36mawait[39m [3
6mthis[39m[33m.[39murl([32m"transaction/s
tart"[39m)[33m;[39mo(a)[33m;[39m[36mlet
[39m f[33m=[39m[36mawait[39m [33mBe[39
m(a[33m,[39m{method[33m:[39m[32m"POST"[
39m[33m,[39mheaders[33m:[39m[36mthis[39
m[33m.[39mheaderBuilder[33m.[39mbuild({tr
aceparent[33m:[39mr[33m.[39mtraceparent})
[33m,[39mbody[33m:[39ms[33m,[39mclientV
ersion[33m:[39m[36mthis[39m[33m.[39mcli
entVersion})[33m;[39m[36mawait[39m [36mt
his[39m[33m.[39mhandleError([36mawait[39
m zt(f[33m,[39m[36mthis[39m[33m.[39mcli
entVersion))[33m;[39m[36mlet[39m v[33m=
[39m[36mawait[39m f[33m.[39mjson()[33m,
[39m{extensions[33m:[39m[33mR[39m}[33m=
[39mv[33m;[39m[33mR[39m[33m&&[39m[36mt
his[39m[33m.[39mpropagateResponseExtension
s([33mR[39m)[33m;[39m[36mlet[39m [33mA
[39m[33m=[39mv[33m.[39mid[33m,[39m[33
mI[39m[33m=[39mv[[32m"data-proxy"[39m][
33m.[39mendpoint[33m;[39m[36mreturn[39m{
id[33m:[39m[33mA[39m[33m,[39mpayload[3
3m:[39m{endpoint[33m:[39m[33mI[39m}}}[3
6melse[39m{[36mlet[39m s[33m=[39m[32m`$
{n.payload.endpoint}/${e}`[39m[33m;[39mo(s
)[33m;[39m[36mlet[39m a[33m=[39m[36maw
ait[39m [33mBe[39m(s[33m,[39m{method[33
m:[39m[32m"POST"[39m[33m,[39mheaders[33
m:[39m[36mthis[39m[33m.[39mheaderBuilder
[33m.[39mbuild({traceparent[33m:[39mr[33
m.[39mtraceparent})[33m,[39mclientVersion
[33m:[39m[36mthis[39m[33m.[39mclientVers
ion})[33m;[39m[36mawait[39m [36mthis[39
m[33m.[39mhandleError([36mawait[39m zt(a
[33m,[39m[36mthis[39m[33m.[39mclientVers
ion))[33m;[39m[36mlet[39m f[33m=[39m[3
6mawait[39m a[33m.[39mjson()[33m,[39m{ex
tensions[33m:[39mv}[33m=[39mf[33m;[39mv
[33m&&[39m[36mthis[39m[33m.[39mpropagat
eResponseExtensions(v)[33m;[39m[36mreturn
[39m}}})}getURLAndAPIKey(){[36mreturn[39m z
o({clientVersion[33m:[39m[36mthis[39m[33
m.[39mclientVersion[33m,[39menv[33m:[39m
[36mthis[39m[33m.[39menv[33m,[39minline
Datasources[33m:[39m[36mthis[39m[33m.[3
9minlineDatasources[33m,[39moverrideDatasou
rces[33m:[39m[36mthis[39m[33m.[39mconfi
g[33m.[39moverrideDatasources})}metrics(){
[36mthrow[39m [36mnew[39m qe([32m"Metrics
 are not yet supported for Accelerate"[39m[
33m,[39m{clientVersion[33m:[39m[36mthis[
39m[33m.[39mclientVersion})}[36masync[39m
 withRetry(e){[36mfor[39m([36mlet[39m r[
33m=[39m[35m0[39m[33m;[39m[33m;[39mr[
33m++[39m){[36mlet[39m n[33m=[39mi[33m=
>[39m{[36mthis[39m[33m.[39mlogEmitter[3
3m.[39memit([32m"info"[39m[33m,[39m{mess
age[33m:[39m[32m`Calling ${i} (n=${r})`[3
9m[33m,[39mtimestamp[33m:[39m[36mnew[39
m [33mDate[39m[33m,[39mtarget[33m:[39m
[32m""[39m})}[33m;[39m[36mtry[39m{[36mr
eturn[39m [36mawait[39m e[33m.[39mcallba
ck({logHttpCall[33m:[39mn})}[36mcatch[39m
(i){[36mif[39m([33m![39m(i [36minstanceo
f[39m ie)[33m||[39m[33m![39mi[33m.[39m
isRetryable)[36mthrow[39m i[33m;[39m[36m
if[39m(r[33m>=[39mis)[36mthrow[39m i [3
6minstanceof[39m pt[33m?[39mi[33m.[39mca
use[33m:[39mi[33m;[39m[36mthis[39m[33m
.[39mlogEmitter[33m.[39memit([32m"warn"[
39m[33m,[39m{message[33m:[39m[32m`Attemp
t ${r+1}/${is} failed for ${e.actionGerund}: 
${i.message??"(unknown)"}`[39m[33m,[39mtim
estamp[33m:[39m[36mnew[39m [33mDate[39m
[33m,[39mtarget[33m:[39m[32m""[39m})[3
3m;[39m[36mlet[39m o[33m=[39m[36mawait
[39m [33mXo[39m(r)[33m;[39m[36mthis[39m
[33m.[39mlogEmitter[33m.[39memit([32m"wa
rn"[39m[33m,[39m{message[33m:[39m[32m`R
etrying after ${o}ms`[39m[33m,[39mtimestam
p[33m:[39m[36mnew[39m [33mDate[39m[33m
,[39mtarget[33m:[39m[32m""[39m})}}}[36m
async[39m handleError(e){[36mif[39m(e [36
minstanceof[39m [33mVe[39m)[36mthrow[39m
 [36mawait[39m [36mthis[39m[33m.[39mupl
oadSchema()[33m,[39m[36mnew[39m pt({clien
tVersion[33m:[39m[36mthis[39m[33m.[39mc
lientVersion[33m,[39mcause[33m:[39me})[3
3m;[39m[36mif[39m(e)[36mthrow[39m e}conv
ertProtocolErrorsToClientError(e){[36mreturn
[39m e[33m.[39mlength[33m===[39m[35m1[
39m[33m?[39mst(e[[35m0[39m][33m,[39m[3
6mthis[39m[33m.[39mconfig[33m.[39mclient
Version[33m,[39m[36mthis[39m[33m.[39mco
nfig[33m.[39mactiveProvider)[33m:[39m[36
mnew[39m [33mQ[39m([33mJSON[39m[33m.[3
9mstringify(e)[33m,[39m{clientVersion[33m:
[39m[36mthis[39m[33m.[39mconfig[33m.[3
9mclientVersion})}applyPendingMigrations(){[
36mthrow[39m [36mnew[39m [33mError[39m(
[32m"Method not implemented."[39m)}}[33m;[
39mu()[33m;[39mc()[33m;[39mp()[33m;[39m
m()[33m;[39md()[33m;[39ml()[33m;[39mu()
[33m;[39mc()[33m;[39mp()[33m;[39mm()[3
3m;[39md()[33m;[39ml()[33m;[39m[36mfunc
tion[39m os(t){[36mif[39m(t[33m?[39m[33
m.[39mkind[33m===[39m[32m"itx"[39m)[36m
return[39m t[33m.[39moptions[33m.[39mid}
u()[33m;[39mc()[33m;[39mp()[33m;[39mm()
[33m;[39md()[33m;[39ml()[33m;[39m[36mv
ar[39m [33mVn[39m[33m,[39mss[33m=[39m{
[36masync[39m loadLibrary(t){[36mlet[39m{
clientVersion[33m:[39me[33m,[39madapter[
33m:[39mr[33m,[39mengineWasm[33m:[39mn}
[33m=[39mt[33m;[39m[36mif[39m(r[33m===
[39m[36mvoid[39m [35m0[39m)[36mthrow[39
m [36mnew[39m [33mM[39m([32m`The \`adapt
er\` option for \`PrismaClient\` is required 
in this context (${ut().prettyName})`[39m[3
3m,[39me)[33m;[39m[36mif[39m(n[33m===[
39m[36mvoid[39m [35m0[39m)[36mthrow[39m
 [36mnew[39m [33mM[39m([32m"WASM engine 
was unexpectedly `undefined`"[39m[33m,[39m
e)[33m;[39m[33mVn[39m[33m===[39m[36mvo
id[39m [35m0[39m[33m&&[39m([33mVn[39m
[33m=[39m([36masync[39m()[33m=>[39m{[36
mlet[39m o[33m=[39m[36mawait[39m n[33m.
[39mgetRuntime()[33m,[39ms[33m=[39m[36m
await[39m n[33m.[39mgetQueryEngineWasmModu
le()[33m;[39m[36mif[39m(s[33m==[39m[36
mnull[39m)[36mthrow[39m [36mnew[39m [33
mM[39m([32m"The loaded wasm module was unex
pectedly `undefined` or `null` once loaded"[
39m[33m,[39me)[33m;[39m[36mlet[39m a[3
3m=[39m{[32m"./query_engine_bg.js"[39m[33
m:[39mo}[33m,[39mf[33m=[39m[36mnew[39m
 [33mWebAssembly[39m[33m.[39m[33mInstanc
e[39m(s[33m,[39ma)[33m,[39mv[33m=[39mf
[33m.[39mexports[33m.[39m__wbindgen_start
[33m;[39m[36mreturn[39m o[33m.[39m__wbg
_set_wasm(f[33m.[39mexports)[33m,[39mv()
[33m,[39mo[33m.[39m[33mQueryEngine[39m})
())[33m;[39m[36mlet[39m i[33m=[39m[36m
await[39m [33mVn[39m[33m;[39m[36mreturn
[39m{debugPanic(){[36mreturn[39m [33mProm
ise[39m[33m.[39mreject([32m"{}"[39m)}[3
3m,[39mdmmf(){[36mreturn[39m [33mPromise
[39m[33m.[39mresolve([32m"{}"[39m)}[33m,
[39mversion(){[36mreturn[39m{commit[33m:
[39m[32m"unknown"[39m[33m,[39mversion[33
m:[39m[32m"unknown"[39m}}[33m,[39m[33mQ
ueryEngine[39m[33m:[39mi}}}[33m;[39m[36
mvar[39m [33mRu[39m[33m=[39m[32m"P2036"
[39m[33m,[39mbe[33m=[39mj([32m"prisma:c
lient:libraryEngine"[39m)[33m;[39m[36mfun
ction[39m [33mAu[39m(t){[36mreturn[39m t
[33m.[39mitem_type[33m===[39m[32m"query"
[39m[33m&&[39m[32m"query"[39m[36min[39
m t}[36mfunction[39m [33mCu[39m(t){[36mr
eturn[39m[32m"level"[39m[36min[39m t[33
m?[39mt[33m.[39mlevel[33m===[39m[32m"er
ror"[39m[33m&&[39mt[33m.[39mmessage[33m
===[39m[32m"PANIC"[39m[33m:[39m[33m![3
9m[35m1[39m}[36mvar[39m [33mVL[39m[33m
=[39m[[33m...[39mon[33m,[39m[32m"native
"[39m][33m,[39m[33mSu[39m[33m=[39m[35
m0xffffffffffffffff[39mn[33m,[39m[33mBn[
39m[33m=[39m[35m1[39mn[33m;[39m[36mfun
ction[39m [33mIu[39m(){[36mlet[39m t[33
m=[39m[33mBn[39m[33m++[39m[33m;[39m[3
6mreturn[39m [33mBn[39m[33m>[39m[33mSu
[39m[33m&&[39m([33mBn[39m[33m=[39m[35m
1[39mn)[33m,[39mt}[36mvar[39m er[33m=[
39m[36mclass[39m{name[33m=[39m[32m"Libra
ryEngine"[39m[33m;[39mengine[33m;[39mlib
raryInstantiationPromise[33m;[39mlibrarySta
rtingPromise[33m;[39mlibraryStoppingPromise
[33m;[39mlibraryStarted[33m;[39mexecuting
QueryPromise[33m;[39mconfig[33m;[39m[33m
QueryEngineConstructor[39m[33m;[39mlibrary
Loader[33m;[39mlibrary[33m;[39mlogEmitter
[33m;[39mlibQueryEnginePath[33m;[39mbinar
yTarget[33m;[39mdatasourceOverrides[33m;[
39mdatamodel[33m;[39mlogQueries[33m;[39ml
ogLevel[33m;[39mlastQuery[33m;[39mloggerR
ustPanic[33m;[39mtracingHelper[33m;[39mad
apterPromise[33m;[39mversionInfo[33m;[39m
constructor(e[33m,[39mr){[36mthis[39m[33
m.[39mlibraryLoader[33m=[39mr[33m?[39m[
33m?[39mss[33m,[39m[36mthis[39m[33m.[3
9mconfig[33m=[39me[33m,[39m[36mthis[39m
[33m.[39mlibraryStarted[33m=[39m[33m![3
9m[35m1[39m[33m,[39m[36mthis[39m[33m.
[39mlogQueries[33m=[39me[33m.[39mlogQueri
es[33m?[39m[33m?[39m[33m![39m[35m1[39
m[33m,[39m[36mthis[39m[33m.[39mlogLevel
[33m=[39me[33m.[39mlogLevel[33m?[39m[3
3m?[39m[32m"error"[39m[33m,[39m[36mthis
[39m[33m.[39mlogEmitter[33m=[39me[33m.
[39mlogEmitter[33m,[39m[36mthis[39m[33m.
[39mdatamodel[33m=[39me[33m.[39minlineSc
hema[33m,[39m[36mthis[39m[33m.[39mtraci
ngHelper[33m=[39me[33m.[39mtracingHelper
[33m,[39me[33m.[39menableDebugLogs[33m&&
[39m([36mthis[39m[33m.[39mlogLevel[33m=
[39m[32m"debug"[39m)[33m;[39m[36mlet[39
m n[33m=[39m[33mObject[39m[33m.[39mkeys
(e[33m.[39moverrideDatasources)[[35m0[39m
][33m,[39mi[33m=[39me[33m.[39moverrideD
atasources[n][33m?[39m[33m.[39murl[33m;
[39mn[33m!==[39m[36mvoid[39m [35m0[39m
[33m&&[39mi[33m!==[39m[36mvoid[39m [35m
0[39m[33m&&[39m([36mthis[39m[33m.[39md
atasourceOverrides[33m=[39m{[n][33m:[39mi
})[33m,[39m[36mthis[39m[33m.[39mlibrary
InstantiationPromise[33m=[39m[36mthis[39m
[33m.[39minstantiateLibrary()}wrapEngine(e)
{[36mreturn[39m{applyPendingMigrations[33m
:[39me[33m.[39mapplyPendingMigrations[33m
?[39m[33m.[39mbind(e)[33m,[39mcommitTran
saction[33m:[39m[36mthis[39m[33m.[39mwi
thRequestId(e[33m.[39mcommitTransaction[33
m.[39mbind(e))[33m,[39mconnect[33m:[39m
[36mthis[39m[33m.[39mwithRequestId(e[33m.
[39mconnect[33m.[39mbind(e))[33m,[39mdis
connect[33m:[39m[36mthis[39m[33m.[39mwi
thRequestId(e[33m.[39mdisconnect[33m.[39m
bind(e))[33m,[39mmetrics[33m:[39me[33m.
[39mmetrics[33m?[39m[33m.[39mbind(e)[33m
,[39mquery[33m:[39m[36mthis[39m[33m.[3
9mwithRequestId(e[33m.[39mquery[33m.[39mb
ind(e))[33m,[39mrollbackTransaction[33m:[
39m[36mthis[39m[33m.[39mwithRequestId(e[
33m.[39mrollbackTransaction[33m.[39mbind(e
))[33m,[39msdlSchema[33m:[39me[33m.[39m
sdlSchema[33m?[39m[33m.[39mbind(e)[33m,
[39mstartTransaction[33m:[39m[36mthis[39m
[33m.[39mwithRequestId(e[33m.[39mstartTra
nsaction[33m.[39mbind(e))[33m,[39mtrace[
33m:[39me[33m.[39mtrace[33m.[39mbind(e)
[33m,[39mfree[33m:[39me[33m.[39mfree[33
m?[39m[33m.[39mbind(e)}}withRequestId(e){
[36mreturn[39m [36masync[39m([33m...[39m
r)[33m=>[39m{[36mlet[39m n[33m=[39m[33
mIu[39m()[33m.[39mtoString()[33m;[39m[3
6mtry[39m{[36mreturn[39m [36mawait[39m e
([33m...[39mr[33m,[39mn)}[36mfinally[39
m{[36mif[39m([36mthis[39m[33m.[39mtraci
ngHelper[33m.[39misEnabled()){[36mlet[39m
 i[33m=[39m[36mawait[39m [36mthis[39m[
33m.[39mengine[33m?[39m[33m.[39mtrace(n)
[33m;[39m[36mif[39m(i){[36mlet[39m o[3
3m=[39m[33mJSON[39m[33m.[39mparse(i)[33
m;[39m[36mthis[39m[33m.[39mtracingHelper
[33m.[39mdispatchEngineSpans(o[33m.[39msp
ans)}}}}}[36masync[39m applyPendingMigratio
ns(){[36mthrow[39m [36mnew[39m [33mError
[39m([32m"Cannot call this method from this
 type of engine instance"[39m)}[36masync[3
9m transaction(e[33m,[39mr[33m,[39mn){[3
6mawait[39m [36mthis[39m[33m.[39mstart()
[33m;[39m[36mlet[39m i[33m=[39m[36mawa
it[39m [36mthis[39m[33m.[39madapterPromi
se[33m,[39mo[33m=[39m[33mJSON[39m[33m.
[39mstringify(r)[33m,[39ms[33m;[39m[36m
if[39m(e[33m===[39m[32m"start"[39m){[36
mlet[39m f[33m=[39m[33mJSON[39m[33m.[3
9mstringify({max_wait[33m:[39mn[33m.[39mm
axWait[33m,[39mtimeout[33m:[39mn[33m.[3
9mtimeout[33m,[39misolation_level[33m:[39
mn[33m.[39misolationLevel})[33m;[39ms[33
m=[39m[36mawait[39m [36mthis[39m[33m.[
39mengine[33m?[39m[33m.[39mstartTransacti
on(f[33m,[39mo)}[36melse[39m e[33m===[3
9m[32m"commit"[39m[33m?[39ms[33m=[39m[
36mawait[39m [36mthis[39m[33m.[39mengine
[33m?[39m[33m.[39mcommitTransaction(n[33
m.[39mid[33m,[39mo)[33m:[39me[33m===[3
9m[32m"rollback"[39m[33m&&[39m(s[33m=[3
9m[36mawait[39m [36mthis[39m[33m.[39men
gine[33m?[39m[33m.[39mrollbackTransaction
(n[33m.[39mid[33m,[39mo))[33m;[39m[36m
let[39m a[33m=[39m[36mthis[39m[33m.[39
mparseEngineResponse(s)[33m;[39m[36mif[39
m([33mDu[39m(a)){[36mlet[39m f[33m=[39m
[36mthis[39m[33m.[39mgetExternalAdapterEr
ror(a[33m,[39mi[33m?[39m[33m.[39merrorR
egistry)[33m;[39m[36mthrow[39m f[33m?[3
9mf[33m.[39merror[33m:[39m[36mnew[39m 
[33mX[39m(a[33m.[39mmessage[33m,[39m{cod
e[33m:[39ma[33m.[39merror_code[33m,[39m
clientVersion[33m:[39m[36mthis[39m[33m.
[39mconfig[33m.[39mclientVersion[33m,[39m
meta[33m:[39ma[33m.[39mmeta})}[36melse[
39m [36mif[39m([36mtypeof[39m a[33m.[39
mmessage[33m==[39m[32m"string"[39m)[36mt
hrow[39m [36mnew[39m [33mQ[39m(a[33m.[
39mmessage[33m,[39m{clientVersion[33m:[39
m[36mthis[39m[33m.[39mconfig[33m.[39mcl
ientVersion})[33m;[39m[36mreturn[39m a}[
36masync[39m instantiateLibrary(){[36mif[3
9m(be([32m"internalSetup"[39m)[33m,[39m[
36mthis[39m[33m.[39mlibraryInstantiationPr
omise)[36mreturn[39m [36mthis[39m[33m.[
39mlibraryInstantiationPromise[33m;[39m[36
mthis[39m[33m.[39mbinaryTarget[33m=[39m
[36mawait[39m [36mthis[39m[33m.[39mgetCu
rrentBinaryTarget()[33m,[39m[36mawait[39m
 [36mthis[39m[33m.[39mtracingHelper[33m.
[39mrunInChildSpan([32m"load_engine"[39m[
33m,[39m()[33m=>[39m[36mthis[39m[33m.[
39mloadEngine())[33m,[39m[36mthis[39m[33
m.[39mversion()}[36masync[39m getCurrentBi
naryTarget(){}parseEngineResponse(e){[36mif
[39m([33m![39me)[36mthrow[39m [36mnew[3
9m [33mQ[39m([32m"Response from the Engine
 was empty"[39m[33m,[39m{clientVersion[33
m:[39m[36mthis[39m[33m.[39mconfig[33m.
[39mclientVersion})[33m;[39m[36mtry[39m{
[36mreturn[39m [33mJSON[39m[33m.[39mpars
e(e)}[36mcatch[39m{[36mthrow[39m [36mnew
[39m [33mQ[39m([32m"Unable to JSON.parse 
response from engine"[39m[33m,[39m{clientV
ersion[33m:[39m[36mthis[39m[33m.[39mcon
fig[33m.[39mclientVersion})}}[36masync[39
m loadEngine(){[36mif[39m([33m![39m[36mt
his[39m[33m.[39mengine){[36mthis[39m[33
m.[39m[33mQueryEngineConstructor[39m[33m|
|[39m([36mthis[39m[33m.[39mlibrary[33m=
[39m[36mawait[39m [36mthis[39m[33m.[39
mlibraryLoader[33m.[39mloadLibrary([36mthi
s[39m[33m.[39mconfig)[33m,[39m[36mthis
[39m[33m.[39m[33mQueryEngineConstructor[3
9m[33m=[39m[36mthis[39m[33m.[39mlibrary
[33m.[39m[33mQueryEngine[39m)[33m;[39m
[36mtry[39m{[36mlet[39m e[33m=[39m[36mn
ew[39m b([36mthis[39m)[33m;[39m[36mthis
[39m[33m.[39madapterPromise[33m||[39m([
36mthis[39m[33m.[39madapterPromise[33m=[
39m[36mthis[39m[33m.[39mconfig[33m.[39m
adapter[33m?[39m[33m.[39mconnect()[33m?
[39m[33m.[39mthen(mr))[33m;[39m[36mlet[
39m r[33m=[39m[36mawait[39m [36mthis[39
m[33m.[39madapterPromise[33m;[39mr[33m&&
[39mbe([32m"Using driver adapter: %O"[39m
[33m,[39mr)[33m,[39m[36mthis[39m[33m.[
39mengine[33m=[39m[36mthis[39m[33m.[39m
wrapEngine([36mnew[39m [36mthis[39m[33m.
[39m[33mQueryEngineConstructor[39m({datamo
del[33m:[39m[36mthis[39m[33m.[39mdatamo
del[33m,[39menv[33m:[39mg[33m.[39menv[
33m,[39mlogQueries[33m:[39m[36mthis[39m
[33m.[39mconfig[33m.[39mlogQueries[33m?[
39m[33m?[39m[33m![39m[35m1[39m[33m,[3
9mignoreEnvVarErrors[33m:[39m[33m![39m[3
5m0[39m[33m,[39mdatasourceOverrides[33m:
[39m[36mthis[39m[33m.[39mdatasourceOverri
des[33m?[39m[33m?[39m{}[33m,[39mlogLeve
l[33m:[39m[36mthis[39m[33m.[39mlogLevel
[33m,[39mconfigDir[33m:[39m[36mthis[39m
[33m.[39mconfig[33m.[39mcwd[33m,[39meng
ineProtocol[33m:[39m[32m"json"[39m[33m,
[39menableTracing[33m:[39m[36mthis[39m[3
3m.[39mtracingHelper[33m.[39misEnabled()}
[33m,[39mn[33m=>[39m{e[33m.[39mderef()[
33m?[39m[33m.[39mlogger(n)}[33m,[39mr))}
[36mcatch[39m(e){[36mlet[39m r[33m=[39m
e[33m,[39mn[33m=[39m[36mthis[39m[33m.
[39mparseInitError(r[33m.[39mmessage)[33m;
[39m[36mthrow[39m [36mtypeof[39m n[33m=
=[39m[32m"string"[39m[33m?[39mr[33m:[3
9m[36mnew[39m [33mM[39m(n[33m.[39mmessa
ge[33m,[39m[36mthis[39m[33m.[39mconfig
[33m.[39mclientVersion[33m,[39mn[33m.[39
merror_code)}}}logger(e){[36mlet[39m r[33m
=[39m[36mthis[39m[33m.[39mparseEngineRes
ponse(e)[33m;[39mr[33m&&[39m(r[33m.[39m
level[33m=[39mr[33m?[39m[33m.[39mlevel
[33m.[39mtoLowerCase()[33m?[39m[33m?[39m
[32m"unknown"[39m[33m,[39m[33mAu[39m(r)
[33m?[39m[36mthis[39m[33m.[39mlogEmitte
r[33m.[39memit([32m"query"[39m[33m,[39m
{timestamp[33m:[39m[36mnew[39m [33mDate
[39m[33m,[39mquery[33m:[39mr[33m.[39mqu
ery[33m,[39mparams[33m:[39mr[33m.[39mpa
rams[33m,[39mduration[33m:[39m[33mNumber
[39m(r[33m.[39mduration_ms)[33m,[39mtarg
et[33m:[39mr[33m.[39mmodule_path})[33m:
[39m([33mCu[39m(r)[33m,[39m[36mthis[39m
[33m.[39mlogEmitter[33m.[39memit(r[33m.
[39mlevel[33m,[39m{timestamp[33m:[39m[36
mnew[39m [33mDate[39m[33m,[39mmessage[3
3m:[39mr[33m.[39mmessage[33m,[39mtarget
[33m:[39mr[33m.[39mmodule_path})))}parseIn
itError(e){[36mtry[39m{[36mreturn[39m [3
3mJSON[39m[33m.[39mparse(e)}[36mcatch[39
m{}[36mreturn[39m e}parseRequestError(e){[
36mtry[39m{[36mreturn[39m [33mJSON[39m[
33m.[39mparse(e)}[36mcatch[39m{}[36mretur
n[39m e}onBeforeExit(){[36mthrow[39m [36m
new[39m [33mError[39m([32m'"beforeExit" h
ook is not applicable to the library engine s
ince Prisma 5.0.0, it is only relevant and im
plemented for the binary engine. Please add y
our event listener to the `process` object di
rectly instead.'[39m)}[36masync[39m start(
){[36mif[39m([36mthis[39m[33m.[39mlibra
ryInstantiationPromise[33m||[39m([36mthis
[39m[33m.[39mlibraryInstantiationPromise[3
3m=[39m[36mthis[39m[33m.[39minstantiateL
ibrary())[33m,[39m[36mawait[39m [36mthis
[39m[33m.[39mlibraryInstantiationPromise[
33m,[39m[36mawait[39m [36mthis[39m[33m.
[39mlibraryStoppingPromise[33m,[39m[36mth
is[39m[33m.[39mlibraryStartingPromise)[36
mreturn[39m be([32m`library already startin
g, this.libraryStarted: ${this.libraryStarted
}`[39m)[33m,[39m[36mthis[39m[33m.[39ml
ibraryStartingPromise[33m;[39m[36mif[39m(
[36mthis[39m[33m.[39mlibraryStarted)[36m
return[39m[33m;[39m[36mlet[39m e[33m=[
39m[36masync[39m()[33m=>[39m{be([32m"lib
rary starting"[39m)[33m;[39m[36mtry[39m{
[36mlet[39m r[33m=[39m{traceparent[33m:
[39m[36mthis[39m[33m.[39mtracingHelper[3
3m.[39mgetTraceParent()}[33m;[39m[36mawai
t[39m [36mthis[39m[33m.[39mengine[33m?
[39m[33m.[39mconnect([33mJSON[39m[33m.[
39mstringify(r))[33m,[39m[36mthis[39m[33
m.[39mlibraryStarted[33m=[39m[33m![39m[
35m0[39m[33m,[39m[36mthis[39m[33m.[39m
adapterPromise[33m||[39m([36mthis[39m[33
m.[39madapterPromise[33m=[39m[36mthis[39
m[33m.[39mconfig[33m.[39madapter[33m?[3
9m[33m.[39mconnect()[33m?[39m[33m.[39mt
hen(mr))[33m,[39m[36mawait[39m [36mthis
[39m[33m.[39madapterPromise[33m,[39mbe([
32m"library started"[39m)}[36mcatch[39m(r)
{[36mlet[39m n[33m=[39m[36mthis[39m[33
m.[39mparseInitError(r[33m.[39mmessage)[3
3m;[39m[36mthrow[39m [36mtypeof[39m n[3
3m==[39m[32m"string"[39m[33m?[39mr[33m:
[39m[36mnew[39m [33mM[39m(n[33m.[39mme
ssage[33m,[39m[36mthis[39m[33m.[39mconf
ig[33m.[39mclientVersion[33m,[39mn[33m.
[39merror_code)}[36mfinally[39m{[36mthis[
39m[33m.[39mlibraryStartingPromise[33m=[3
9m[36mvoid[39m [35m0[39m}}[33m;[39m[36
mreturn[39m [36mthis[39m[33m.[39mlibrary
StartingPromise[33m=[39m[36mthis[39m[33m
.[39mtracingHelper[33m.[39mrunInChildSpan(
[32m"connect"[39m[33m,[39me)[33m,[39m[
36mthis[39m[33m.[39mlibraryStartingPromise
}[36masync[39m stop(){[36mif[39m([36mawa
it[39m [36mthis[39m[33m.[39mlibraryInsta
ntiationPromise[33m,[39m[36mawait[39m [3
6mthis[39m[33m.[39mlibraryStartingPromise
[33m,[39m[36mawait[39m [36mthis[39m[33m
.[39mexecutingQueryPromise[33m,[39m[36mth
is[39m[33m.[39mlibraryStoppingPromise)[36
mreturn[39m be([32m"library is already stop
ping"[39m)[33m,[39m[36mthis[39m[33m.[3
9mlibraryStoppingPromise[33m;[39m[36mif[3
9m([33m![39m[36mthis[39m[33m.[39mlibrar
yStarted){[36mawait[39m([36mawait[39m [3
6mthis[39m[33m.[39madapterPromise)[33m?[
39m[33m.[39mdispose()[33m,[39m[36mthis[
39m[33m.[39madapterPromise[33m=[39m[36mv
oid[39m [35m0[39m[33m;[39m[36mreturn[3
9m}[36mlet[39m e[33m=[39m[36masync[39m(
)[33m=>[39m{[36mawait[39m [36mnew[39m 
[33mPromise[39m(n[33m=>[39msetImmediate(n)
)[33m,[39mbe([32m"library stopping"[39m)
[33m;[39m[36mlet[39m r[33m=[39m{tracepar
ent[33m:[39m[36mthis[39m[33m.[39mtracin
gHelper[33m.[39mgetTraceParent()}[33m;[39
m[36mawait[39m [36mthis[39m[33m.[39meng
ine[33m?[39m[33m.[39mdisconnect([33mJSON
[39m[33m.[39mstringify(r))[33m,[39m[36m
this[39m[33m.[39mengine[33m?[39m[33m.[
39mfree[33m&&[39m[36mthis[39m[33m.[39me
ngine[33m.[39mfree()[33m,[39m[36mthis[3
9m[33m.[39mengine[33m=[39m[36mvoid[39m 
[35m0[39m[33m,[39m[36mthis[39m[33m.[3
9mlibraryStarted[33m=[39m[33m![39m[35m1
[39m[33m,[39m[36mthis[39m[33m.[39mlibra
ryStoppingPromise[33m=[39m[36mvoid[39m [
35m0[39m[33m,[39m[36mthis[39m[33m.[39m
libraryInstantiationPromise[33m=[39m[36mvo
id[39m [35m0[39m[33m,[39m[36mawait[39m
([36mawait[39m [36mthis[39m[33m.[39mada
pterPromise)[33m?[39m[33m.[39mdispose()[
33m,[39m[36mthis[39m[33m.[39madapterProm
ise[33m=[39m[36mvoid[39m [35m0[39m[33m
,[39mbe([32m"library stopped"[39m)}[33m;
[39m[36mreturn[39m [36mthis[39m[33m.[39
mlibraryStoppingPromise[33m=[39m[36mthis[
39m[33m.[39mtracingHelper[33m.[39mrunInCh
ildSpan([32m"disconnect"[39m[33m,[39me)[
33m,[39m[36mthis[39m[33m.[39mlibraryStop
pingPromise}version(){[36mreturn[39m [36mt
his[39m[33m.[39mversionInfo[33m=[39m[36
mthis[39m[33m.[39mlibrary[33m?[39m[33m.
[39mversion()[33m,[39m[36mthis[39m[33m.
[39mversionInfo[33m?[39m[33m.[39mversion
[33m?[39m[33m?[39m[32m"unknown"[39m}deb
ugPanic(e){[36mreturn[39m [36mthis[39m[3
3m.[39mlibrary[33m?[39m[33m.[39mdebugPan
ic(e)}[36masync[39m request(e[33m,[39m{tr
aceparent[33m:[39mr[33m,[39minteractiveTr
ansaction[33m:[39mn}){be([32m`sending requ
est, this.libraryStarted: ${this.libraryStart
ed}`[39m)[33m;[39m[36mlet[39m i[33m=[3
9m[33mJSON[39m[33m.[39mstringify({tracepa
rent[33m:[39mr})[33m,[39mo[33m=[39m[33
mJSON[39m[33m.[39mstringify(e)[33m;[39m
[36mtry[39m{[36mawait[39m [36mthis[39m[
33m.[39mstart()[33m;[39m[36mlet[39m s[3
3m=[39m[36mawait[39m [36mthis[39m[33m.
[39madapterPromise[33m;[39m[36mthis[39m[
33m.[39mexecutingQueryPromise[33m=[39m[36
mthis[39m[33m.[39mengine[33m?[39m[33m.
[39mquery(o[33m,[39mi[33m,[39mn[33m?[39
m[33m.[39mid)[33m,[39m[36mthis[39m[33m
.[39mlastQuery[33m=[39mo[33m;[39m[36mle
t[39m a[33m=[39m[36mthis[39m[33m.[39mp
arseEngineResponse([36mawait[39m [36mthis
[39m[33m.[39mexecutingQueryPromise)[33m;[
39m[36mif[39m(a[33m.[39merrors)[36mthrow
[39m a[33m.[39merrors[33m.[39mlength[33
m===[39m[35m1[39m[33m?[39m[36mthis[39m
[33m.[39mbuildQueryError(a[33m.[39merrors
[[35m0[39m][33m,[39ms[33m?[39m[33m.[3
9merrorRegistry)[33m:[39m[36mnew[39m [33
mQ[39m([33mJSON[39m[33m.[39mstringify(a
[33m.[39merrors)[33m,[39m{clientVersion[3
3m:[39m[36mthis[39m[33m.[39mconfig[33m.
[39mclientVersion})[33m;[39m[36mif[39m(
[36mthis[39m[33m.[39mloggerRustPanic)[36m
throw[39m [36mthis[39m[33m.[39mloggerRus
tPanic[33m;[39m[36mreturn[39m{data[33m:
[39ma}}[36mcatch[39m(s){[36mif[39m(s [36
minstanceof[39m [33mM[39m)[36mthrow[39m 
s[33m;[39ms[33m.[39mcode[33m===[39m[32
m"GenericFailure"[39m[33m&&[39ms[33m.[39
mmessage[33m?[39m[33m.[39mstartsWith([32
m"PANIC:"[39m)[33m;[39m[36mlet[39m a[33
m=[39m[36mthis[39m[33m.[39mparseRequestE
rror(s[33m.[39mmessage)[33m;[39m[36mthro
w[39m [36mtypeof[39m a[33m==[39m[32m"st
ring"[39m[33m?[39ms[33m:[39m[36mnew[39
m [33mQ[39m([32m`${a.message}[39m
 [90m    |[39m                             
                                             
                                             
                                             
                                             
                                             
                                             
                                             
                                             
                                             
                                             
                                             
                                             
                                             
                                             
                                             
                                             
                                             
                                             
                                             
                                             
                                             
                                             
                                             
                                             
                                             
                                             
                                             
                                             
                                             
                                             
                                             
                                             
                                             
                                             
                                             
                                             
                                             
                                             
                                             
                                             
                                             
                                             
                                             
                                             
                                             
                                             
                                             
                                             
                                             
                                             
                                             
                                             
                                             
                                             
                                             
                                             
                                             
                                             
                                             
                                             
                                             
                                             
                                             
                                             
                                             
                                             
                                             
                                             
                                             
                                             
                                             
                                             
                                             
                                             
                                             
                                             
                                             
                                             
                                             
                                             
                                             
                                             
                                             
                                             
                                             
                                             
                                             
                                             
                                             
                                             
                                             
                                             
                                             
                                             
                                             
                                             
                                             
                                             
                                             
                                             
                                             
                                             
                                             
                                             
                                             
                                             
                                             
                                             
                                             
                                             
                                             
                                             
                                             
                                             
                                             
                                             
                                             
                                             
                                             
                                             
                                             
                                             
                                             
                                             
                                             
                                             
                                             
                                             
                                             
                                             
                                             
                                             
                                             
                                             
                                             
                                             
                                             
                                             
                                             
                                             
                                             
                                             
                                             
                                             
                                             
                                             
                                             
                                             
                                             
                                             
                                             
                                             
                                             
                                             
                                             
                                             
                                             
                                             
                                             
                                             
                                             
                                             
                                             
                                             
                                             
                                             
                                             
                                             
                                             
                                             
                                             
                                             
                                             
                                             
                                             
                                             
                                             
                                             
                                             
                                             
                                             
                                             
                                             
                                             
                                             
                                             
                                             
                                             
                                             
                                             
                                             
                                             
                                             
                                             
                                             
                                             
                                             
                                             
                                             
                                             
                                             
                                             
                                             
                                             
                                             
                                             
                                             
                                             
                                             
                                             
                                             
                                             
                                             
                                             
                                             
                                             
                                             
                                             
                                             
                                             
                                             
                                             
                                             
                                             
                                             
                                             
                                             
                                             
                                             
                                             
                                             
                                             
                                             
                                             
                                             
                                             
                                             
                                             
                                             
                                             
                                             
                                             
                                             
                                             
                                             
                                             
                                             
                                             
                                             
                                             
                                             
                                             
                                             
                                             
                                             
                                             
                                             
                                             
                                             
                                             
                                             
                                             
                                             
                                             
                                             
                                             
                                             
                                             
                                             
                                             
                                             
                                             
                                             
                                             
                                             
                                             
                                             
                                             
                                             
                                             
                                             
                                             
                                             
                                             
                                             
                                             
                                             
                                             
                                             
                                             
                                             
                                             
                                             
                                             
                                             
                                             
                                             
                                             
                                             
                                             
                                             
                                             
                                             
                                             
                                             
                                             
                                             
                                             
                                             
                                             
                                             
                                             
                                             
                                             
                                             
                                             
                                             
                                             
                                             
                                             
      [31m[1m^[22m[39m[31m[1m^[22m[39
m[31m[1m^[22m[39m[31m[1m^[22m[39m[31
m[1m^[22m[39m[31m[1m^[22m[39m[31m[1m
^[22m[39m[31m[1m^[22m[39m[31m[1m^[22
m[39m[31m[1m^[22m[39m[31m[1m^[22m[39
m[31m[1m^[22m[39m
 [90m 17 |[39m [32m${a.backtrace}`[39m[3
3m,[39m{clientVersion[33m:[39m[36mthis[3
9m[33m.[39mconfig[33m.[39mclientVersion})
}}[36masync[39m requestBatch(e[33m,[39m{t
ransaction[33m:[39mr[33m,[39mtraceparent
[33m:[39mn}){be([32m"requestBatch"[39m)[3
3m;[39m[36mlet[39m i[33m=[39mot(e[33m,
[39mr)[33m;[39m[36mawait[39m [36mthis[3
9m[33m.[39mstart()[33m;[39m[36mlet[39m 
o[33m=[39m[36mawait[39m [36mthis[39m[3
3m.[39madapterPromise[33m;[39m[36mthis[3
9m[33m.[39mlastQuery[33m=[39m[33mJSON[3
9m[33m.[39mstringify(i)[33m,[39m[36mthis
[39m[33m.[39mexecutingQueryPromise[33m=[
39m[36mthis[39m[33m.[39mengine[33m?[39m
[33m.[39mquery([36mthis[39m[33m.[39mlas
tQuery[33m,[39m[33mJSON[39m[33m.[39mstr
ingify({traceparent[33m:[39mn})[33m,[39mo
s(r))[33m;[39m[36mlet[39m s[33m=[39m[3
6mawait[39m [36mthis[39m[33m.[39mexecuti
ngQueryPromise[33m,[39ma[33m=[39m[36mthi
s[39m[33m.[39mparseEngineResponse(s)[33m;
[39m[36mif[39m(a[33m.[39merrors)[36mthr
ow[39m a[33m.[39merrors[33m.[39mlength[
33m===[39m[35m1[39m[33m?[39m[36mthis[3
9m[33m.[39mbuildQueryError(a[33m.[39merro
rs[[35m0[39m][33m,[39mo[33m?[39m[33m.
[39merrorRegistry)[33m:[39m[36mnew[39m [
33mQ[39m([33mJSON[39m[33m.[39mstringify(
a[33m.[39merrors)[33m,[39m{clientVersion
[33m:[39m[36mthis[39m[33m.[39mconfig[33
m.[39mclientVersion})[33m;[39m[36mlet[39
m{batchResult[33m:[39mf[33m,[39merrors[3
3m:[39mv}[33m=[39ma[33m;[39m[36mif[39m
([33mArray[39m[33m.[39misArray(f))[36mre
turn[39m f[33m.[39mmap([33mR[39m[33m=>
[39m[33mR[39m[33m.[39merrors[33m&&[39m
[33mR[39m[33m.[39merrors[33m.[39mlength
[33m>[39m[35m0[39m[33m?[39m[36mthis[39
m[33m.[39mloggerRustPanic[33m?[39m[33m?
[39m[36mthis[39m[33m.[39mbuildQueryError(
[33mR[39m[33m.[39merrors[[35m0[39m][33
m,[39mo[33m?[39m[33m.[39merrorRegistry)
[33m:[39m{data[33m:[39m[33mR[39m})[33m;
[39m[36mthrow[39m v[33m&&[39mv[33m.[39
mlength[33m===[39m[35m1[39m[33m?[39m[3
6mnew[39m [33mError[39m(v[[35m0[39m][33
m.[39merror)[33m:[39m[36mnew[39m [33mEr
ror[39m([33mJSON[39m[33m.[39mstringify(a
))}buildQueryError(e[33m,[39mr){e[33m.[39
muser_facing_error[33m.[39mis_panic[33m;[
39m[36mlet[39m n[33m=[39m[36mthis[39m[
33m.[39mgetExternalAdapterError(e[33m.[39m
user_facing_error[33m,[39mr)[33m;[39m[36
mreturn[39m n[33m?[39mn[33m.[39merror[3
3m:[39mst(e[33m,[39m[36mthis[39m[33m.[
39mconfig[33m.[39mclientVersion[33m,[39m
[36mthis[39m[33m.[39mconfig[33m.[39macti
veProvider)}getExternalAdapterError(e[33m,[
39mr){[36mif[39m(e[33m.[39merror_code[33
m===[39m[33mRu[39m[33m&&[39mr){[36mlet
[39m n[33m=[39me[33m.[39mmeta[33m?[39m
[33m.[39mid[33m;[39myr([36mtypeof[39m n
[33m==[39m[32m"number"[39m[33m,[39m[32m
"Malformed external JS error received from th
e engine"[39m)[33m;[39m[36mlet[39m i[33
m=[39mr[33m.[39mconsumeError(n)[33m;[39m
[36mreturn[39m yr(i[33m,[39m[32m"Externa
l error with reported id was not registered"
[39m)[33m,[39mi}}[36masync[39m metrics(e)
{[36mawait[39m [36mthis[39m[33m.[39msta
rt()[33m;[39m[36mlet[39m r[33m=[39m[36
mawait[39m [36mthis[39m[33m.[39mengine[
33m.[39mmetrics([33mJSON[39m[33m.[39mstr
ingify(e))[33m;[39m[36mreturn[39m e[33m.
[39mformat[33m===[39m[32m"prometheus"[39
m[33m?[39mr[33m:[39m[36mthis[39m[33m.
[39mparseEngineResponse(r)}}[33m;[39m[36mf
unction[39m [33mDu[39m(t){[36mreturn[39m
 [36mtypeof[39m t[33m==[39m[32m"object"
[39m[33m&&[39mt[33m!==[39m[36mnull[39m
[33m&&[39mt[33m.[39merror_code[33m!==[39
m[36mvoid[39m [35m0[39m}u()[33m;[39mc()
[33m;[39mp()[33m;[39mm()[33m;[39md()[3
3m;[39ml()[33m;[39m[36mfunction[39m [36
mas[39m({url[33m:[39mt[33m,[39madapter[
33m:[39me[33m,[39mcopyEngine[33m:[39mr[
33m,[39mtargetBuildType[33m:[39mn}){[36ml
et[39m i[33m=[39m[][33m,[39mo[33m=[39m
[][33m,[39ms[33m=[39m[33mD[39m[33m=>[
39m{i[33m.[39mpush({_tag[33m:[39m[32m"wa
rning"[39m[33m,[39mvalue[33m:[39m[33mD
[39m})}[33m,[39ma[33m=[39m[33mD[39m[33
m=>[39m{[36mlet[39m k[33m=[39m[33mD[39
m[33m.[39mjoin([32m`[39m
 [90m 18 |[39m [32m`[39m)[33m;[39mo[33
m.[39mpush({_tag[33m:[39m[32m"error"[39m
[33m,[39mvalue[33m:[39mk})}[33m,[39mf[
33m=[39m[33m![39m[33m![39mt[33m?[39m[
33m.[39mstartsWith([32m"prisma://"[39m)[3
3m,[39mv[33m=[39mgr(t)[33m,[39m[33mR[3
9m[33m=[39m[33m![39m[33m![39me[33m,[3
9m[33mA[39m[33m=[39mf[33m||[39mv[33m;
[39m[33m![39m[33mR[39m[33m&&[39mr[33m&
&[39m[33mA[39m[33m&&[39mn[33m!==[39m[
32m"client"[39m[33m&&[39mn[33m!==[39m[3
2m"wasm-compiler-edge"[39m[33m&&[39ms([[3
2m"recommend--no-engine"[39m[33m,[39m[32m
"In production, we recommend using `prisma ge
nerate --no-engine` (See: `prisma generate --
help`)"[39m])[33m;[39m[36mlet[39m [33mI
[39m[33m=[39m[33mA[39m[33m||[39m[33m!
[39mr[33m;[39m[33mR[39m[33m&&[39m([33
mI[39m[33m||[39mn[33m===[39m[32m"edge"
[39m)[33m&&[39m(n[33m===[39m[32m"edge"[
39m[33m?[39ma([[32m"Prisma Client was conf
igured to use the `adapter` option but it was
 imported via its `/edge` endpoint."[39m[33
m,[39m[32m"Please either remove the `/edge`
 endpoint or remove the `adapter` from the Pr
isma Client constructor."[39m])[33m:[39m[
33mA[39m[33m?[39ma([[32m"You've provided 
both a driver adapter and an Accelerate datab
ase URL. Driver adapters currently cannot con
nect to Accelerate."[39m[33m,[39m[32m"Ple
ase provide either a driver adapter with a di
rect database URL or an Accelerate URL and no
 driver adapter."[39m])[33m:[39mr[33m||[
39ma([[32m"Prisma Client was configured to u
se the `adapter` option but `prisma generate`
 was run with `--no-engine`."[39m[33m,[39m
[32m"Please run `prisma generate` without `-
-no-engine` to be able to use Prisma Client w
ith the adapter."[39m]))[33m;[39m[36mlet
[39m [33mC[39m[33m=[39m{accelerate[33m:
[39m[33mI[39m[33m,[39mppg[33m:[39mv[33
m,[39mdriverAdapters[33m:[39m[33mR[39m}
[33m;[39m[36mfunction[39m [33mL[39m([33
mD[39m){[36mreturn[39m [33mD[39m[33m.[
39mlength[33m>[39m[35m0[39m}[36mreturn[
39m [33mL[39m(o)[33m?[39m{ok[33m:[39m[
33m![39m[35m1[39m[33m,[39mdiagnostics[3
3m:[39m{warnings[33m:[39mi[33m,[39merror
s[33m:[39mo}[33m,[39misUsing[33m:[39m[
33mC[39m}[33m:[39m{ok[33m:[39m[33m![39
m[35m0[39m[33m,[39mdiagnostics[33m:[39m
{warnings[33m:[39mi}[33m,[39misUsing[33m
:[39m[33mC[39m}}[36mfunction[39m ls({cop
yEngine[33m:[39mt[33m=[39m[33m![39m[35
m0[39m}[33m,[39me){[36mlet[39m r[33m;[
39m[36mtry[39m{r[33m=[39mct({inlineDataso
urces[33m:[39me[33m.[39minlineDatasources
[33m,[39moverrideDatasources[33m:[39me[3
3m.[39moverrideDatasources[33m,[39menv[33
m:[39m{[33m...[39me[33m.[39menv[33m,[3
9m[33m...[39mg[33m.[39menv}[33m,[39mcli
entVersion[33m:[39me[33m.[39mclientVersio
n})}[36mcatch[39m{}[36mlet[39m{ok[33m:[
39mn[33m,[39misUsing[33m:[39mi[33m,[39m
diagnostics[33m:[39mo}[33m=[39m[36mas[3
9m({url[33m:[39mr[33m,[39madapter[33m:[
39me[33m.[39madapter[33m,[39mcopyEngine[
33m:[39mt[33m,[39mtargetBuildType[33m:[3
9m[32m"wasm-engine-edge"[39m})[33m;[39m[
36mfor[39m([36mlet[39m [33mA[39m [36mof
[39m o[33m.[39mwarnings)[33mTt[39m([33m
...[39m[33mA[39m[33m.[39mvalue)[33m;[3
9m[36mif[39m([33m![39mn){[36mlet[39m [
33mA[39m[33m=[39mo[33m.[39merrors[[35m0
[39m][33m;[39m[36mthrow[39m [36mnew[39
m [33mY[39m([33mA[39m[33m.[39mvalue[33
m,[39m{clientVersion[33m:[39me[33m.[39mc
lientVersion})}[36mlet[39m s[33m=[39m[33
mJe[39m(e[33m.[39mgenerator)[33m,[39ma[
33m=[39ms[33m===[39m[32m"library"[39m[3
3m,[39mf[33m=[39ms[33m===[39m[32m"binar
y"[39m[33m,[39mv[33m=[39ms[33m===[39m
[32m"client"[39m[33m,[39m[33mR[39m[33m=
[39m(i[33m.[39maccelerate[33m||[39mi[33
m.[39mppg)[33m&&[39m[33m![39mi[33m.[39
mdriverAdapters[33m;[39m[36mreturn[39m i
[33m.[39maccelerate[33m?[39m[36mnew[39m 
[33mZt[39m(e)[33m:[39mi[33m.[39mdriverA
dapters[33m?[39m[36mnew[39m er(e)[33m:[
39m[36mnew[39m $n({clientVersion[33m:[39m
e[33m.[39mclientVersion})}[36mvar[39m $n
[33m=[39m[36mclass[39m{constructor(e){[36
mreturn[39m [36mnew[39m [33mProxy[39m([
36mthis[39m[33m,[39m{[36mget[39m(r[33m,
[39mn){[36mlet[39m i[33m=[39m[32m`In or
der to run Prisma Client on edge runtime, eit
her:[39m
 [90m 19 |[39m [32m- Use Prisma Accelerate
: https://pris.ly/d/accelerate[39m[0m

A Node.js API is used (setImmediate at line: 
16) which is not supported in the Edge Runtim
e.
Learn more: https://nextjs.org/docs/api-refer
ence/edge-runtime

Import traces:
  App Route:
    ./prisma/generated/tenant-client/runtime/
wasm-engine-edge.js
    ./prisma/generated/tenant-client/index.js
    ./src/shared/lib/db.ts
    ./src/app/api/emissions/import/route.ts

  Edge Middleware:
    ./prisma/generated/tenant-client/runtime/
wasm-engine-edge.js
    ./prisma/generated/tenant-client/wasm.js
    ./prisma/generated/tenant-client/default.
js
    ./src/shared/lib/db.ts
    ./src/features/organizations/services.ts
    ./src/middleware.ts


./src/app/api/reporting/[orgSlug]/cbam-xml/ro
ute.ts:5:1
Module not found: Can't resolve '../../../../
features/emissions/calculation-engine'
[0m [90m 3 |[39m [36mimport[39m { getOrg
anizationBySlug } [36mfrom[39m [32m"../../
../../features/organizations/services"[39m[
33m;[39m
 [90m 4 |[39m [36mimport[39m { getTenantD
b } [36mfrom[39m [32m"../../../../shared/l
ib/db"[39m[33m;[39m
[31m[1m>[22m[39m[90m 5 |[39m [36mimpor
t[39m { summarizeEmissions } [36mfrom[39m 
[32m"../../../../features/emissions/calculat
ion-engine"[39m[33m;[39m
 [90m   |[39m [31m[1m^[22m[39m[31m[1m
^[22m[39m[31m[1m^[22m[39m[31m[1m^[22
m[39m[31m[1m^[22m[39m[31m[1m^[22m[39
m[31m[1m^[22m[39m[31m[1m^[22m[39m[31
m[1m^[22m[39m[31m[1m^[22m[39m[31m[1m
^[22m[39m[31m[1m^[22m[39m[31m[1m^[22
m[39m[31m[1m^[22m[39m[31m[1m^[22m[39
m[31m[1m^[22m[39m[31m[1m^[22m[39m[31
m[1m^[22m[39m[31m[1m^[22m[39m[31m[1m
^[22m[39m[31m[1m^[22m[39m[31m[1m^[22
m[39m[31m[1m^[22m[39m[31m[1m^[22m[39
m[31m[1m^[22m[39m[31m[1m^[22m[39m[31
m[1m^[22m[39m[31m[1m^[22m[39m[31m[1m
^[22m[39m[31m[1m^[22m[39m[31m[1m^[22
m[39m[31m[1m^[22m[39m[31m[1m^[22m[39
m[31m[1m^[22m[39m[31m[1m^[22m[39m[31
m[1m^[22m[39m[31m[1m^[22m[39m[31m[1m
^[22m[39m[31m[1m^[22m[39m[31m[1m^[22
m[39m[31m[1m^[22m[39m[31m[1m^[22m[39
m[31m[1m^[22m[39m[31m[1m^[22m[39m[31
m[1m^[22m[39m[31m[1m^[22m[39m[31m[1m
^[22m[39m[31m[1m^[22m[39m[31m[1m^[22
m[39m[31m[1m^[22m[39m[31m[1m^[22m[39
m[31m[1m^[22m[39m[31m[1m^[22m[39m[31
m[1m^[22m[39m[31m[1m^[22m[39m[31m[1m
^[22m[39m[31m[1m^[22m[39m[31m[1m^[22
m[39m[31m[1m^[22m[39m[31m[1m^[22m[39
m[31m[1m^[22m[39m[31m[1m^[22m[39m[31
m[1m^[22m[39m[31m[1m^[22m[39m[31m[1m
^[22m[39m[31m[1m^[22m[39m[31m[1m^[22
m[39m[31m[1m^[22m[39m[31m[1m^[22m[39
m[31m[1m^[22m[39m[31m[1m^[22m[39m[31
m[1m^[22m[39m[31m[1m^[22m[39m[31m[1m
^[22m[39m[31m[1m^[22m[39m[31m[1m^[22
m[39m[31m[1m^[22m[39m[31m[1m^[22m[39
m[31m[1m^[22m[39m[31m[1m^[22m[39m[31
m[1m^[22m[39m[31m[1m^[22m[39m[31m[1m
^[22m[39m[31m[1m^[22m[39m[31m[1m^[22
m[39m[31m[1m^[22m[39m[31m[1m^[22m[39
m
 [90m 6 |[39m [36mimport[39m { generateCB
AMXml } [36mfrom[39m [32m"../../../../feat
ures/reporting/xml-exporter"[39m[33m;[39m
 [90m 7 |[39m
 [90m 8 |[39m [36mexport[39m [36masync[
39m [36mfunction[39m [33mGET[39m([0m



Import trace:
  App Route:
    ./src/app/api/reporting/[orgSlug]/cbam-xm
l/route.ts
    ./prisma/generated/tenant-client/index.js
    ./src/shared/lib/db.ts
    ./src/app/api/emissions/import/route.ts

https://nextjs.org/docs/messages/module-not-f
ound


./src/app/api/reporting/[orgSlug]/iso-pdf/rou
te.ts:5:1
Module not found: Can't resolve '../../../../
features/emissions/calculation-engine'
[0m [90m 3 |[39m [36mimport[39m { getOrg
anizationBySlug } [36mfrom[39m [32m"../../
../../features/organizations/services"[39m[
33m;[39m
 [90m 4 |[39m [36mimport[39m { getTenantD
b } [36mfrom[39m [32m"../../../../shared/l
ib/db"[39m[33m;[39m
[31m[1m>[22m[39m[90m 5 |[39m [36mimpor
t[39m { summarizeEmissions } [36mfrom[39m 
[32m"../../../../features/emissions/calculat
ion-engine"[39m[33m;[39m
 [90m   |[39m [31m[1m^[22m[39m[31m[1m
^[22m[39m[31m[1m^[22m[39m[31m[1m^[22
m[39m[31m[1m^[22m[39m[31m[1m^[22m[39
m[31m[1m^[22m[39m[31m[1m^[22m[39m[31
m[1m^[22m[39m[31m[1m^[22m[39m[31m[1m
^[22m[39m[31m[1m^[22m[39m[31m[1m^[22
m[39m[31m[1m^[22m[39m[31m[1m^[22m[39
m[31m[1m^[22m[39m[31m[1m^[22m[39m[31
m[1m^[22m[39m[31m[1m^[22m[39m[31m[1m
^[22m[39m[31m[1m^[22m[39m[31m[1m^[22
m[39m[31m[1m^[22m[39m[31m[1m^[22m[39
m[31m[1m^[22m[39m[31m[1m^[22m[39m[31
m[1m^[22m[39m[31m[1m^[22m[39m[31m[1m
^[22m[39m[31m[1m^[22m[39m[31m[1m^[22
m[39m[31m[1m^[22m[39m[31m[1m^[22m[39
m[31m[1m^[22m[39m[31m[1m^[22m[39m[31
m[1m^[22m[39m[31m[1m^[22m[39m[31m[1m
^[22m[39m[31m[1m^[22m[39m[31m[1m^[22
m[39m[31m[1m^[22m[39m[31m[1m^[22m[39
m[31m[1m^[22m[39m[31m[1m^[22m[39m[31
m[1m^[22m[39m[31m[1m^[22m[39m[31m[1m
^[22m[39m[31m[1m^[22m[39m[31m[1m^[22
m[39m[31m[1m^[22m[39m[31m[1m^[22m[39
m[31m[1m^[22m[39m[31m[1m^[22m[39m[31
m[1m^[22m[39m[31m[1m^[22m[39m[31m[1m
^[22m[39m[31m[1m^[22m[39m[31m[1m^[22
m[39m[31m[1m^[22m[39m[31m[1m^[22m[39
m[31m[1m^[22m[39m[31m[1m^[22m[39m[31
m[1m^[22m[39m[31m[1m^[22m[39m[31m[1m
^[22m[39m[31m[1m^[22m[39m[31m[1m^[22
m[39m[31m[1m^[22m[39m[31m[1m^[22m[39
m[31m[1m^[22m[39m[31m[1m^[22m[39m[31
m[1m^[22m[39m[31m[1m^[22m[39m[31m[1m
^[22m[39m[31m[1m^[22m[39m[31m[1m^[22
m[39m[31m[1m^[22m[39m[31m[1m^[22m[39
m[31m[1m^[22m[39m[31m[1m^[22m[39m[31
m[1m^[22m[39m[31m[1m^[22m[39m[31m[1m
^[22m[39m[31m[1m^[22m[39m[31m[1m^[22
m[39m[31m[1m^[22m[39m[31m[1m^[22m[39
m
 [90m 6 |[39m [36mimport[39m { generateIS
O14064Report } [36mfrom[39m [32m"../../../
../features/reporting/pdf-generator"[39m[33
m;[39m
 [90m 7 |[39m
 [90m 8 |[39m [36mexport[39m [36masync[
39m [36mfunction[39m [33mGET[39m([0m



Import trace:
  App Route:
    ./src/app/api/reporting/[orgSlug]/iso-pdf
/route.ts
    ./prisma/generated/tenant-client/index.js
    ./src/shared/lib/db.ts
    ./src/app/api/emissions/import/route.ts

https://nextjs.org/docs/messages/module-not-f
ound


./src/app/api/reporting/[orgSlug]/cbam-xml/ro
ute.ts:3:1
Module not found: Can't resolve '../../../../
features/organizations/services'
[0m [90m 1 |[39m [36mimport[39m { [33mN
extResponse[39m } [36mfrom[39m [32m"next/
server"[39m[33m;[39m
 [90m 2 |[39m [36mimport[39m { auth } [3
6mfrom[39m [32m"../../../../shared/lib/auth
"[39m[33m;[39m
[31m[1m>[22m[39m[90m 3 |[39m [36mimpor
t[39m { getOrganizationBySlug } [36mfrom[3
9m [32m"../../../../features/organizations/s
ervices"[39m[33m;[39m
 [90m   |[39m [31m[1m^[22m[39m[31m[1m
^[22m[39m[31m[1m^[22m[39m[31m[1m^[22
m[39m[31m[1m^[22m[39m[31m[1m^[22m[39
m[31m[1m^[22m[39m[31m[1m^[22m[39m[31
m[1m^[22m[39m[31m[1m^[22m[39m[31m[1m
^[22m[39m[31m[1m^[22m[39m[31m[1m^[22
m[39m[31m[1m^[22m[39m[31m[1m^[22m[39
m[31m[1m^[22m[39m[31m[1m^[22m[39m[31
m[1m^[22m[39m[31m[1m^[22m[39m[31m[1m
^[22m[39m[31m[1m^[22m[39m[31m[1m^[22
m[39m[31m[1m^[22m[39m[31m[1m^[22m[39
m[31m[1m^[22m[39m[31m[1m^[22m[39m[31
m[1m^[22m[39m[31m[1m^[22m[39m[31m[1m
^[22m[39m[31m[1m^[22m[39m[31m[1m^[22
m[39m[31m[1m^[22m[39m[31m[1m^[22m[39
m[31m[1m^[22m[39m[31m[1m^[22m[39m[31
m[1m^[22m[39m[31m[1m^[22m[39m[31m[1m
^[22m[39m[31m[1m^[22m[39m[31m[1m^[22
m[39m[31m[1m^[22m[39m[31m[1m^[22m[39
m[31m[1m^[22m[39m[31m[1m^[22m[39m[31
m[1m^[22m[39m[31m[1m^[22m[39m[31m[1m
^[22m[39m[31m[1m^[22m[39m[31m[1m^[22
m[39m[31m[1m^[22m[39m[31m[1m^[22m[39
m[31m[1m^[22m[39m[31m[1m^[22m[39m[31
m[1m^[22m[39m[31m[1m^[22m[39m[31m[1m
^[22m[39m[31m[1m^[22m[39m[31m[1m^[22
m[39m[31m[1m^[22m[39m[31m[1m^[22m[39
m[31m[1m^[22m[39m[31m[1m^[22m[39m[31
m[1m^[22m[39m[31m[1m^[22m[39m[31m[1m
^[22m[39m[31m[1m^[22m[39m[31m[1m^[22
m[39m[31m[1m^[22m[39m[31m[1m^[22m[39
m[31m[1m^[22m[39m[31m[1m^[22m[39m[31
m[1m^[22m[39m[31m[1m^[22m[39m[31m[1m
^[22m[39m[31m[1m^[22m[39m[31m[1m^[22
m[39m[31m[1m^[22m[39m[31m[1m^[22m[39
m[31m[1m^[22m[39m[31m[1m^[22m[39m[31
m[1m^[22m[39m[31m[1m^[22m[39m[31m[1m
^[22m[39m[31m[1m^[22m[39m
 [90m 4 |[39m [36mimport[39m { getTenantD
b } [36mfrom[39m [32m"../../../../shared/l
ib/db"[39m[33m;[39m
 [90m 5 |[39m [36mimport[39m { summarizeE
missions } [36mfrom[39m [32m"../../../../f
eatures/emissions/calculation-engine"[39m[3
3m;[39m
 [90m 6 |[39m [36mimport[39m { generateCB
AMXml } [36mfrom[39m [32m"../../../../feat
ures/reporting/xml-exporter"[39m[33m;[39m
[0m



Import trace:
  App Route:
    ./src/app/api/reporting/[orgSlug]/cbam-xm
l/route.ts
    ./prisma/generated/tenant-client/index.js
    ./src/shared/lib/db.ts
    ./src/app/api/emissions/import/route.ts

https://nextjs.org/docs/messages/module-not-f
ound


./src/app/api/reporting/[orgSlug]/iso-pdf/rou
te.ts:3:1
Module not found: Can't resolve '../../../../
features/organizations/services'
[0m [90m 1 |[39m [36mimport[39m { [33mN
extResponse[39m } [36mfrom[39m [32m"next/
server"[39m[33m;[39m
 [90m 2 |[39m [36mimport[39m { auth } [3
6mfrom[39m [32m"../../../../shared/lib/auth
"[39m[33m;[39m
[31m[1m>[22m[39m[90m 3 |[39m [36mimpor
t[39m { getOrganizationBySlug } [36mfrom[3
9m [32m"../../../../features/organizations/s
ervices"[39m[33m;[39m
 [90m   |[39m [31m[1m^[22m[39m[31m[1m
^[22m[39m[31m[1m^[22m[39m[31m[1m^[22
m[39m[31m[1m^[22m[39m[31m[1m^[22m[39
m[31m[1m^[22m[39m[31m[1m^[22m[39m[31
m[1m^[22m[39m[31m[1m^[22m[39m[31m[1m
^[22m[39m[31m[1m^[22m[39m[31m[1m^[22
m[39m[31m[1m^[22m[39m[31m[1m^[22m[39
m[31m[1m^[22m[39m[31m[1m^[22m[39m[31
m[1m^[22m[39m[31m[1m^[22m[39m[31m[1m
^[22m[39m[31m[1m^[22m[39m[31m[1m^[22
m[39m[31m[1m^[22m[39m[31m[1m^[22m[39
m[31m[1m^[22m[39m[31m[1m^[22m[39m[31
m[1m^[22m[39m[31m[1m^[22m[39m[31m[1m
^[22m[39m[31m[1m^[22m[39m[31m[1m^[22
m[39m[31m[1m^[22m[39m[31m[1m^[22m[39
m[31m[1m^[22m[39m[31m[1m^[22m[39m[31
m[1m^[22m[39m[31m[1m^[22m[39m[31m[1m
^[22m[39m[31m[1m^[22m[39m[31m[1m^[22
m[39m[31m[1m^[22m[39m[31m[1m^[22m[39
m[31m[1m^[22m[39m[31m[1m^[22m[39m[31
m[1m^[22m[39m[31m[1m^[22m[39m[31m[1m
^[22m[39m[31m[1m^[22m[39m[31m[1m^[22
m[39m[31m[1m^[22m[39m[31m[1m^[22m[39
m[31m[1m^[22m[39m[31m[1m^[22m[39m[31
m[1m^[22m[39m[31m[1m^[22m[39m[31m[1m
^[22m[39m[31m[1m^[22m[39m[31m[1m^[22
m[39m[31m[1m^[22m[39m[31m[1m^[22m[39
m[31m[1m^[22m[39m[31m[1m^[22m[39m[31
m[1m^[22m[39m[31m[1m^[22m[39m[31m[1m
^[22m[39m[31m[1m^[22m[39m[31m[1m^[22
m[39m[31m[1m^[22m[39m[31m[1m^[22m[39
m[31m[1m^[22m[39m[31m[1m^[22m[39m[31
m[1m^[22m[39m[31m[1m^[22m[39m[31m[1m
^[22m[39m[31m[1m^[22m[39m[31m[1m^[22
m[39m[31m[1m^[22m[39m[31m[1m^[22m[39
m[31m[1m^[22m[39m[31m[1m^[22m[39m[31
m[1m^[22m[39m[31m[1m^[22m[39m[31m[1m
^[22m[39m[31m[1m^[22m[39m
 [90m 4 |[39m [36mimport[39m { getTenantD
b } [36mfrom[39m [32m"../../../../shared/l
ib/db"[39m[33m;[39m
 [90m 5 |[39m [36mimport[39m { summarizeE
missions } [36mfrom[39m [32m"../../../../f
eatures/emissions/calculation-engine"[39m[3
3m;[39m
 [90m 6 |[39m [36mimport[39m { generateIS
O14064Report } [36mfrom[39m [32m"../../../
../features/reporting/pdf-generator"[39m[33
m;[39m[0m



Import trace:
  App Route:
    ./src/app/api/reporting/[orgSlug]/iso-pdf
/route.ts
    ./prisma/generated/tenant-client/index.js
    ./src/shared/lib/db.ts
    ./src/app/api/emissions/import/route.ts

https://nextjs.org/docs/messages/module-not-f
ound


./src/app/api/reporting/[orgSlug]/iso-pdf/rou
te.ts:6:1
Module not found: Can't resolve '../../../../
features/reporting/pdf-generator'
[0m [90m 4 |[39m [36mimport[39m { getTen
antDb } [36mfrom[39m [32m"../../../../shar
ed/lib/db"[39m[33m;[39m
 [90m 5 |[39m [36mimport[39m { summarizeE
missions } [36mfrom[39m [32m"../../../../f
eatures/emissions/calculation-engine"[39m[3
3m;[39m
[31m[1m>[22m[39m[90m 6 |[39m [36mimpor
t[39m { generateISO14064Report } [36mfrom[
39m [32m"../../../../features/reporting/pdf-
generator"[39m[33m;[39m
 [90m   |[39m [31m[1m^[22m[39m[31m[1m
^[22m[39m[31m[1m^[22m[39m[31m[1m^[22
m[39m[31m[1m^[22m[39m[31m[1m^[22m[39
m[31m[1m^[22m[39m[31m[1m^[22m[39m[31
m[1m^[22m[39m[31m[1m^[22m[39m[31m[1m
^[22m[39m[31m[1m^[22m[39m[31m[1m^[22
m[39m[31m[1m^[22m[39m[31m[1m^[22m[39
m[31m[1m^[22m[39m[31m[1m^[22m[39m[31
m[1m^[22m[39m[31m[1m^[22m[39m[31m[1m
^[22m[39m[31m[1m^[22m[39m[31m[1m^[22
m[39m[31m[1m^[22m[39m[31m[1m^[22m[39
m[31m[1m^[22m[39m[31m[1m^[22m[39m[31
m[1m^[22m[39m[31m[1m^[22m[39m[31m[1m
^[22m[39m[31m[1m^[22m[39m[31m[1m^[22
m[39m[31m[1m^[22m[39m[31m[1m^[22m[39
m[31m[1m^[22m[39m[31m[1m^[22m[39m[31
m[1m^[22m[39m[31m[1m^[22m[39m[31m[1m
^[22m[39m[31m[1m^[22m[39m[31m[1m^[22
m[39m[31m[1m^[22m[39m[31m[1m^[22m[39
m[31m[1m^[22m[39m[31m[1m^[22m[39m[31
m[1m^[22m[39m[31m[1m^[22m[39m[31m[1m
^[22m[39m[31m[1m^[22m[39m[31m[1m^[22
m[39m[31m[1m^[22m[39m[31m[1m^[22m[39
m[31m[1m^[22m[39m[31m[1m^[22m[39m[31
m[1m^[22m[39m[31m[1m^[22m[39m[31m[1m
^[22m[39m[31m[1m^[22m[39m[31m[1m^[22
m[39m[31m[1m^[22m[39m[31m[1m^[22m[39
m[31m[1m^[22m[39m[31m[1m^[22m[39m[31
m[1m^[22m[39m[31m[1m^[22m[39m[31m[1m
^[22m[39m[31m[1m^[22m[39m[31m[1m^[22
m[39m[31m[1m^[22m[39m[31m[1m^[22m[39
m[31m[1m^[22m[39m[31m[1m^[22m[39m[31
m[1m^[22m[39m[31m[1m^[22m[39m[31m[1m
^[22m[39m[31m[1m^[22m[39m[31m[1m^[22
m[39m[31m[1m^[22m[39m[31m[1m^[22m[39
m[31m[1m^[22m[39m[31m[1m^[22m[39m[31
m[1m^[22m[39m[31m[1m^[22m[39m[31m[1m
^[22m[39m[31m[1m^[22m[39m[31m[1m^[22
m[39m[31m[1m^[22m[39m
 [90m 7 |[39m
 [90m 8 |[39m [36mexport[39m [36masync[
39m [36mfunction[39m [33mGET[39m(
 [90m 9 |[39m     req[33m:[39m [33mReque
st[39m[33m,[39m[0m



Import trace:
  App Route:
    ./src/app/api/reporting/[orgSlug]/iso-pdf
/route.ts
    ./prisma/generated/tenant-client/index.js
    ./src/shared/lib/db.ts
    ./src/app/api/emissions/import/route.ts

https://nextjs.org/docs/messages/module-not-f
ound


./src/app/api/reporting/[orgSlug]/cbam-xml/ro
ute.ts:6:1
Module not found: Can't resolve '../../../../
features/reporting/xml-exporter'
[0m [90m 4 |[39m [36mimport[39m { getTen
antDb } [36mfrom[39m [32m"../../../../shar
ed/lib/db"[39m[33m;[39m
 [90m 5 |[39m [36mimport[39m { summarizeE
missions } [36mfrom[39m [32m"../../../../f
eatures/emissions/calculation-engine"[39m[3
3m;[39m
[31m[1m>[22m[39m[90m 6 |[39m [36mimpor
t[39m { generateCBAMXml } [36mfrom[39m [3
2m"../../../../features/reporting/xml-exporte
r"[39m[33m;[39m
 [90m   |[39m [31m[1m^[22m[39m[31m[1m
^[22m[39m[31m[1m^[22m[39m[31m[1m^[22
m[39m[31m[1m^[22m[39m[31m[1m^[22m[39
m[31m[1m^[22m[39m[31m[1m^[22m[39m[31
m[1m^[22m[39m[31m[1m^[22m[39m[31m[1m
^[22m[39m[31m[1m^[22m[39m[31m[1m^[22
m[39m[31m[1m^[22m[39m[31m[1m^[22m[39
m[31m[1m^[22m[39m[31m[1m^[22m[39m[31
m[1m^[22m[39m[31m[1m^[22m[39m[31m[1m
^[22m[39m[31m[1m^[22m[39m[31m[1m^[22
m[39m[31m[1m^[22m[39m[31m[1m^[22m[39
m[31m[1m^[22m[39m[31m[1m^[22m[39m[31
m[1m^[22m[39m[31m[1m^[22m[39m[31m[1m
^[22m[39m[31m[1m^[22m[39m[31m[1m^[22
m[39m[31m[1m^[22m[39m[31m[1m^[22m[39
m[31m[1m^[22m[39m[31m[1m^[22m[39m[31
m[1m^[22m[39m[31m[1m^[22m[39m[31m[1m
^[22m[39m[31m[1m^[22m[39m[31m[1m^[22
m[39m[31m[1m^[22m[39m[31m[1m^[22m[39
m[31m[1m^[22m[39m[31m[1m^[22m[39m[31
m[1m^[22m[39m[31m[1m^[22m[39m[31m[1m
^[22m[39m[31m[1m^[22m[39m[31m[1m^[22
m[39m[31m[1m^[22m[39m[31m[1m^[22m[39
m[31m[1m^[22m[39m[31m[1m^[22m[39m[31
m[1m^[22m[39m[31m[1m^[22m[39m[31m[1m
^[22m[39m[31m[1m^[22m[39m[31m[1m^[22
m[39m[31m[1m^[22m[39m[31m[1m^[22m[39
m[31m[1m^[22m[39m[31m[1m^[22m[39m[31
m[1m^[22m[39m[31m[1m^[22m[39m[31m[1m
^[22m[39m[31m[1m^[22m[39m[31m[1m^[22
m[39m[31m[1m^[22m[39m[31m[1m^[22m[39
m[31m[1m^[22m[39m[31m[1m^[22m[39m[31
m[1m^[22m[39m[31m[1m^[22m[39m[31m[1m
^[22m[39m[31m[1m^[22m[39m[31m[1m^[22
m[39m[31m[1m^[22m[39m[31m[1m^[22m[39
m
 [90m 7 |[39m
 [90m 8 |[39m [36mexport[39m [36masync[
39m [36mfunction[39m [33mGET[39m(
 [90m 9 |[39m     req[33m:[39m [33mReque
st[39m[33m,[39m[0m



Import trace:
  App Route:
    ./src/app/api/reporting/[orgSlug]/cbam-xm
l/route.ts
    ./prisma/generated/tenant-client/index.js
    ./src/shared/lib/db.ts
    ./src/app/api/emissions/import/route.ts

https://nextjs.org/docs/messages/module-not-f
ound


./src/app/api/reporting/[orgSlug]/cbam-xml/ro
ute.ts:2:1
Module not found: Can't resolve '../../../../
shared/lib/auth'
[0m [90m 1 |[39m [36mimport[39m { [33mN
extResponse[39m } [36mfrom[39m [32m"next/
server"[39m[33m;[39m
[31m[1m>[22m[39m[90m 2 |[39m [36mimpor
t[39m { auth } [36mfrom[39m [32m"../../..
/../shared/lib/auth"[39m[33m;[39m
 [90m   |[39m [31m[1m^[22m[39m[31m[1m
^[22m[39m[31m[1m^[22m[39m[31m[1m^[22
m[39m[31m[1m^[22m[39m[31m[1m^[22m[39
m[31m[1m^[22m[39m[31m[1m^[22m[39m[31
m[1m^[22m[39m[31m[1m^[22m[39m[31m[1m
^[22m[39m[31m[1m^[22m[39m[31m[1m^[22
m[39m[31m[1m^[22m[39m[31m[1m^[22m[39
m[31m[1m^[22m[39m[31m[1m^[22m[39m[31
m[1m^[22m[39m[31m[1m^[22m[39m[31m[1m
^[22m[39m[31m[1m^[22m[39m[31m[1m^[22
m[39m[31m[1m^[22m[39m[31m[1m^[22m[39
m[31m[1m^[22m[39m[31m[1m^[22m[39m[31
m[1m^[22m[39m[31m[1m^[22m[39m[31m[1m
^[22m[39m[31m[1m^[22m[39m[31m[1m^[22
m[39m[31m[1m^[22m[39m[31m[1m^[22m[39
m[31m[1m^[22m[39m[31m[1m^[22m[39m[31
m[1m^[22m[39m[31m[1m^[22m[39m[31m[1m
^[22m[39m[31m[1m^[22m[39m[31m[1m^[22
m[39m[31m[1m^[22m[39m[31m[1m^[22m[39
m[31m[1m^[22m[39m[31m[1m^[22m[39m[31
m[1m^[22m[39m[31m[1m^[22m[39m[31m[1m
^[22m[39m[31m[1m^[22m[39m[31m[1m^[22
m[39m[31m[1m^[22m[39m[31m[1m^[22m[39
m
 [90m 3 |[39m [36mimport[39m { getOrganiz
ationBySlug } [36mfrom[39m [32m"../../../.
./features/organizations/services"[39m[33m;
[39m
 [90m 4 |[39m [36mimport[39m { getTenantD
b } [36mfrom[39m [32m"../../../../shared/l
ib/db"[39m[33m;[39m
 [90m 5 |[39m [36mimport[39m { summarizeE
missions } [36mfrom[39m [32m"../../../../f
eatures/emissions/calculation-engine"[39m[3
3m;[39m[0m



Import trace:
  App Route:
    ./src/app/api/reporting/[orgSlug]/cbam-xm
l/route.ts
    ./prisma/generated/tenant-client/index.js
    ./src/shared/lib/db.ts
    ./src/app/api/emissions/import/route.ts

https://nextjs.org/docs/messages/module-not-f
ound


./src/app/api/reporting/[orgSlug]/iso-pdf/rou
te.ts:2:1
Module not found: Can't resolve '../../../../
shared/lib/auth'
[0m [90m 1 |[39m [36mimport[39m { [33mN
extResponse[39m } [36mfrom[39m [32m"next/
server"[39m[33m;[39m
[31m[1m>[22m[39m[90m 2 |[39m [36mimpor
t[39m { auth } [36mfrom[39m [32m"../../..
/../shared/lib/auth"[39m[33m;[39m
 [90m   |[39m [31m[1m^[22m[39m[31m[1m
^[22m[39m[31m[1m^[22m[39m[31m[1m^[22
m[39m[31m[1m^[22m[39m[31m[1m^[22m[39
m[31m[1m^[22m[39m[31m[1m^[22m[39m[31
m[1m^[22m[39m[31m[1m^[22m[39m[31m[1m
^[22m[39m[31m[1m^[22m[39m[31m[1m^[22
m[39m[31m[1m^[22m[39m[31m[1m^[22m[39
m[31m[1m^[22m[39m[31m[1m^[22m[39m[31
m[1m^[22m[39m[31m[1m^[22m[39m[31m[1m
^[22m[39m[31m[1m^[22m[39m[31m[1m^[22
m[39m[31m[1m^[22m[39m[31m[1m^[22m[39
m[31m[1m^[22m[39m[31m[1m^[22m[39m[31
m[1m^[22m[39m[31m[1m^[22m[39m[31m[1m
^[22m[39m[31m[1m^[22m[39m[31m[1m^[22
m[39m[31m[1m^[22m[39m[31m[1m^[22m[39
m[31m[1m^[22m[39m[31m[1m^[22m[39m[31
m[1m^[22m[39m[31m[1m^[22m[39m[31m[1m
^[22m[39m[31m[1m^[22m[39m[31m[1m^[22
m[39m[31m[1m^[22m[39m[31m[1m^[22m[39
m[31m[1m^[22m[39m[31m[1m^[22m[39m[31
m[1m^[22m[39m[31m[1m^[22m[39m[31m[1m
^[22m[39m[31m[1m^[22m[39m[31m[1m^[22
m[39m[31m[1m^[22m[39m[31m[1m^[22m[39
m
 [90m 3 |[39m [36mimport[39m { getOrganiz
ationBySlug } [36mfrom[39m [32m"../../../.
./features/organizations/services"[39m[33m;
[39m
 [90m 4 |[39m [36mimport[39m { getTenantD
b } [36mfrom[39m [32m"../../../../shared/l
ib/db"[39m[33m;[39m
 [90m 5 |[39m [36mimport[39m { summarizeE
missions } [36mfrom[39m [32m"../../../../f
eatures/emissions/calculation-engine"[39m[3
3m;[39m[0m



Import trace:
  App Route:
    ./src/app/api/reporting/[orgSlug]/iso-pdf
/route.ts
    ./prisma/generated/tenant-client/index.js
    ./src/shared/lib/db.ts
    ./src/app/api/emissions/import/route.ts

https://nextjs.org/docs/messages/module-not-f
ound


./src/app/api/reporting/[orgSlug]/cbam-xml/ro
ute.ts:4:1
Module not found: Can't resolve '../../../../
shared/lib/db'
[0m [90m 2 |[39m [36mimport[39m { auth }
 [36mfrom[39m [32m"../../../../shared/lib/
auth"[39m[33m;[39m
 [90m 3 |[39m [36mimport[39m { getOrganiz
ationBySlug } [36mfrom[39m [32m"../../../.
./features/organizations/services"[39m[33m;
[39m
[31m[1m>[22m[39m[90m 4 |[39m [36mimpor
t[39m { getTenantDb } [36mfrom[39m [32m".
./../../../shared/lib/db"[39m[33m;[39m
 [90m   |[39m [31m[1m^[22m[39m[31m[1m
^[22m[39m[31m[1m^[22m[39m[31m[1m^[22
m[39m[31m[1m^[22m[39m[31m[1m^[22m[39
m[31m[1m^[22m[39m[31m[1m^[22m[39m[31
m[1m^[22m[39m[31m[1m^[22m[39m[31m[1m
^[22m[39m[31m[1m^[22m[39m[31m[1m^[22
m[39m[31m[1m^[22m[39m[31m[1m^[22m[39
m[31m[1m^[22m[39m[31m[1m^[22m[39m[31
m[1m^[22m[39m[31m[1m^[22m[39m[31m[1m
^[22m[39m[31m[1m^[22m[39m[31m[1m^[22
m[39m[31m[1m^[22m[39m[31m[1m^[22m[39
m[31m[1m^[22m[39m[31m[1m^[22m[39m[31
m[1m^[22m[39m[31m[1m^[22m[39m[31m[1m
^[22m[39m[31m[1m^[22m[39m[31m[1m^[22
m[39m[31m[1m^[22m[39m[31m[1m^[22m[39
m[31m[1m^[22m[39m[31m[1m^[22m[39m[31
m[1m^[22m[39m[31m[1m^[22m[39m[31m[1m
^[22m[39m[31m[1m^[22m[39m[31m[1m^[22
m[39m[31m[1m^[22m[39m[31m[1m^[22m[39
m[31m[1m^[22m[39m[31m[1m^[22m[39m[31
m[1m^[22m[39m[31m[1m^[22m[39m[31m[1m
^[22m[39m[31m[1m^[22m[39m[31m[1m^[22
m[39m[31m[1m^[22m[39m[31m[1m^[22m[39
m[31m[1m^[22m[39m[31m[1m^[22m[39m[31
m[1m^[22m[39m[31m[1m^[22m[39m[31m[1m
^[22m[39m
 [90m 5 |[39m [36mimport[39m { summarizeE
missions } [36mfrom[39m [32m"../../../../f
eatures/emissions/calculation-engine"[39m[3
3m;[39m
 [90m 6 |[39m [36mimport[39m { generateCB
AMXml } [36mfrom[39m [32m"../../../../feat
ures/reporting/xml-exporter"[39m[33m;[39m
 [90m 7 |[39m[0m



Import trace:
  App Route:
    ./src/app/api/reporting/[orgSlug]/cbam-xm
l/route.ts
    ./prisma/generated/tenant-client/index.js
    ./src/shared/lib/db.ts
    ./src/app/api/emissions/import/route.ts

https://nextjs.org/docs/messages/module-not-f
ound


./src/app/api/reporting/[orgSlug]/iso-pdf/rou
te.ts:4:1
Module not found: Can't resolve '../../../../
shared/lib/db'
[0m [90m 2 |[39m [36mimport[39m { auth }
 [36mfrom[39m [32m"../../../../shared/lib/
auth"[39m[33m;[39m
 [90m 3 |[39m [36mimport[39m { getOrganiz
ationBySlug } [36mfrom[39m [32m"../../../.
./features/organizations/services"[39m[33m;
[39m
[31m[1m>[22m[39m[90m 4 |[39m [36mimpor
t[39m { getTenantDb } [36mfrom[39m [32m".
./../../../shared/lib/db"[39m[33m;[39m
 [90m   |[39m [31m[1m^[22m[39m[31m[1m
^[22m[39m[31m[1m^[22m[39m[31m[1m^[22
m[39m[31m[1m^[22m[39m[31m[1m^[22m[39
m[31m[1m^[22m[39m[31m[1m^[22m[39m[31
m[1m^[22m[39m[31m[1m^[22m[39m[31m[1m
^[22m[39m[31m[1m^[22m[39m[31m[1m^[22
m[39m[31m[1m^[22m[39m[31m[1m^[22m[39
m[31m[1m^[22m[39m[31m[1m^[22m[39m[31
m[1m^[22m[39m[31m[1m^[22m[39m[31m[1m
^[22m[39m[31m[1m^[22m[39m[31m[1m^[22
m[39m[31m[1m^[22m[39m[31m[1m^[22m[39
m[31m[1m^[22m[39m[31m[1m^[22m[39m[31
m[1m^[22m[39m[31m[1m^[22m[39m[31m[1m
^[22m[39m[31m[1m^[22m[39m[31m[1m^[22
m[39m[31m[1m^[22m[39m[31m[1m^[22m[39
m[31m[1m^[22m[39m[31m[1m^[22m[39m[31
m[1m^[22m[39m[31m[1m^[22m[39m[31m[1m
^[22m[39m[31m[1m^[22m[39m[31m[1m^[22
m[39m[31m[1m^[22m[39m[31m[1m^[22m[39
m[31m[1m^[22m[39m[31m[1m^[22m[39m[31
m[1m^[22m[39m[31m[1m^[22m[39m[31m[1m
^[22m[39m[31m[1m^[22m[39m[31m[1m^[22
m[39m[31m[1m^[22m[39m[31m[1m^[22m[39
m[31m[1m^[22m[39m[31m[1m^[22m[39m[31
m[1m^[22m[39m[31m[1m^[22m[39m[31m[1m
^[22m[39m
 [90m 5 |[39m [36mimport[39m { summarizeE
missions } [36mfrom[39m [32m"../../../../f
eatures/emissions/calculation-engine"[39m[3
3m;[39m
 [90m 6 |[39m [36mimport[39m { generateIS
O14064Report } [36mfrom[39m [32m"../../../
../features/reporting/pdf-generator"[39m[33
m;[39m
 [90m 7 |[39m[0m



Import trace:
  App Route:
    ./src/app/api/reporting/[orgSlug]/iso-pdf
/route.ts
    ./prisma/generated/tenant-client/index.js
    ./src/shared/lib/db.ts
    ./src/app/api/emissions/import/route.ts

https://nextjs.org/docs/messages/module-not-f
ound


./src/shared/lib/auth.ts:3:1
Module not found: Can't resolve '../../prisma
/generated/central-client'
[0m [90m 1 |[39m [36mimport[39m [33mNex
tAuth[39m [36mfrom[39m [32m"next-auth"[3
9m[33m;[39m
 [90m 2 |[39m [36mimport[39m { [33mPrism
aAdapter[39m } [36mfrom[39m [32m"@auth/pr
isma-adapter"[39m[33m;[39m
[31m[1m>[22m[39m[90m 3 |[39m [36mimpor
t[39m { [33mPrismaClient[39m } [36mfrom[
39m [32m"../../prisma/generated/central-clie
nt"[39m[33m;[39m
 [90m   |[39m [31m[1m^[22m[39m[31m[1m
^[22m[39m[31m[1m^[22m[39m[31m[1m^[22
m[39m[31m[1m^[22m[39m[31m[1m^[22m[39
m[31m[1m^[22m[39m[31m[1m^[22m[39m[31
m[1m^[22m[39m[31m[1m^[22m[39m[31m[1m
^[22m[39m[31m[1m^[22m[39m[31m[1m^[22
m[39m[31m[1m^[22m[39m[31m[1m^[22m[39
m[31m[1m^[22m[39m[31m[1m^[22m[39m[31
m[1m^[22m[39m[31m[1m^[22m[39m[31m[1m
^[22m[39m[31m[1m^[22m[39m[31m[1m^[22
m[39m[31m[1m^[22m[39m[31m[1m^[22m[39
m[31m[1m^[22m[39m[31m[1m^[22m[39m[31
m[1m^[22m[39m[31m[1m^[22m[39m[31m[1m
^[22m[39m[31m[1m^[22m[39m[31m[1m^[22
m[39m[31m[1m^[22m[39m[31m[1m^[22m[39
m[31m[1m^[22m[39m[31m[1m^[22m[39m[31
m[1m^[22m[39m[31m[1m^[22m[39m[31m[1m
^[22m[39m[31m[1m^[22m[39m[31m[1m^[22
m[39m[31m[1m^[22m[39m[31m[1m^[22m[39
m[31m[1m^[22m[39m[31m[1m^[22m[39m[31
m[1m^[22m[39m[31m[1m^[22m[39m[31m[1m
^[22m[39m[31m[1m^[22m[39m[31m[1m^[22
m[39m[31m[1m^[22m[39m[31m[1m^[22m[39
m[31m[1m^[22m[39m[31m[1m^[22m[39m[31
m[1m^[22m[39m[31m[1m^[22m[39m[31m[1m
^[22m[39m[31m[1m^[22m[39m[31m[1m^[22
m[39m[31m[1m^[22m[39m[31m[1m^[22m[39
m[31m[1m^[22m[39m[31m[1m^[22m[39m[31
m[1m^[22m[39m[31m[1m^[22m[39m[31m[1m
^[22m[39m[31m[1m^[22m[39m[31m[1m^[22
m[39m[31m[1m^[22m[39m[31m[1m^[22m[39
m
 [90m 4 |[39m
 [90m 5 |[39m [36mconst[39m prisma [33m=
[39m [36mnew[39m [33mPrismaClient[39m()
[33m;[39m
 [90m 6 |[39m[0m



Import traces:
  #1 [App Route]:
    ./src/shared/lib/auth.ts
    ./src/app/api/emissions/import/route.ts

  #2 [Edge Middleware]:
    ./src/shared/lib/auth.ts
    ./src/middleware.ts

  #3 [App Route]:
    ./src/shared/lib/auth.ts
    ./prisma/generated/tenant-client/index.js
    ./src/shared/lib/db.ts
    ./src/app/api/emissions/import/route.ts

https://nextjs.org/docs/messages/module-not-f
ound


    at <unknown> (./prisma/generated/central-
client/runtime/wasm-engine-edge.js:16:14435)
    at <unknown> (./prisma/generated/tenant-c
lient/runtime/wasm-engine-edge.js:16:14435)
    at <unknown> (./src/app/api/reporting/[or
gSlug]/cbam-xml/route.ts:5:1)
    at <unknown> (https://nextjs.org/docs/mes
sages/module-not-found)
    at <unknown> (./src/app/api/reporting/[or
gSlug]/iso-pdf/route.ts:5:1)
    at <unknown> (https://nextjs.org/docs/mes
sages/module-not-found)
    at <unknown> (./src/app/api/reporting/[or
gSlug]/cbam-xml/route.ts:3:1)
    at <unknown> (https://nextjs.org/docs/mes
sages/module-not-found)
    at <unknown> (./src/app/api/reporting/[or
gSlug]/iso-pdf/route.ts:3:1)
    at <unknown> (https://nextjs.org/docs/mes
sages/module-not-found)
    at <unknown> (./src/app/api/reporting/[or
gSlug]/iso-pdf/route.ts:6:1)
    at <unknown> (https://nextjs.org/docs/mes
sages/module-not-found)
    at <unknown> (./src/app/api/reporting/[or
gSlug]/cbam-xml/route.ts:6:1)
    at <unknown> (https://nextjs.org/docs/mes
sages/module-not-found)
    at <unknown> (./src/app/api/reporting/[or
gSlug]/cbam-xml/route.ts:2:1)
    at <unknown> (https://nextjs.org/docs/mes
sages/module-not-found)
    at <unknown> (./src/app/api/reporting/[or
gSlug]/iso-pdf/route.ts:2:1)
    at <unknown> (https://nextjs.org/docs/mes
sages/module-not-found)
    at <unknown> (./src/app/api/reporting/[or
gSlug]/cbam-xml/route.ts:4:1)
    at <unknown> (https://nextjs.org/docs/mes
sages/module-not-found)
    at <unknown> (./src/app/api/reporting/[or
gSlug]/iso-pdf/route.ts:4:1)
    at <unknown> (https://nextjs.org/docs/mes
sages/module-not-found)
    at <unknown> (./src/shared/lib/auth.ts:3:
1)
    at <unknown> (https://nextjs.org/docs/mes
sages/module-not-found)
